[0.007s][info][gc] Using Concurrent Mark Sweep
[0.007s][info][gc,heap,coops] Heap address: 0x0000000700000000, size: 4096 MB, Compressed Oops mode: Zero based, Oop shift amount: 3
[0.043s][info][safepoint    ] Entering safepoint region: EnableBiasedLocking
[0.043s][info][safepoint    ] Leaving safepoint region
[0.043s][info][safepoint    ] Total time for which application threads were stopped: 0.0001271 seconds, Stopping threads took: 0.0000605 seconds
[0.046s][info][safepoint    ] Application time: 0.0025776 seconds
[0.046s][info][safepoint    ] Entering safepoint region: RevokeBias
[0.046s][info][safepoint    ] Leaving safepoint region
[0.046s][info][safepoint    ] Total time for which application threads were stopped: 0.0000725 seconds, Stopping threads took: 0.0000240 seconds
[0.120s][info][safepoint    ] Application time: 0.0735059 seconds
[0.120s][info][safepoint    ] Entering safepoint region: Deoptimize
[0.120s][info][safepoint    ] Leaving safepoint region
[0.120s][info][safepoint    ] Total time for which application threads were stopped: 0.0000650 seconds, Stopping threads took: 0.0000067 seconds
[1.120s][info][safepoint    ] Application time: 1.0001028 seconds
[1.120s][info][safepoint    ] Entering safepoint region: Cleanup
[1.120s][info][safepoint    ] Leaving safepoint region
[1.120s][info][safepoint    ] Total time for which application threads were stopped: 0.0001368 seconds, Stopping threads took: 0.0000108 seconds
[1.294s][info][safepoint    ] Application time: 0.1739726 seconds
[1.294s][info][safepoint    ] Entering safepoint region: Deoptimize
[1.294s][info][safepoint    ] Leaving safepoint region
[1.294s][info][safepoint    ] Total time for which application threads were stopped: 0.0001476 seconds, Stopping threads took: 0.0000072 seconds
[1.330s][info][safepoint    ] Application time: 0.0353623 seconds
[1.330s][info][safepoint    ] Entering safepoint region: Deoptimize
[1.330s][info][safepoint    ] Leaving safepoint region
[1.330s][info][safepoint    ] Total time for which application threads were stopped: 0.0001424 seconds, Stopping threads took: 0.0000066 seconds
[1.372s][info][safepoint    ] Application time: 0.0421005 seconds
[1.372s][info][safepoint    ] Entering safepoint region: Deoptimize
[1.372s][info][safepoint    ] Leaving safepoint region
[1.372s][info][safepoint    ] Total time for which application threads were stopped: 0.0001521 seconds, Stopping threads took: 0.0000067 seconds
[2.276s][info][safepoint    ] Application time: 0.9041031 seconds
[2.276s][info][safepoint    ] Entering safepoint region: Deoptimize
[2.277s][info][safepoint    ] Leaving safepoint region
[2.277s][info][safepoint    ] Total time for which application threads were stopped: 0.0001969 seconds, Stopping threads took: 0.0000064 seconds
[2.412s][info][safepoint    ] Application time: 0.1352934 seconds
[2.412s][info][safepoint    ] Entering safepoint region: Deoptimize
[2.412s][info][safepoint    ] Leaving safepoint region
[2.412s][info][safepoint    ] Total time for which application threads were stopped: 0.0002756 seconds, Stopping threads took: 0.0000070 seconds
[2.648s][info][safepoint    ] Application time: 0.2363005 seconds
[2.648s][info][safepoint    ] Entering safepoint region: ICBufferFull
[2.649s][info][safepoint    ] Leaving safepoint region
[2.649s][info][safepoint    ] Total time for which application threads were stopped: 0.0001415 seconds, Stopping threads took: 0.0000073 seconds
[2.762s][info][safepoint    ] Application time: 0.1133102 seconds
[2.762s][info][safepoint    ] Entering safepoint region: Deoptimize
[2.762s][info][safepoint    ] Leaving safepoint region
[2.762s][info][safepoint    ] Total time for which application threads were stopped: 0.0003665 seconds, Stopping threads took: 0.0000069 seconds
[2.769s][info][safepoint    ] Application time: 0.0065457 seconds
[2.769s][info][safepoint    ] Entering safepoint region: Deoptimize
[2.769s][info][safepoint    ] Leaving safepoint region
[2.769s][info][safepoint    ] Total time for which application threads were stopped: 0.0002407 seconds, Stopping threads took: 0.0000072 seconds
[2.881s][info][safepoint    ] Application time: 0.1119958 seconds
[2.881s][info][safepoint    ] Entering safepoint region: Deoptimize
[2.882s][info][safepoint    ] Leaving safepoint region
[2.882s][info][safepoint    ] Total time for which application threads were stopped: 0.0003283 seconds, Stopping threads took: 0.0000067 seconds
[3.237s][info][safepoint    ] Application time: 0.3551087 seconds
[3.237s][info][safepoint    ] Entering safepoint region: Deoptimize
[3.237s][info][safepoint    ] Leaving safepoint region
[3.237s][info][safepoint    ] Total time for which application threads were stopped: 0.0004024 seconds, Stopping threads took: 0.0000069 seconds
[3.318s][info][safepoint    ] Application time: 0.0812025 seconds
[3.318s][info][safepoint    ] Entering safepoint region: CollectForMetadataAllocation
[3.318s][info][safepoint    ] Leaving safepoint region
[3.318s][info][safepoint    ] Total time for which application threads were stopped: 0.0001568 seconds, Stopping threads took: 0.0000064 seconds
[3.380s][info][safepoint    ] Application time: 0.0616818 seconds
[3.380s][info][safepoint    ] Entering safepoint region: GenCollectForAllocation
[3.380s][info][gc,start     ] GC(0) Pause Young (Allocation Failure)
[3.381s][info][gc,task      ] GC(0) Using 4 workers of 4 for evacuation
[3.429s][debug][gc,ref       ] GC(0) Skipped phase1 of Reference Processing due to unavailable references
[3.429s][debug][gc,ref       ] GC(0) Skipped phase3 of Reference Processing due to unavailable references
[3.430s][debug][gc,age       ] GC(0) Desired survivor size 15368192 bytes, new threshold 1 (max threshold 6)
[3.430s][info ][gc,heap      ] GC(0) ParNew: 240320K->30014K(270336K)
[3.430s][info ][gc,heap      ] GC(0) CMS: 0K->2526K(600768K)
[3.430s][info ][gc,metaspace ] GC(0) Metaspace: 20579K->20579K(1069056K)
[3.430s][info ][gc           ] GC(0) Pause Young (Allocation Failure) 234M->31M(850M) 49.379ms
[3.430s][info ][gc,cpu       ] GC(0) User=0.12s Sys=0.07s Real=0.05s
[3.430s][info ][safepoint    ] Leaving safepoint region
[3.430s][info ][safepoint    ] Total time for which application threads were stopped: 0.0494982 seconds, Stopping threads took: 0.0000073 seconds
[3.430s][info ][safepoint    ] Application time: 0.0001254 seconds
[3.430s][info ][safepoint    ] Entering safepoint region: CMS_Initial_Mark
[3.430s][info ][gc,start     ] GC(1) Pause Initial Mark
[3.437s][info ][gc           ] GC(1) Pause Initial Mark 36M->36M(850M) 7.270ms
[3.437s][info ][gc,cpu       ] GC(1) User=0.02s Sys=0.00s Real=0.01s
[3.437s][info ][safepoint    ] Leaving safepoint region
[3.437s][info ][safepoint    ] Total time for which application threads were stopped: 0.0074145 seconds, Stopping threads took: 0.0000671 seconds
[3.437s][info ][gc           ] GC(1) Concurrent Mark
[3.438s][info ][safepoint    ] Application time: 0.0011317 seconds
[3.438s][info ][safepoint    ] Entering safepoint region: RevokeBias
[3.438s][info ][safepoint    ] Leaving safepoint region
[3.438s][info ][safepoint    ] Total time for which application threads were stopped: 0.0001266 seconds, Stopping threads took: 0.0000602 seconds
[3.439s][info ][safepoint    ] Application time: 0.0001154 seconds
[3.439s][info ][safepoint    ] Entering safepoint region: RevokeBias
[3.439s][info ][safepoint    ] Leaving safepoint region
[3.439s][info ][safepoint    ] Total time for which application threads were stopped: 0.0000645 seconds, Stopping threads took: 0.0000246 seconds
[3.439s][info ][safepoint    ] Application time: 0.0000549 seconds
[3.439s][info ][safepoint    ] Entering safepoint region: RevokeBias
[3.439s][info ][safepoint    ] Leaving safepoint region
[3.439s][info ][safepoint    ] Total time for which application threads were stopped: 0.0001172 seconds, Stopping threads took: 0.0000710 seconds
[3.461s][info ][gc           ] GC(1) Concurrent Mark 23.820ms
[3.461s][info ][gc,cpu       ] GC(1) User=0.08s Sys=0.00s Real=0.02s
[3.461s][info ][gc           ] GC(1) Concurrent Preclean
[3.461s][debug][gc,ref       ] GC(1) Preclean SoftReferences 0.001ms
[3.461s][debug][gc,ref       ] GC(1) Preclean WeakReferences 0.000ms
[3.461s][debug][gc,ref       ] GC(1) Preclean FinalReferences 0.000ms
[3.461s][debug][gc,ref       ] GC(1) Preclean PhantomReferences 0.000ms
[3.463s][info ][gc           ] GC(1) Concurrent Preclean 1.421ms
[3.463s][info ][gc,cpu       ] GC(1) User=0.01s Sys=0.00s Real=0.01s
[3.463s][info ][gc           ] GC(1) Concurrent Abortable Preclean
[3.488s][info ][safepoint    ] Application time: 0.0495187 seconds
[3.488s][info ][safepoint    ] Entering safepoint region: CollectForMetadataAllocation
[3.489s][info ][safepoint    ] Leaving safepoint region
[3.489s][info ][safepoint    ] Total time for which application threads were stopped: 0.0001096 seconds, Stopping threads took: 0.0000070 seconds
[3.502s][info ][safepoint    ] Application time: 0.0138792 seconds
[3.502s][info ][safepoint    ] Entering safepoint region: CollectForMetadataAllocation
[3.503s][info ][safepoint    ] Leaving safepoint region
[3.503s][info ][safepoint    ] Total time for which application threads were stopped: 0.0000742 seconds, Stopping threads took: 0.0000069 seconds
[3.528s][info ][safepoint    ] Application time: 0.0250276 seconds
[3.528s][info ][safepoint    ] Entering safepoint region: CollectForMetadataAllocation
[3.528s][info ][safepoint    ] Leaving safepoint region
[3.528s][info ][safepoint    ] Total time for which application threads were stopped: 0.0001424 seconds, Stopping threads took: 0.0000251 seconds
[3.555s][info ][safepoint    ] Application time: 0.0269239 seconds
[3.555s][info ][safepoint    ] Entering safepoint region: CollectForMetadataAllocation
[3.555s][info ][safepoint    ] Leaving safepoint region
[3.555s][info ][safepoint    ] Total time for which application threads were stopped: 0.0001480 seconds, Stopping threads took: 0.0000491 seconds
[3.562s][info ][safepoint    ] Application time: 0.0074906 seconds
[3.562s][info ][safepoint    ] Entering safepoint region: RevokeBias
[3.562s][info ][safepoint    ] Leaving safepoint region
[3.562s][info ][safepoint    ] Total time for which application threads were stopped: 0.0001274 seconds, Stopping threads took: 0.0000529 seconds
[3.563s][info ][safepoint    ] Application time: 0.0001742 seconds
[3.563s][info ][safepoint    ] Entering safepoint region: RevokeBias
[3.563s][info ][safepoint    ] Leaving safepoint region
[3.563s][info ][safepoint    ] Total time for which application threads were stopped: 0.0001360 seconds, Stopping threads took: 0.0001045 seconds
[3.563s][info ][safepoint    ] Application time: 0.0001448 seconds
[3.563s][info ][safepoint    ] Entering safepoint region: RevokeBias
[3.563s][info ][safepoint    ] Leaving safepoint region
[3.563s][info ][safepoint    ] Total time for which application threads were stopped: 0.0000842 seconds, Stopping threads took: 0.0000544 seconds
[3.563s][info ][safepoint    ] Application time: 0.0003779 seconds
[3.563s][info ][safepoint    ] Entering safepoint region: RevokeBias
[3.564s][info ][safepoint    ] Leaving safepoint region
[3.564s][info ][safepoint    ] Total time for which application threads were stopped: 0.0001142 seconds, Stopping threads took: 0.0000341 seconds
[3.564s][info ][safepoint    ] Application time: 0.0000874 seconds
[3.564s][info ][safepoint    ] Entering safepoint region: RevokeBias
[3.564s][info ][safepoint    ] Leaving safepoint region
[3.564s][info ][safepoint    ] Total time for which application threads were stopped: 0.0001308 seconds, Stopping threads took: 0.0000719 seconds
[3.564s][info ][safepoint    ] Application time: 0.0002961 seconds
[3.564s][info ][safepoint    ] Entering safepoint region: RevokeBias
[3.564s][info ][safepoint    ] Leaving safepoint region
[3.564s][info ][safepoint    ] Total time for which application threads were stopped: 0.0001574 seconds, Stopping threads took: 0.0000777 seconds
[3.570s][info ][safepoint    ] Application time: 0.0060732 seconds
[3.570s][info ][safepoint    ] Entering safepoint region: RevokeBias
[3.570s][info ][safepoint    ] Leaving safepoint region
[3.570s][info ][safepoint    ] Total time for which application threads were stopped: 0.0000823 seconds, Stopping threads took: 0.0000080 seconds
[3.571s][info ][safepoint    ] Application time: 0.0006406 seconds
[3.571s][info ][safepoint    ] Entering safepoint region: RevokeBias
[3.571s][info ][safepoint    ] Leaving safepoint region
[3.571s][info ][safepoint    ] Total time for which application threads were stopped: 0.0001149 seconds, Stopping threads took: 0.0000619 seconds
[3.586s][info ][safepoint    ] Application time: 0.0146461 seconds
[3.586s][info ][safepoint    ] Entering safepoint region: RevokeBias
[3.586s][info ][safepoint    ] Leaving safepoint region
[3.586s][info ][safepoint    ] Total time for which application threads were stopped: 0.0001556 seconds, Stopping threads took: 0.0000410 seconds
[3.586s][info ][safepoint    ] Application time: 0.0002142 seconds
[3.586s][info ][safepoint    ] Entering safepoint region: RevokeBias
[3.586s][info ][safepoint    ] Leaving safepoint region
[3.586s][info ][safepoint    ] Total time for which application threads were stopped: 0.0001635 seconds, Stopping threads took: 0.0000864 seconds
[3.587s][info ][safepoint    ] Application time: 0.0001696 seconds
[3.587s][info ][safepoint    ] Entering safepoint region: RevokeBias
[3.587s][info ][safepoint    ] Leaving safepoint region
[3.587s][info ][safepoint    ] Total time for which application threads were stopped: 0.0001526 seconds, Stopping threads took: 0.0000807 seconds
[3.587s][info ][safepoint    ] Application time: 0.0002703 seconds
[3.587s][info ][safepoint    ] Entering safepoint region: RevokeBias
[3.587s][info ][safepoint    ] Leaving safepoint region
[3.587s][info ][safepoint    ] Total time for which application threads were stopped: 0.0002338 seconds, Stopping threads took: 0.0001704 seconds
[3.588s][info ][safepoint    ] Application time: 0.0002699 seconds
[3.590s][info ][safepoint    ] Entering safepoint region: RevokeBias
[3.590s][info ][safepoint    ] Leaving safepoint region
[3.590s][info ][safepoint    ] Total time for which application threads were stopped: 0.0026896 seconds, Stopping threads took: 0.0025772 seconds
[3.591s][info ][safepoint    ] Application time: 0.0001909 seconds
[3.591s][info ][safepoint    ] Entering safepoint region: RevokeBias
[3.591s][info ][safepoint    ] Leaving safepoint region
[3.591s][info ][safepoint    ] Total time for which application threads were stopped: 0.0001883 seconds, Stopping threads took: 0.0000984 seconds
[3.591s][info ][safepoint    ] Application time: 0.0000899 seconds
[3.591s][info ][safepoint    ] Entering safepoint region: RevokeBias
[3.591s][info ][safepoint    ] Leaving safepoint region
[3.591s][info ][safepoint    ] Total time for which application threads were stopped: 0.0001244 seconds, Stopping threads took: 0.0000603 seconds
[3.591s][info ][safepoint    ] Application time: 0.0005191 seconds
[3.592s][info ][safepoint    ] Entering safepoint region: RevokeBias
[3.592s][info ][safepoint    ] Leaving safepoint region
[3.592s][info ][safepoint    ] Total time for which application threads were stopped: 0.0000939 seconds, Stopping threads took: 0.0000462 seconds
[3.592s][info ][safepoint    ] Application time: 0.0000781 seconds
[3.592s][info ][safepoint    ] Entering safepoint region: RevokeBias
[3.592s][info ][safepoint    ] Leaving safepoint region
[3.592s][info ][safepoint    ] Total time for which application threads were stopped: 0.0000812 seconds, Stopping threads took: 0.0000360 seconds
[3.594s][info ][safepoint    ] Application time: 0.0017730 seconds
[3.594s][info ][safepoint    ] Entering safepoint region: CollectForMetadataAllocation
[3.594s][info ][safepoint    ] Leaving safepoint region
[3.594s][info ][safepoint    ] Total time for which application threads were stopped: 0.0001334 seconds, Stopping threads took: 0.0000426 seconds
[3.596s][info ][safepoint    ] Application time: 0.0020493 seconds
[3.596s][info ][safepoint    ] Entering safepoint region: RevokeBias
[3.596s][info ][safepoint    ] Leaving safepoint region
[3.596s][info ][safepoint    ] Total time for which application threads were stopped: 0.0001906 seconds, Stopping threads took: 0.0001475 seconds
[3.597s][info ][safepoint    ] Application time: 0.0013373 seconds
[3.597s][info ][safepoint    ] Entering safepoint region: RevokeBias
[3.598s][info ][safepoint    ] Leaving safepoint region
[3.598s][info ][safepoint    ] Total time for which application threads were stopped: 0.0002746 seconds, Stopping threads took: 0.0002046 seconds
[3.598s][info ][safepoint    ] Application time: 0.0006610 seconds
[3.598s][info ][safepoint    ] Entering safepoint region: RevokeBias
[3.598s][info ][safepoint    ] Leaving safepoint region
[3.598s][info ][safepoint    ] Total time for which application threads were stopped: 0.0000989 seconds, Stopping threads took: 0.0000491 seconds
[3.599s][info ][safepoint    ] Application time: 0.0002942 seconds
[3.599s][info ][safepoint    ] Entering safepoint region: CollectForMetadataAllocation
[3.599s][info ][safepoint    ] Leaving safepoint region
[3.599s][info ][safepoint    ] Total time for which application threads were stopped: 0.0000556 seconds, Stopping threads took: 0.0000167 seconds
[3.599s][info ][safepoint    ] Application time: 0.0002604 seconds
[3.599s][info ][safepoint    ] Entering safepoint region: BulkRevokeBias
[3.599s][info ][safepoint    ] Leaving safepoint region
[3.599s][info ][safepoint    ] Total time for which application threads were stopped: 0.0001572 seconds, Stopping threads took: 0.0000562 seconds
[3.600s][info ][safepoint    ] Application time: 0.0008846 seconds
[3.600s][info ][safepoint    ] Entering safepoint region: RevokeBias
[3.600s][info ][safepoint    ] Leaving safepoint region
[3.600s][info ][safepoint    ] Total time for which application threads were stopped: 0.0001206 seconds, Stopping threads took: 0.0000704 seconds
[3.602s][info ][safepoint    ] Application time: 0.0020079 seconds
[3.602s][info ][safepoint    ] Entering safepoint region: RevokeBias
[3.602s][info ][safepoint    ] Leaving safepoint region
[3.602s][info ][safepoint    ] Total time for which application threads were stopped: 0.0001557 seconds, Stopping threads took: 0.0000866 seconds
[3.604s][info ][safepoint    ] Application time: 0.0014603 seconds
[3.604s][info ][safepoint    ] Entering safepoint region: RevokeBias
[3.604s][info ][safepoint    ] Leaving safepoint region
[3.604s][info ][safepoint    ] Total time for which application threads were stopped: 0.0001128 seconds, Stopping threads took: 0.0000485 seconds
[3.604s][info ][safepoint    ] Application time: 0.0001533 seconds
[3.604s][info ][safepoint    ] Entering safepoint region: RevokeBias
[3.604s][info ][safepoint    ] Leaving safepoint region
[3.604s][info ][safepoint    ] Total time for which application threads were stopped: 0.0000423 seconds, Stopping threads took: 0.0000039 seconds
[3.604s][info ][safepoint    ] Application time: 0.0002279 seconds
[3.604s][info ][safepoint    ] Entering safepoint region: RevokeBias
[3.604s][info ][safepoint    ] Leaving safepoint region
[3.604s][info ][safepoint    ] Total time for which application threads were stopped: 0.0000503 seconds, Stopping threads took: 0.0000044 seconds
[3.606s][info ][safepoint    ] Application time: 0.0019052 seconds
[3.606s][info ][safepoint    ] Entering safepoint region: RevokeBias
[3.606s][info ][safepoint    ] Leaving safepoint region
[3.606s][info ][safepoint    ] Total time for which application threads were stopped: 0.0001131 seconds, Stopping threads took: 0.0000311 seconds
[3.607s][info ][safepoint    ] Application time: 0.0005960 seconds
[3.607s][info ][safepoint    ] Entering safepoint region: RevokeBias
[3.607s][info ][safepoint    ] Leaving safepoint region
[3.607s][info ][safepoint    ] Total time for which application threads were stopped: 0.0000665 seconds, Stopping threads took: 0.0000053 seconds
[3.609s][info ][safepoint    ] Application time: 0.0016570 seconds
[3.609s][info ][safepoint    ] Entering safepoint region: RevokeBias
[3.609s][info ][safepoint    ] Leaving safepoint region
[3.609s][info ][safepoint    ] Total time for which application threads were stopped: 0.0000637 seconds, Stopping threads took: 0.0000053 seconds
[3.609s][info ][safepoint    ] Application time: 0.0004472 seconds
[3.609s][info ][safepoint    ] Entering safepoint region: CollectForMetadataAllocation
[3.609s][info ][safepoint    ] Leaving safepoint region
[3.609s][info ][safepoint    ] Total time for which application threads were stopped: 0.0000722 seconds, Stopping threads took: 0.0000287 seconds
[3.610s][info ][safepoint    ] Application time: 0.0009858 seconds
[3.610s][info ][safepoint    ] Entering safepoint region: RevokeBias
[3.610s][info ][safepoint    ] Leaving safepoint region
[3.610s][info ][safepoint    ] Total time for which application threads were stopped: 0.0000547 seconds, Stopping threads took: 0.0000250 seconds
[3.612s][info ][safepoint    ] Application time: 0.0019854 seconds
[3.612s][info ][safepoint    ] Entering safepoint region: RevokeBias
[3.613s][info ][safepoint    ] Leaving safepoint region
[3.613s][info ][safepoint    ] Total time for which application threads were stopped: 0.0000777 seconds, Stopping threads took: 0.0000067 seconds
[3.614s][info ][safepoint    ] Application time: 0.0016302 seconds
[3.614s][info ][safepoint    ] Entering safepoint region: RevokeBias
[3.614s][info ][safepoint    ] Leaving safepoint region
[3.614s][info ][safepoint    ] Total time for which application threads were stopped: 0.0001650 seconds, Stopping threads took: 0.0001137 seconds
[3.616s][info ][safepoint    ] Application time: 0.0013622 seconds
[3.616s][info ][safepoint    ] Entering safepoint region: RevokeBias
[3.616s][info ][safepoint    ] Leaving safepoint region
[3.616s][info ][safepoint    ] Total time for which application threads were stopped: 0.0000920 seconds, Stopping threads took: 0.0000446 seconds
[3.616s][info ][safepoint    ] Application time: 0.0006284 seconds
[3.616s][info ][safepoint    ] Entering safepoint region: CollectForMetadataAllocation
[3.617s][info ][safepoint    ] Leaving safepoint region
[3.617s][info ][safepoint    ] Total time for which application threads were stopped: 0.0001465 seconds, Stopping threads took: 0.0000566 seconds
[3.617s][info ][safepoint    ] Application time: 0.0001871 seconds
[3.617s][info ][safepoint    ] Entering safepoint region: RevokeBias
[3.617s][info ][safepoint    ] Leaving safepoint region
[3.617s][info ][safepoint    ] Total time for which application threads were stopped: 0.0001646 seconds, Stopping threads took: 0.0001270 seconds
[3.618s][info ][safepoint    ] Application time: 0.0006290 seconds
[3.618s][info ][safepoint    ] Entering safepoint region: RevokeBias
[3.618s][info ][safepoint    ] Leaving safepoint region
[3.618s][info ][safepoint    ] Total time for which application threads were stopped: 0.0000971 seconds, Stopping threads took: 0.0000667 seconds
[3.621s][info ][safepoint    ] Application time: 0.0028925 seconds
[3.621s][info ][safepoint    ] Entering safepoint region: RevokeBias
[3.621s][info ][safepoint    ] Leaving safepoint region
[3.621s][info ][safepoint    ] Total time for which application threads were stopped: 0.0000678 seconds, Stopping threads took: 0.0000083 seconds
[3.622s][info ][safepoint    ] Application time: 0.0012944 seconds
[3.622s][info ][safepoint    ] Entering safepoint region: RevokeBias
[3.622s][info ][safepoint    ] Leaving safepoint region
[3.622s][info ][safepoint    ] Total time for which application threads were stopped: 0.0000980 seconds, Stopping threads took: 0.0000618 seconds
[3.623s][info ][safepoint    ] Application time: 0.0005998 seconds
[3.623s][info ][safepoint    ] Entering safepoint region: RevokeBias
[3.623s][info ][safepoint    ] Leaving safepoint region
[3.623s][info ][safepoint    ] Total time for which application threads were stopped: 0.0003900 seconds, Stopping threads took: 0.0003538 seconds
[3.625s][info ][safepoint    ] Application time: 0.0016507 seconds
[3.625s][info ][safepoint    ] Entering safepoint region: RevokeBias
[3.625s][info ][safepoint    ] Leaving safepoint region
[3.625s][info ][safepoint    ] Total time for which application threads were stopped: 0.0000972 seconds, Stopping threads took: 0.0000519 seconds
[3.626s][info ][safepoint    ] Application time: 0.0008677 seconds
[3.626s][info ][safepoint    ] Entering safepoint region: CollectForMetadataAllocation
[3.626s][info ][safepoint    ] Leaving safepoint region
[3.626s][info ][safepoint    ] Total time for which application threads were stopped: 0.0000890 seconds, Stopping threads took: 0.0000416 seconds
[3.626s][info ][safepoint    ] Application time: 0.0005007 seconds
[3.626s][info ][safepoint    ] Entering safepoint region: RevokeBias
[3.626s][info ][safepoint    ] Leaving safepoint region
[3.626s][info ][safepoint    ] Total time for which application threads were stopped: 0.0000908 seconds, Stopping threads took: 0.0000432 seconds
[3.627s][info ][safepoint    ] Application time: 0.0004013 seconds
[3.627s][info ][safepoint    ] Entering safepoint region: BulkRevokeBias
[3.627s][info ][safepoint    ] Leaving safepoint region
[3.627s][info ][safepoint    ] Total time for which application threads were stopped: 0.0001817 seconds, Stopping threads took: 0.0000300 seconds
[3.638s][info ][safepoint    ] Application time: 0.0106895 seconds
[3.643s][info ][safepoint    ] Entering safepoint region: CollectForMetadataAllocation
[3.643s][info ][safepoint    ] Leaving safepoint region
[3.643s][info ][safepoint    ] Total time for which application threads were stopped: 0.0049618 seconds, Stopping threads took: 0.0048868 seconds
[3.643s][info ][safepoint    ] Application time: 0.0001340 seconds
[3.643s][info ][safepoint    ] Entering safepoint region: CollectForMetadataAllocation
[3.643s][info ][safepoint    ] Leaving safepoint region
[3.643s][info ][safepoint    ] Total time for which application threads were stopped: 0.0001053 seconds, Stopping threads took: 0.0000686 seconds
[3.655s][info ][safepoint    ] Application time: 0.0121968 seconds
[3.655s][info ][safepoint    ] Entering safepoint region: CollectForMetadataAllocation
[3.655s][info ][safepoint    ] Leaving safepoint region
[3.655s][info ][safepoint    ] Total time for which application threads were stopped: 0.0001466 seconds, Stopping threads took: 0.0000512 seconds
[3.661s][info ][safepoint    ] Application time: 0.0059181 seconds
[3.661s][info ][safepoint    ] Entering safepoint region: RevokeBias
[3.661s][info ][safepoint    ] Leaving safepoint region
[3.661s][info ][safepoint    ] Total time for which application threads were stopped: 0.0001592 seconds, Stopping threads took: 0.0000646 seconds
[3.663s][info ][safepoint    ] Application time: 0.0017260 seconds
[3.663s][info ][safepoint    ] Entering safepoint region: RevokeBias
[3.663s][info ][safepoint    ] Leaving safepoint region
[3.663s][info ][safepoint    ] Total time for which application threads were stopped: 0.0000786 seconds, Stopping threads took: 0.0000172 seconds
[3.664s][info ][safepoint    ] Application time: 0.0004912 seconds
[3.664s][info ][safepoint    ] Entering safepoint region: CollectForMetadataAllocation
[3.664s][info ][safepoint    ] Leaving safepoint region
[3.664s][info ][safepoint    ] Total time for which application threads were stopped: 0.0000957 seconds, Stopping threads took: 0.0000398 seconds
[3.666s][info ][safepoint    ] Application time: 0.0019184 seconds
[3.666s][info ][safepoint    ] Entering safepoint region: RevokeBias
[3.666s][info ][safepoint    ] Leaving safepoint region
[3.666s][info ][safepoint    ] Total time for which application threads were stopped: 0.0001273 seconds, Stopping threads took: 0.0000664 seconds
[3.674s][info ][safepoint    ] Application time: 0.0083989 seconds
[3.674s][info ][safepoint    ] Entering safepoint region: CollectForMetadataAllocation
[3.674s][info ][safepoint    ] Leaving safepoint region
[3.674s][info ][safepoint    ] Total time for which application threads were stopped: 0.0001465 seconds, Stopping threads took: 0.0000564 seconds
[3.687s][info ][safepoint    ] Application time: 0.0125666 seconds
[3.687s][info ][safepoint    ] Entering safepoint region: CollectForMetadataAllocation
[3.687s][info ][safepoint    ] Leaving safepoint region
[3.687s][info ][safepoint    ] Total time for which application threads were stopped: 0.0001700 seconds, Stopping threads took: 0.0000745 seconds
[3.691s][info ][safepoint    ] Application time: 0.0036726 seconds
[3.691s][info ][safepoint    ] Entering safepoint region: RevokeBias
[3.691s][info ][safepoint    ] Leaving safepoint region
[3.691s][info ][safepoint    ] Total time for which application threads were stopped: 0.0001536 seconds, Stopping threads took: 0.0000535 seconds
[3.694s][info ][safepoint    ] Application time: 0.0030678 seconds
[3.694s][info ][safepoint    ] Entering safepoint region: RevokeBias
[3.694s][info ][safepoint    ] Leaving safepoint region
[3.694s][info ][safepoint    ] Total time for which application threads were stopped: 0.0001098 seconds, Stopping threads took: 0.0000493 seconds
[3.696s][info ][safepoint    ] Application time: 0.0019798 seconds
[3.696s][info ][safepoint    ] Entering safepoint region: RevokeBias
[3.696s][info ][safepoint    ] Leaving safepoint region
[3.696s][info ][safepoint    ] Total time for which application threads were stopped: 0.0001831 seconds, Stopping threads took: 0.0001003 seconds
[3.697s][info ][safepoint    ] Application time: 0.0005735 seconds
[3.697s][info ][safepoint    ] Entering safepoint region: Deoptimize
[3.697s][info ][safepoint    ] Leaving safepoint region
[3.697s][info ][safepoint    ] Total time for which application threads were stopped: 0.0004077 seconds, Stopping threads took: 0.0000265 seconds
[3.713s][info ][safepoint    ] Application time: 0.0156521 seconds
[3.713s][info ][safepoint    ] Entering safepoint region: CollectForMetadataAllocation
[3.713s][info ][safepoint    ] Leaving safepoint region
[3.713s][info ][safepoint    ] Total time for which application threads were stopped: 0.0001764 seconds, Stopping threads took: 0.0000592 seconds
[3.728s][info ][safepoint    ] Application time: 0.0147122 seconds
[3.728s][info ][safepoint    ] Entering safepoint region: RevokeBias
[3.728s][info ][safepoint    ] Leaving safepoint region
[3.728s][info ][safepoint    ] Total time for which application threads were stopped: 0.0001761 seconds, Stopping threads took: 0.0000768 seconds
[3.731s][info ][safepoint    ] Application time: 0.0027894 seconds
[3.731s][info ][safepoint    ] Entering safepoint region: Deoptimize
[3.731s][info ][safepoint    ] Leaving safepoint region
[3.732s][info ][safepoint    ] Total time for which application threads were stopped: 0.0004459 seconds, Stopping threads took: 0.0000312 seconds
[3.737s][info ][safepoint    ] Application time: 0.0055498 seconds
[3.737s][info ][safepoint    ] Entering safepoint region: RevokeBias
[3.737s][info ][safepoint    ] Leaving safepoint region
[3.737s][info ][safepoint    ] Total time for which application threads were stopped: 0.0002121 seconds, Stopping threads took: 0.0001385 seconds
[3.738s][info ][safepoint    ] Application time: 0.0003362 seconds
[3.738s][info ][safepoint    ] Entering safepoint region: RevokeBias
[3.738s][info ][safepoint    ] Leaving safepoint region
[3.738s][info ][safepoint    ] Total time for which application threads were stopped: 0.0001111 seconds, Stopping threads took: 0.0000419 seconds
[3.738s][info ][safepoint    ] Application time: 0.0003027 seconds
[3.738s][info ][safepoint    ] Entering safepoint region: RevokeBias
[3.738s][info ][safepoint    ] Leaving safepoint region
[3.738s][info ][safepoint    ] Total time for which application threads were stopped: 0.0001162 seconds, Stopping threads took: 0.0000630 seconds
[3.739s][info ][safepoint    ] Application time: 0.0006090 seconds
[3.739s][info ][safepoint    ] Entering safepoint region: CollectForMetadataAllocation
[3.739s][info ][safepoint    ] Leaving safepoint region
[3.739s][info ][safepoint    ] Total time for which application threads were stopped: 0.0002115 seconds, Stopping threads took: 0.0001060 seconds
[3.739s][info ][safepoint    ] Application time: 0.0000928 seconds
[3.739s][info ][safepoint    ] Entering safepoint region: CollectForMetadataAllocation
[3.739s][info ][safepoint    ] Leaving safepoint region
[3.739s][info ][safepoint    ] Total time for which application threads were stopped: 0.0001746 seconds, Stopping threads took: 0.0001050 seconds
[3.739s][info ][safepoint    ] Application time: 0.0001031 seconds
[3.739s][info ][safepoint    ] Entering safepoint region: RevokeBias
[3.740s][info ][safepoint    ] Leaving safepoint region
[3.740s][info ][safepoint    ] Total time for which application threads were stopped: 0.0001669 seconds, Stopping threads took: 0.0000921 seconds
[3.740s][info ][safepoint    ] Application time: 0.0002335 seconds
[3.740s][info ][safepoint    ] Entering safepoint region: RevokeBias
[3.740s][info ][safepoint    ] Leaving safepoint region
[3.740s][info ][safepoint    ] Total time for which application threads were stopped: 0.0002370 seconds, Stopping threads took: 0.0000863 seconds
[3.740s][info ][safepoint    ] Application time: 0.0001005 seconds
[3.740s][info ][safepoint    ] Entering safepoint region: RevokeBias
[3.740s][info ][safepoint    ] Leaving safepoint region
[3.740s][info ][safepoint    ] Total time for which application threads were stopped: 0.0001782 seconds, Stopping threads took: 0.0000780 seconds
[3.740s][info ][safepoint    ] Application time: 0.0000694 seconds
[3.740s][info ][safepoint    ] Entering safepoint region: RevokeBias
[3.741s][info ][safepoint    ] Leaving safepoint region
[3.741s][info ][safepoint    ] Total time for which application threads were stopped: 0.0000909 seconds, Stopping threads took: 0.0000430 seconds
[3.741s][info ][safepoint    ] Application time: 0.0001884 seconds
[3.741s][info ][safepoint    ] Entering safepoint region: RevokeBias
[3.741s][info ][safepoint    ] Leaving safepoint region
[3.741s][info ][safepoint    ] Total time for which application threads were stopped: 0.0001935 seconds, Stopping threads took: 0.0001367 seconds
[3.741s][info ][safepoint    ] Application time: 0.0002097 seconds
[3.741s][info ][safepoint    ] Entering safepoint region: RevokeBias
[3.741s][info ][safepoint    ] Leaving safepoint region
[3.741s][info ][safepoint    ] Total time for which application threads were stopped: 0.0001582 seconds, Stopping threads took: 0.0001012 seconds
[3.742s][info ][safepoint    ] Application time: 0.0002737 seconds
[3.742s][info ][safepoint    ] Entering safepoint region: RevokeBias
[3.742s][info ][safepoint    ] Leaving safepoint region
[3.742s][info ][safepoint    ] Total time for which application threads were stopped: 0.0001484 seconds, Stopping threads took: 0.0000445 seconds
[3.742s][info ][safepoint    ] Application time: 0.0000656 seconds
[3.742s][info ][safepoint    ] Entering safepoint region: RevokeBias
[3.742s][info ][safepoint    ] Leaving safepoint region
[3.742s][info ][safepoint    ] Total time for which application threads were stopped: 0.0001438 seconds, Stopping threads took: 0.0000871 seconds
[3.742s][info ][safepoint    ] Application time: 0.0003354 seconds
[3.742s][info ][safepoint    ] Entering safepoint region: RevokeBias
[3.742s][info ][safepoint    ] Leaving safepoint region
[3.742s][info ][safepoint    ] Total time for which application threads were stopped: 0.0001779 seconds, Stopping threads took: 0.0000995 seconds
[3.743s][info ][safepoint    ] Application time: 0.0000709 seconds
[3.743s][info ][safepoint    ] Entering safepoint region: RevokeBias
[3.743s][info ][safepoint    ] Leaving safepoint region
[3.743s][info ][safepoint    ] Total time for which application threads were stopped: 0.0001398 seconds, Stopping threads took: 0.0000517 seconds
[3.743s][info ][safepoint    ] Application time: 0.0002407 seconds
[3.743s][info ][safepoint    ] Entering safepoint region: RevokeBias
[3.743s][info ][safepoint    ] Leaving safepoint region
[3.743s][info ][safepoint    ] Total time for which application threads were stopped: 0.0002617 seconds, Stopping threads took: 0.0000540 seconds
[3.744s][info ][safepoint    ] Application time: 0.0003533 seconds
[3.744s][info ][safepoint    ] Entering safepoint region: BulkRevokeBias
[3.744s][info ][safepoint    ] Leaving safepoint region
[3.744s][info ][safepoint    ] Total time for which application threads were stopped: 0.0005532 seconds, Stopping threads took: 0.0001114 seconds
[3.746s][info ][safepoint    ] Application time: 0.0020117 seconds
[3.746s][info ][safepoint    ] Entering safepoint region: RevokeBias
[3.746s][info ][safepoint    ] Leaving safepoint region
[3.746s][info ][safepoint    ] Total time for which application threads were stopped: 0.0002054 seconds, Stopping threads took: 0.0001205 seconds
[3.750s][info ][safepoint    ] Application time: 0.0035676 seconds
[3.750s][info ][safepoint    ] Entering safepoint region: RevokeBias
[3.750s][info ][safepoint    ] Leaving safepoint region
[3.750s][info ][safepoint    ] Total time for which application threads were stopped: 0.0002206 seconds, Stopping threads took: 0.0001171 seconds
[3.752s][info ][safepoint    ] Application time: 0.0014972 seconds
[3.752s][info ][safepoint    ] Entering safepoint region: RevokeBias
[3.752s][info ][safepoint    ] Leaving safepoint region
[3.752s][info ][safepoint    ] Total time for which application threads were stopped: 0.0002283 seconds, Stopping threads took: 0.0001442 seconds
[3.754s][info ][safepoint    ] Application time: 0.0019967 seconds
[3.754s][info ][safepoint    ] Entering safepoint region: RevokeBias
[3.754s][info ][safepoint    ] Leaving safepoint region
[3.754s][info ][safepoint    ] Total time for which application threads were stopped: 0.0002027 seconds, Stopping threads took: 0.0000930 seconds
[3.756s][info ][safepoint    ] Application time: 0.0017084 seconds
[3.756s][info ][safepoint    ] Entering safepoint region: RevokeBias
[3.756s][info ][safepoint    ] Leaving safepoint region
[3.756s][info ][safepoint    ] Total time for which application threads were stopped: 0.0002704 seconds, Stopping threads took: 0.0001226 seconds
[3.757s][info ][safepoint    ] Application time: 0.0006736 seconds
[3.757s][info ][safepoint    ] Entering safepoint region: RevokeBias
[3.757s][info ][safepoint    ] Leaving safepoint region
[3.757s][info ][safepoint    ] Total time for which application threads were stopped: 0.0002259 seconds, Stopping threads took: 0.0001098 seconds
[3.757s][info ][safepoint    ] Application time: 0.0004097 seconds
[3.758s][info ][safepoint    ] Entering safepoint region: BulkRevokeBias
[3.758s][info ][safepoint    ] Leaving safepoint region
[3.758s][info ][safepoint    ] Total time for which application threads were stopped: 0.0005364 seconds, Stopping threads took: 0.0001396 seconds
[3.759s][info ][safepoint    ] Application time: 0.0009662 seconds
[3.759s][info ][safepoint    ] Entering safepoint region: RevokeBias
[3.759s][info ][safepoint    ] Leaving safepoint region
[3.759s][info ][safepoint    ] Total time for which application threads were stopped: 0.0003042 seconds, Stopping threads took: 0.0001671 seconds
[3.759s][info ][safepoint    ] Application time: 0.0000807 seconds
[3.759s][info ][safepoint    ] Entering safepoint region: RevokeBias
[3.760s][info ][safepoint    ] Leaving safepoint region
[3.760s][info ][safepoint    ] Total time for which application threads were stopped: 0.0001754 seconds, Stopping threads took: 0.0000858 seconds
[3.760s][info ][safepoint    ] Application time: 0.0003746 seconds
[3.760s][info ][safepoint    ] Entering safepoint region: RevokeBias
[3.760s][info ][safepoint    ] Leaving safepoint region
[3.760s][info ][safepoint    ] Total time for which application threads were stopped: 0.0002013 seconds, Stopping threads took: 0.0001199 seconds
[3.761s][info ][safepoint    ] Application time: 0.0005244 seconds
[3.761s][info ][safepoint    ] Entering safepoint region: RevokeBias
[3.761s][info ][safepoint    ] Leaving safepoint region
[3.761s][info ][safepoint    ] Total time for which application threads were stopped: 0.0001897 seconds, Stopping threads took: 0.0000796 seconds
[3.761s][info ][safepoint    ] Application time: 0.0002049 seconds
[3.761s][info ][safepoint    ] Entering safepoint region: RevokeBias
[3.761s][info ][safepoint    ] Leaving safepoint region
[3.761s][info ][safepoint    ] Total time for which application threads were stopped: 0.0002171 seconds, Stopping threads took: 0.0001142 seconds
[3.762s][info ][safepoint    ] Application time: 0.0003222 seconds
[3.762s][info ][safepoint    ] Entering safepoint region: RevokeBias
[3.762s][info ][safepoint    ] Leaving safepoint region
[3.762s][info ][safepoint    ] Total time for which application threads were stopped: 0.0001933 seconds, Stopping threads took: 0.0000848 seconds
[3.769s][info ][safepoint    ] Application time: 0.0068493 seconds
[3.769s][info ][safepoint    ] Entering safepoint region: CollectForMetadataAllocation
[3.769s][info ][safepoint    ] Leaving safepoint region
[3.769s][info ][safepoint    ] Total time for which application threads were stopped: 0.0004294 seconds, Stopping threads took: 0.0003288 seconds
[3.769s][info ][safepoint    ] Application time: 0.0001539 seconds
[3.769s][info ][safepoint    ] Entering safepoint region: CollectForMetadataAllocation
[3.770s][info ][safepoint    ] Leaving safepoint region
[3.770s][info ][safepoint    ] Total time for which application threads were stopped: 0.0001314 seconds, Stopping threads took: 0.0000916 seconds
[3.770s][info ][safepoint    ] Application time: 0.0001089 seconds
[3.770s][info ][safepoint    ] Entering safepoint region: CollectForMetadataAllocation
[3.770s][info ][safepoint    ] Leaving safepoint region
[3.770s][info ][safepoint    ] Total time for which application threads were stopped: 0.0001371 seconds, Stopping threads took: 0.0001038 seconds
[3.771s][info ][safepoint    ] Application time: 0.0014501 seconds
[3.771s][info ][safepoint    ] Entering safepoint region: RevokeBias
[3.771s][info ][safepoint    ] Leaving safepoint region
[3.771s][info ][safepoint    ] Total time for which application threads were stopped: 0.0002307 seconds, Stopping threads took: 0.0001399 seconds
[3.772s][info ][safepoint    ] Application time: 0.0001436 seconds
[3.772s][info ][safepoint    ] Entering safepoint region: RevokeBias
[3.772s][info ][safepoint    ] Leaving safepoint region
[3.772s][info ][safepoint    ] Total time for which application threads were stopped: 0.0002029 seconds, Stopping threads took: 0.0000784 seconds
[3.787s][info ][safepoint    ] Application time: 0.0151239 seconds
[3.787s][info ][safepoint    ] Entering safepoint region: RevokeBias
[3.787s][info ][safepoint    ] Leaving safepoint region
[3.787s][info ][safepoint    ] Total time for which application threads were stopped: 0.0003024 seconds, Stopping threads took: 0.0001288 seconds
[3.795s][info ][safepoint    ] Application time: 0.0073300 seconds
[3.795s][info ][safepoint    ] Entering safepoint region: RevokeBias
[3.795s][info ][safepoint    ] Leaving safepoint region
[3.795s][info ][safepoint    ] Total time for which application threads were stopped: 0.0003891 seconds, Stopping threads took: 0.0001607 seconds
[3.797s][info ][safepoint    ] Application time: 0.0019722 seconds
[3.800s][info ][safepoint    ] Entering safepoint region: RevokeBias
[3.800s][info ][safepoint    ] Leaving safepoint region
[3.800s][info ][safepoint    ] Total time for which application threads were stopped: 0.0028748 seconds, Stopping threads took: 0.0026498 seconds
[3.800s][info ][safepoint    ] Application time: 0.0002531 seconds
[3.800s][info ][safepoint    ] Entering safepoint region: RevokeBias
[3.800s][info ][safepoint    ] Leaving safepoint region
[3.800s][info ][safepoint    ] Total time for which application threads were stopped: 0.0003003 seconds, Stopping threads took: 0.0001274 seconds
[3.813s][info ][safepoint    ] Application time: 0.0122349 seconds
[3.813s][info ][safepoint    ] Entering safepoint region: RevokeBias
[3.813s][info ][safepoint    ] Leaving safepoint region
[3.813s][info ][safepoint    ] Total time for which application threads were stopped: 0.0003177 seconds, Stopping threads took: 0.0000813 seconds
[3.825s][info ][safepoint    ] Application time: 0.0123906 seconds
[3.826s][info ][safepoint    ] Entering safepoint region: RevokeBias
[3.826s][info ][safepoint    ] Leaving safepoint region
[3.826s][info ][safepoint    ] Total time for which application threads were stopped: 0.0003100 seconds, Stopping threads took: 0.0001066 seconds
[3.828s][info ][safepoint    ] Application time: 0.0019486 seconds
[3.828s][info ][safepoint    ] Entering safepoint region: RevokeBias
[3.828s][info ][safepoint    ] Leaving safepoint region
[3.828s][info ][safepoint    ] Total time for which application threads were stopped: 0.0003983 seconds, Stopping threads took: 0.0001879 seconds
[3.829s][info ][safepoint    ] Application time: 0.0003559 seconds
[3.829s][info ][safepoint    ] Entering safepoint region: RevokeBias
[3.829s][info ][safepoint    ] Leaving safepoint region
[3.829s][info ][safepoint    ] Total time for which application threads were stopped: 0.0004514 seconds, Stopping threads took: 0.0002677 seconds
[3.830s][info ][safepoint    ] Application time: 0.0013507 seconds
[3.830s][info ][safepoint    ] Entering safepoint region: BulkRevokeBias
[3.831s][info ][safepoint    ] Leaving safepoint region
[3.831s][info ][safepoint    ] Total time for which application threads were stopped: 0.0007587 seconds, Stopping threads took: 0.0001359 seconds
[3.834s][info ][safepoint    ] Application time: 0.0033250 seconds
[3.835s][info ][safepoint    ] Entering safepoint region: RevokeBias
[3.835s][info ][safepoint    ] Leaving safepoint region
[3.835s][info ][safepoint    ] Total time for which application threads were stopped: 0.0003445 seconds, Stopping threads took: 0.0001508 seconds
[3.835s][info ][safepoint    ] Application time: 0.0005156 seconds
[3.835s][info ][safepoint    ] Entering safepoint region: RevokeBias
[3.836s][info ][safepoint    ] Leaving safepoint region
[3.836s][info ][safepoint    ] Total time for which application threads were stopped: 0.0002905 seconds, Stopping threads took: 0.0001238 seconds
[3.837s][info ][safepoint    ] Application time: 0.0009480 seconds
[3.837s][info ][safepoint    ] Entering safepoint region: RevokeBias
[3.837s][info ][safepoint    ] Leaving safepoint region
[3.837s][info ][safepoint    ] Total time for which application threads were stopped: 0.0003125 seconds, Stopping threads took: 0.0001229 seconds
[3.857s][info ][safepoint    ] Application time: 0.0201924 seconds
[3.857s][info ][safepoint    ] Entering safepoint region: RevokeBias
[3.858s][info ][safepoint    ] Leaving safepoint region
[3.858s][info ][safepoint    ] Total time for which application threads were stopped: 0.0004408 seconds, Stopping threads took: 0.0001591 seconds
[3.883s][info ][safepoint    ] Application time: 0.0253268 seconds
[3.884s][info ][safepoint    ] Entering safepoint region: RevokeBias
[3.884s][info ][safepoint    ] Leaving safepoint region
[3.884s][info ][safepoint    ] Total time for which application threads were stopped: 0.0011267 seconds, Stopping threads took: 0.0007219 seconds
[3.895s][info ][safepoint    ] Application time: 0.0104572 seconds
[3.895s][info ][safepoint    ] Entering safepoint region: RevokeBias
[3.895s][info ][safepoint    ] Leaving safepoint region
[3.895s][info ][safepoint    ] Total time for which application threads were stopped: 0.0003332 seconds, Stopping threads took: 0.0001180 seconds
[3.919s][info ][safepoint    ] Application time: 0.0240224 seconds
[3.919s][info ][safepoint    ] Entering safepoint region: CollectForMetadataAllocation
[3.919s][info ][safepoint    ] Leaving safepoint region
[3.919s][info ][safepoint    ] Total time for which application threads were stopped: 0.0003397 seconds, Stopping threads took: 0.0001939 seconds
[3.920s][info ][safepoint    ] Application time: 0.0002438 seconds
[3.920s][info ][safepoint    ] Entering safepoint region: CollectForMetadataAllocation
[3.920s][info ][safepoint    ] Leaving safepoint region
[3.920s][info ][safepoint    ] Total time for which application threads were stopped: 0.0002610 seconds, Stopping threads took: 0.0001742 seconds
[3.923s][info ][safepoint    ] Application time: 0.0028942 seconds
[3.923s][info ][safepoint    ] Entering safepoint region: RevokeBias
[3.923s][info ][safepoint    ] Leaving safepoint region
[3.923s][info ][safepoint    ] Total time for which application threads were stopped: 0.0003338 seconds, Stopping threads took: 0.0001431 seconds
[3.925s][info ][safepoint    ] Application time: 0.0021044 seconds
[3.925s][info ][safepoint    ] Entering safepoint region: RevokeBias
[3.926s][info ][safepoint    ] Leaving safepoint region
[3.926s][info ][safepoint    ] Total time for which application threads were stopped: 0.0003071 seconds, Stopping threads took: 0.0001404 seconds
[3.926s][info ][safepoint    ] Application time: 0.0006685 seconds
[3.926s][info ][safepoint    ] Entering safepoint region: RevokeBias
[3.927s][info ][safepoint    ] Leaving safepoint region
[3.927s][info ][safepoint    ] Total time for which application threads were stopped: 0.0002870 seconds, Stopping threads took: 0.0001678 seconds
[3.931s][info ][safepoint    ] Application time: 0.0045541 seconds
[3.931s][info ][safepoint    ] Entering safepoint region: RevokeBias
[3.934s][info ][safepoint    ] Leaving safepoint region
[3.934s][info ][safepoint    ] Total time for which application threads were stopped: 0.0028271 seconds, Stopping threads took: 0.0001471 seconds
[3.986s][info ][gc           ] GC(1) Concurrent Abortable Preclean 523.112ms
[3.986s][info ][gc,cpu       ] GC(1) User=2.83s Sys=0.09s Real=0.52s
[3.986s][info ][safepoint    ] Application time: 0.0518223 seconds
[3.986s][info ][safepoint    ] Entering safepoint region: CMS_Final_Remark
[3.986s][info ][gc,start     ] GC(1) Pause Remark
[4.017s][debug][gc,phases    ] GC(1) Rescan (parallel) 31.321ms
[4.017s][debug][gc,ref       ] GC(1) Skipped phase1 of Reference Processing due to unavailable references
[4.017s][debug][gc,ref       ] GC(1) Skipped phase2 of Reference Processing due to unavailable references
[4.017s][debug][gc,ref       ] GC(1) Skipped phase3 of Reference Processing due to unavailable references
[4.018s][debug][gc,ref       ] GC(1) Skipped phase4 of Reference Processing due to unavailable references
[4.018s][debug][gc,phases    ] GC(1) Reference Processing 0.041ms
[4.018s][debug][gc,phases    ] GC(1) Weak Processing 0.032ms
[4.018s][debug][gc,phases    ] GC(1) ClassLoaderData 0.348ms
[4.018s][debug][gc,phases    ] GC(1) ProtectionDomainCacheTable 0.004ms
[4.018s][debug][gc,phases    ] GC(1) ResolvedMethodTable 0.043ms
[4.019s][debug][gc,phases    ] GC(1) Class Unloading 1.867ms
[4.022s][debug][gc,phases    ] GC(1) Scrub Symbol Table 2.344ms
[4.022s][debug][gc,phases    ] GC(1) Scrub String Table 0.193ms
[4.023s][info ][gc           ] GC(1) Pause Remark 158M->158M(850M) 36.927ms
[4.023s][info ][gc,cpu       ] GC(1) User=0.16s Sys=0.01s Real=0.04s
[4.023s][info ][safepoint    ] Leaving safepoint region
[4.023s][info ][safepoint    ] Total time for which application threads were stopped: 0.0373212 seconds, Stopping threads took: 0.0001635 seconds
[4.023s][info ][gc           ] GC(1) Concurrent Sweep
[4.024s][info ][gc           ] GC(1) Concurrent Sweep 1.374ms
[4.025s][info ][gc,cpu       ] GC(1) User=0.00s Sys=0.00s Real=0.00s
[4.025s][info ][gc           ] GC(1) Concurrent Reset
[4.044s][info ][gc           ] GC(1) Concurrent Reset 19.757ms
[4.044s][info ][gc,cpu       ] GC(1) User=0.15s Sys=0.02s Real=0.02s
[4.044s][info ][gc,heap      ] GC(1) Old: 2526K->2526K(600768K)
[4.059s][info ][safepoint    ] Application time: 0.0356277 seconds
[4.059s][info ][safepoint    ] Entering safepoint region: RevokeBias
[4.059s][info ][safepoint    ] Leaving safepoint region
[4.059s][info ][safepoint    ] Total time for which application threads were stopped: 0.0003310 seconds, Stopping threads took: 0.0001567 seconds
[4.140s][info ][safepoint    ] Application time: 0.0811573 seconds
[4.140s][info ][safepoint    ] Entering safepoint region: RevokeBias
[4.141s][info ][safepoint    ] Leaving safepoint region
[4.141s][info ][safepoint    ] Total time for which application threads were stopped: 0.0005763 seconds, Stopping threads took: 0.0001638 seconds
[4.192s][info ][safepoint    ] Application time: 0.0509074 seconds
[4.192s][info ][safepoint    ] Entering safepoint region: RevokeBias
[4.192s][info ][safepoint    ] Leaving safepoint region
[4.192s][info ][safepoint    ] Total time for which application threads were stopped: 0.0004152 seconds, Stopping threads took: 0.0001632 seconds
[4.197s][info ][safepoint    ] Application time: 0.0049352 seconds
[4.197s][info ][safepoint    ] Entering safepoint region: RevokeBias
[4.198s][info ][safepoint    ] Leaving safepoint region
[4.198s][info ][safepoint    ] Total time for which application threads were stopped: 0.0004028 seconds, Stopping threads took: 0.0001136 seconds
[4.219s][info ][safepoint    ] Application time: 0.0210232 seconds
[4.219s][info ][safepoint    ] Entering safepoint region: RevokeBias
[4.219s][info ][safepoint    ] Leaving safepoint region
[4.219s][info ][safepoint    ] Total time for which application threads were stopped: 0.0003672 seconds, Stopping threads took: 0.0001351 seconds
[4.220s][info ][safepoint    ] Application time: 0.0007612 seconds
[4.220s][info ][safepoint    ] Entering safepoint region: RevokeBias
[4.220s][info ][safepoint    ] Leaving safepoint region
[4.220s][info ][safepoint    ] Total time for which application threads were stopped: 0.0003563 seconds, Stopping threads took: 0.0001497 seconds
[4.233s][info ][safepoint    ] Application time: 0.0124939 seconds
[4.233s][info ][safepoint    ] Entering safepoint region: RevokeBias
[4.233s][info ][safepoint    ] Leaving safepoint region
[4.233s][info ][safepoint    ] Total time for which application threads were stopped: 0.0004284 seconds, Stopping threads took: 0.0002051 seconds
[4.239s][info ][safepoint    ] Application time: 0.0060030 seconds
[4.239s][info ][safepoint    ] Entering safepoint region: RevokeBias
[4.239s][info ][safepoint    ] Leaving safepoint region
[4.239s][info ][safepoint    ] Total time for which application threads were stopped: 0.0002876 seconds, Stopping threads took: 0.0001191 seconds
[4.274s][info ][safepoint    ] Application time: 0.0348633 seconds
[4.274s][info ][safepoint    ] Entering safepoint region: RevokeBias
[4.275s][info ][safepoint    ] Leaving safepoint region
[4.275s][info ][safepoint    ] Total time for which application threads were stopped: 0.0003294 seconds, Stopping threads took: 0.0000796 seconds
[4.291s][info ][safepoint    ] Application time: 0.0168523 seconds
[4.292s][info ][safepoint    ] Entering safepoint region: RevokeBias
[4.292s][info ][safepoint    ] Leaving safepoint region
[4.292s][info ][safepoint    ] Total time for which application threads were stopped: 0.0003117 seconds, Stopping threads took: 0.0000856 seconds
[4.296s][info ][safepoint    ] Application time: 0.0046350 seconds
[4.297s][info ][safepoint    ] Entering safepoint region: RevokeBias
[4.297s][info ][safepoint    ] Leaving safepoint region
[4.297s][info ][safepoint    ] Total time for which application threads were stopped: 0.0004230 seconds, Stopping threads took: 0.0001975 seconds
[4.307s][info ][safepoint    ] Application time: 0.0101747 seconds
[4.315s][info ][safepoint    ] Entering safepoint region: RevokeBias
[4.315s][info ][safepoint    ] Leaving safepoint region
[4.315s][info ][safepoint    ] Total time for which application threads were stopped: 0.0083443 seconds, Stopping threads took: 0.0080691 seconds
[4.317s][info ][safepoint    ] Application time: 0.0011636 seconds
[4.317s][info ][safepoint    ] Entering safepoint region: RevokeBias
[4.317s][info ][safepoint    ] Leaving safepoint region
[4.317s][info ][safepoint    ] Total time for which application threads were stopped: 0.0004024 seconds, Stopping threads took: 0.0002074 seconds
[4.322s][info ][safepoint    ] Application time: 0.0052014 seconds
[4.322s][info ][safepoint    ] Entering safepoint region: RevokeBias
[4.323s][info ][safepoint    ] Leaving safepoint region
[4.323s][info ][safepoint    ] Total time for which application threads were stopped: 0.0003790 seconds, Stopping threads took: 0.0001647 seconds
[4.324s][info ][safepoint    ] Application time: 0.0013286 seconds
[4.324s][info ][safepoint    ] Entering safepoint region: RevokeBias
[4.324s][info ][safepoint    ] Leaving safepoint region
[4.324s][info ][safepoint    ] Total time for which application threads were stopped: 0.0004487 seconds, Stopping threads took: 0.0002300 seconds
[4.329s][info ][safepoint    ] Application time: 0.0049604 seconds
[4.330s][info ][safepoint    ] Entering safepoint region: Deoptimize
[4.330s][info ][safepoint    ] Leaving safepoint region
[4.330s][info ][safepoint    ] Total time for which application threads were stopped: 0.0007360 seconds, Stopping threads took: 0.0001153 seconds
[4.339s][info ][safepoint    ] Application time: 0.0091892 seconds
[4.340s][info ][safepoint    ] Entering safepoint region: Deoptimize
[4.340s][info ][safepoint    ] Leaving safepoint region
[4.340s][info ][safepoint    ] Total time for which application threads were stopped: 0.0007249 seconds, Stopping threads took: 0.0001242 seconds
[4.378s][info ][safepoint    ] Application time: 0.0375791 seconds
[4.378s][info ][safepoint    ] Entering safepoint region: RevokeBias
[4.378s][info ][safepoint    ] Leaving safepoint region
[4.378s][info ][safepoint    ] Total time for which application threads were stopped: 0.0003233 seconds, Stopping threads took: 0.0001105 seconds
[4.396s][info ][safepoint    ] Application time: 0.0183082 seconds
[4.397s][info ][safepoint    ] Entering safepoint region: Deoptimize
[4.399s][info ][safepoint    ] Leaving safepoint region
[4.399s][info ][safepoint    ] Total time for which application threads were stopped: 0.0021667 seconds, Stopping threads took: 0.0010675 seconds
[4.436s][info ][safepoint    ] Application time: 0.0378986 seconds
[4.437s][info ][safepoint    ] Entering safepoint region: RevokeBias
[4.437s][info ][safepoint    ] Leaving safepoint region
[4.437s][info ][safepoint    ] Total time for which application threads were stopped: 0.0003025 seconds, Stopping threads took: 0.0000628 seconds
[4.439s][info ][safepoint    ] Application time: 0.0020206 seconds
[4.439s][info ][safepoint    ] Entering safepoint region: GenCollectForAllocation
[4.439s][info ][gc,start     ] GC(2) Pause Young (Allocation Failure)
[4.439s][info ][gc,task      ] GC(2) Using 4 workers of 4 for evacuation
[4.515s][debug][gc,ref       ] GC(2) Skipped phase1 of Reference Processing due to unavailable references
[4.516s][debug][gc,ref       ] GC(2) Skipped phase3 of Reference Processing due to unavailable references
[4.516s][debug][gc,age       ] GC(2) Desired survivor size 15368192 bytes, new threshold 1 (max threshold 6)
[4.516s][info ][gc,heap      ] GC(2) ParNew: 270334K->30016K(270336K)
[4.516s][info ][gc,heap      ] GC(2) CMS: 2526K->40294K(600768K)
[4.516s][info ][gc,metaspace ] GC(2) Metaspace: 32360K->32360K(1079296K)
[4.516s][info ][gc           ] GC(2) Pause Young (Allocation Failure) 266M->68M(850M) 76.931ms
[4.516s][info ][gc,cpu       ] GC(2) User=0.26s Sys=0.01s Real=0.08s
[4.516s][info ][safepoint    ] Leaving safepoint region
[4.516s][info ][safepoint    ] Total time for which application threads were stopped: 0.0771973 seconds, Stopping threads took: 0.0000937 seconds
[4.517s][info ][safepoint    ] Application time: 0.0008790 seconds
[4.517s][info ][safepoint    ] Entering safepoint region: RevokeBias
[4.517s][info ][safepoint    ] Leaving safepoint region
[4.517s][info ][safepoint    ] Total time for which application threads were stopped: 0.0003586 seconds, Stopping threads took: 0.0001346 seconds
[4.518s][info ][safepoint    ] Application time: 0.0003396 seconds
[4.518s][info ][safepoint    ] Entering safepoint region: RevokeBias
[4.518s][info ][safepoint    ] Leaving safepoint region
[4.518s][info ][safepoint    ] Total time for which application threads were stopped: 0.0002236 seconds, Stopping threads took: 0.0000907 seconds
[4.518s][info ][safepoint    ] Application time: 0.0000545 seconds
[4.518s][info ][safepoint    ] Entering safepoint region: RevokeBias
[4.518s][info ][safepoint    ] Leaving safepoint region
[4.518s][info ][safepoint    ] Total time for which application threads were stopped: 0.0001279 seconds, Stopping threads took: 0.0000605 seconds
[4.574s][info ][safepoint    ] Application time: 0.0557130 seconds
[4.574s][info ][safepoint    ] Entering safepoint region: Deoptimize
[4.575s][info ][safepoint    ] Leaving safepoint region
[4.575s][info ][safepoint    ] Total time for which application threads were stopped: 0.0007481 seconds, Stopping threads took: 0.0000817 seconds
[4.586s][info ][safepoint    ] Application time: 0.0113645 seconds
[4.586s][info ][safepoint    ] Entering safepoint region: RevokeBias
[4.586s][info ][safepoint    ] Leaving safepoint region
[4.586s][info ][safepoint    ] Total time for which application threads were stopped: 0.0002711 seconds, Stopping threads took: 0.0001127 seconds
[4.586s][info ][safepoint    ] Application time: 0.0001031 seconds
[4.586s][info ][safepoint    ] Entering safepoint region: RevokeBias
[4.587s][info ][safepoint    ] Leaving safepoint region
[4.587s][info ][safepoint    ] Total time for which application threads were stopped: 0.0002275 seconds, Stopping threads took: 0.0001264 seconds
[4.589s][info ][safepoint    ] Application time: 0.0020258 seconds
[4.589s][info ][safepoint    ] Entering safepoint region: RevokeBias
[4.589s][info ][safepoint    ] Leaving safepoint region
[4.589s][info ][safepoint    ] Total time for which application threads were stopped: 0.0001840 seconds, Stopping threads took: 0.0000944 seconds
[4.589s][info ][safepoint    ] Application time: 0.0000728 seconds
[4.589s][info ][safepoint    ] Entering safepoint region: RevokeBias
[4.589s][info ][safepoint    ] Leaving safepoint region
[4.589s][info ][safepoint    ] Total time for which application threads were stopped: 0.0001641 seconds, Stopping threads took: 0.0001092 seconds
[4.589s][info ][safepoint    ] Application time: 0.0000832 seconds
[4.589s][info ][safepoint    ] Entering safepoint region: RevokeBias
[4.589s][info ][safepoint    ] Leaving safepoint region
[4.589s][info ][safepoint    ] Total time for which application threads were stopped: 0.0001861 seconds, Stopping threads took: 0.0001323 seconds
[4.596s][info ][safepoint    ] Application time: 0.0066076 seconds
[4.596s][info ][safepoint    ] Entering safepoint region: RevokeBias
[4.596s][info ][safepoint    ] Leaving safepoint region
[4.596s][info ][safepoint    ] Total time for which application threads were stopped: 0.0002414 seconds, Stopping threads took: 0.0001143 seconds
[4.597s][info ][safepoint    ] Application time: 0.0009548 seconds
[4.600s][info ][safepoint    ] Entering safepoint region: RevokeBias
[4.600s][info ][safepoint    ] Leaving safepoint region
[4.600s][info ][safepoint    ] Total time for which application threads were stopped: 0.0028914 seconds, Stopping threads took: 0.0027788 seconds
[4.600s][info ][safepoint    ] Application time: 0.0002202 seconds
[4.600s][info ][safepoint    ] Entering safepoint region: RevokeBias
[4.601s][info ][safepoint    ] Leaving safepoint region
[4.601s][info ][safepoint    ] Total time for which application threads were stopped: 0.0002419 seconds, Stopping threads took: 0.0001693 seconds
[4.631s][info ][safepoint    ] Application time: 0.0301902 seconds
[4.631s][info ][safepoint    ] Entering safepoint region: RevokeBias
[4.631s][info ][safepoint    ] Leaving safepoint region
[4.631s][info ][safepoint    ] Total time for which application threads were stopped: 0.0004348 seconds, Stopping threads took: 0.0001976 seconds
[4.712s][info ][safepoint    ] Application time: 0.0805839 seconds
[4.712s][info ][safepoint    ] Entering safepoint region: BulkRevokeBias
[4.713s][info ][safepoint    ] Leaving safepoint region
[4.713s][info ][safepoint    ] Total time for which application threads were stopped: 0.0010427 seconds, Stopping threads took: 0.0001537 seconds
[4.769s][info ][safepoint    ] Application time: 0.0564155 seconds
[4.769s][info ][safepoint    ] Entering safepoint region: Deoptimize
[4.770s][info ][safepoint    ] Leaving safepoint region
[4.770s][info ][safepoint    ] Total time for which application threads were stopped: 0.0009173 seconds, Stopping threads took: 0.0001926 seconds
[4.773s][info ][safepoint    ] Application time: 0.0029373 seconds
[4.776s][info ][safepoint    ] Entering safepoint region: Deoptimize
[4.776s][info ][safepoint    ] Leaving safepoint region
[4.776s][info ][safepoint    ] Total time for which application threads were stopped: 0.0032942 seconds, Stopping threads took: 0.0026989 seconds
[4.779s][info ][safepoint    ] Application time: 0.0021398 seconds
[4.779s][info ][safepoint    ] Entering safepoint region: RevokeBias
[4.779s][info ][safepoint    ] Leaving safepoint region
[4.779s][info ][safepoint    ] Total time for which application threads were stopped: 0.0002438 seconds, Stopping threads took: 0.0001341 seconds
[4.784s][info ][safepoint    ] Application time: 0.0054040 seconds
[4.784s][info ][safepoint    ] Entering safepoint region: RevokeBias
[4.785s][info ][safepoint    ] Leaving safepoint region
[4.785s][info ][safepoint    ] Total time for which application threads were stopped: 0.0002042 seconds, Stopping threads took: 0.0000980 seconds
[4.787s][info ][safepoint    ] Application time: 0.0026955 seconds
[4.787s][info ][safepoint    ] Entering safepoint region: RevokeBias
[4.787s][info ][safepoint    ] Leaving safepoint region
[4.787s][info ][safepoint    ] Total time for which application threads were stopped: 0.0002230 seconds, Stopping threads took: 0.0000985 seconds
[4.788s][info ][safepoint    ] Application time: 0.0000562 seconds
[4.788s][info ][safepoint    ] Entering safepoint region: RevokeBias
[4.788s][info ][safepoint    ] Leaving safepoint region
[4.788s][info ][safepoint    ] Total time for which application threads were stopped: 0.0000920 seconds, Stopping threads took: 0.0000332 seconds
[4.788s][info ][safepoint    ] Application time: 0.0000550 seconds
[4.788s][info ][safepoint    ] Entering safepoint region: RevokeBias
[4.788s][info ][safepoint    ] Leaving safepoint region
[4.788s][info ][safepoint    ] Total time for which application threads were stopped: 0.0001339 seconds, Stopping threads took: 0.0000739 seconds
[4.789s][info ][safepoint    ] Application time: 0.0006898 seconds
[4.789s][info ][safepoint    ] Entering safepoint region: RevokeBias
[4.789s][info ][safepoint    ] Leaving safepoint region
[4.789s][info ][safepoint    ] Total time for which application threads were stopped: 0.0001954 seconds, Stopping threads took: 0.0000978 seconds
[4.789s][info ][safepoint    ] Application time: 0.0001752 seconds
[4.789s][info ][safepoint    ] Entering safepoint region: RevokeBias
[4.789s][info ][safepoint    ] Leaving safepoint region
[4.789s][info ][safepoint    ] Total time for which application threads were stopped: 0.0001904 seconds, Stopping threads took: 0.0001057 seconds
[4.821s][info ][safepoint    ] Application time: 0.0322419 seconds
[4.821s][info ][safepoint    ] Entering safepoint region: RevokeBias
[4.822s][info ][safepoint    ] Leaving safepoint region
[4.822s][info ][safepoint    ] Total time for which application threads were stopped: 0.0002401 seconds, Stopping threads took: 0.0000907 seconds
[4.858s][info ][safepoint    ] Application time: 0.0368242 seconds
[4.859s][info ][safepoint    ] Entering safepoint region: RevokeBias
[4.859s][info ][safepoint    ] Leaving safepoint region
[4.859s][info ][safepoint    ] Total time for which application threads were stopped: 0.0005219 seconds, Stopping threads took: 0.0001844 seconds
[4.859s][info ][safepoint    ] Application time: 0.0004126 seconds
[4.860s][info ][safepoint    ] Entering safepoint region: RevokeBias
[4.860s][info ][safepoint    ] Leaving safepoint region
[4.860s][info ][safepoint    ] Total time for which application threads were stopped: 0.0002295 seconds, Stopping threads took: 0.0001381 seconds
[4.866s][info ][safepoint    ] Application time: 0.0066810 seconds
[4.866s][info ][safepoint    ] Entering safepoint region: RevokeBias
[4.867s][info ][safepoint    ] Leaving safepoint region
[4.867s][info ][safepoint    ] Total time for which application threads were stopped: 0.0002162 seconds, Stopping threads took: 0.0000919 seconds
[4.874s][info ][safepoint    ] Application time: 0.0077848 seconds
[4.875s][info ][safepoint    ] Entering safepoint region: RevokeBias
[4.875s][info ][safepoint    ] Leaving safepoint region
[4.875s][info ][safepoint    ] Total time for which application threads were stopped: 0.0003783 seconds, Stopping threads took: 0.0002392 seconds
[4.901s][info ][safepoint    ] Application time: 0.0262872 seconds
[4.901s][info ][safepoint    ] Entering safepoint region: RevokeBias
[4.901s][info ][safepoint    ] Leaving safepoint region
[4.901s][info ][safepoint    ] Total time for which application threads were stopped: 0.0002240 seconds, Stopping threads took: 0.0000825 seconds
[4.903s][info ][safepoint    ] Application time: 0.0016535 seconds
[4.903s][info ][safepoint    ] Entering safepoint region: RevokeBias
[4.903s][info ][safepoint    ] Leaving safepoint region
[4.903s][info ][safepoint    ] Total time for which application threads were stopped: 0.0002213 seconds, Stopping threads took: 0.0001079 seconds
[4.941s][info ][safepoint    ] Application time: 0.0374453 seconds
[4.944s][info ][safepoint    ] Entering safepoint region: GenCollectForAllocation
[4.944s][info ][gc,start     ] GC(3) Pause Young (Allocation Failure)
[4.944s][info ][gc,task      ] GC(3) Using 4 workers of 4 for evacuation
[5.019s][debug][gc,ref       ] GC(3) Skipped phase1 of Reference Processing due to unavailable references
[5.019s][debug][gc,ref       ] GC(3) Skipped phase3 of Reference Processing due to unavailable references
[5.019s][debug][gc,age       ] GC(3) Desired survivor size 15368192 bytes, new threshold 1 (max threshold 6)
[5.019s][info ][gc,heap      ] GC(3) ParNew: 270336K->30016K(270336K)
[5.019s][info ][gc,heap      ] GC(3) CMS: 40294K->75996K(600768K)
[5.019s][info ][gc,metaspace ] GC(3) Metaspace: 36394K->36394K(1081344K)
[5.019s][info ][gc           ] GC(3) Pause Young (Allocation Failure) 303M->103M(850M) 75.653ms
[5.019s][info ][gc,cpu       ] GC(3) User=0.27s Sys=0.00s Real=0.07s
[5.019s][info ][safepoint    ] Leaving safepoint region
[5.019s][info ][safepoint    ] Total time for which application threads were stopped: 0.0786978 seconds, Stopping threads took: 0.0028358 seconds
[5.021s][info ][safepoint    ] Application time: 0.0012396 seconds
[5.021s][info ][safepoint    ] Entering safepoint region: Deoptimize
[5.022s][info ][safepoint    ] Leaving safepoint region
[5.022s][info ][safepoint    ] Total time for which application threads were stopped: 0.0009253 seconds, Stopping threads took: 0.0001840 seconds
[5.036s][info ][safepoint    ] Application time: 0.0139976 seconds
[5.036s][info ][safepoint    ] Entering safepoint region: RevokeBias
[5.036s][info ][safepoint    ] Leaving safepoint region
[5.036s][info ][safepoint    ] Total time for which application threads were stopped: 0.0002319 seconds, Stopping threads took: 0.0001027 seconds
[5.037s][info ][safepoint    ] Application time: 0.0011565 seconds
[5.037s][info ][safepoint    ] Entering safepoint region: RevokeBias
[5.037s][info ][safepoint    ] Leaving safepoint region
[5.037s][info ][safepoint    ] Total time for which application threads were stopped: 0.0001545 seconds, Stopping threads took: 0.0000911 seconds
[5.039s][info ][safepoint    ] Application time: 0.0015519 seconds
[5.039s][info ][safepoint    ] Entering safepoint region: Deoptimize
[5.039s][info ][safepoint    ] Leaving safepoint region
[5.039s][info ][safepoint    ] Total time for which application threads were stopped: 0.0007269 seconds, Stopping threads took: 0.0000994 seconds
[5.041s][info ][safepoint    ] Application time: 0.0012429 seconds
[5.041s][info ][safepoint    ] Entering safepoint region: RevokeBias
[5.041s][info ][safepoint    ] Leaving safepoint region
[5.041s][info ][safepoint    ] Total time for which application threads were stopped: 0.0002400 seconds, Stopping threads took: 0.0001176 seconds
[5.044s][info ][safepoint    ] Application time: 0.0032891 seconds
[5.044s][info ][safepoint    ] Entering safepoint region: RevokeBias
[5.044s][info ][safepoint    ] Leaving safepoint region
[5.044s][info ][safepoint    ] Total time for which application threads were stopped: 0.0002146 seconds, Stopping threads took: 0.0000881 seconds
[5.047s][info ][safepoint    ] Application time: 0.0022589 seconds
[5.047s][info ][safepoint    ] Entering safepoint region: RevokeBias
[5.047s][info ][safepoint    ] Leaving safepoint region
[5.047s][info ][safepoint    ] Total time for which application threads were stopped: 0.0002172 seconds, Stopping threads took: 0.0001117 seconds
[5.217s][info ][safepoint    ] Application time: 0.1702158 seconds
[5.217s][info ][safepoint    ] Entering safepoint region: GenCollectForAllocation
[5.218s][info ][gc,start     ] GC(4) Pause Young (Allocation Failure)
[5.218s][info ][gc,task      ] GC(4) Using 4 workers of 4 for evacuation
[5.274s][debug][gc,ref       ] GC(4) Skipped phase1 of Reference Processing due to unavailable references
[5.274s][debug][gc,ref       ] GC(4) Skipped phase3 of Reference Processing due to unavailable references
[5.274s][debug][gc,age       ] GC(4) Desired survivor size 15368192 bytes, new threshold 6 (max threshold 6)
[5.274s][info ][gc,heap      ] GC(4) ParNew: 270336K->29090K(270336K)
[5.274s][info ][gc,heap      ] GC(4) CMS: 75996K->105632K(600768K)
[5.274s][info ][gc,metaspace ] GC(4) Metaspace: 36608K->36608K(1081344K)
[5.274s][info ][gc           ] GC(4) Pause Young (Allocation Failure) 338M->131M(850M) 56.424ms
[5.274s][info ][gc,cpu       ] GC(4) User=0.20s Sys=0.01s Real=0.05s
[5.274s][info ][safepoint    ] Leaving safepoint region
[5.274s][info ][safepoint    ] Total time for which application threads were stopped: 0.0568371 seconds, Stopping threads took: 0.0001895 seconds
[5.364s][info ][safepoint    ] Application time: 0.0900091 seconds
[5.364s][info ][safepoint    ] Entering safepoint region: ICBufferFull
[5.364s][info ][safepoint    ] Leaving safepoint region
[5.364s][info ][safepoint    ] Total time for which application threads were stopped: 0.0002893 seconds, Stopping threads took: 0.0000913 seconds
[5.368s][info ][safepoint    ] Application time: 0.0032694 seconds
[5.368s][info ][safepoint    ] Entering safepoint region: GenCollectForAllocation
[5.368s][info ][gc,start     ] GC(5) Pause Young (Allocation Failure)
[5.368s][info ][gc,task      ] GC(5) Using 4 workers of 4 for evacuation
[5.380s][debug][gc,ref       ] GC(5) Skipped phase1 of Reference Processing due to unavailable references
[5.380s][debug][gc,ref       ] GC(5) Skipped phase3 of Reference Processing due to unavailable references
[5.381s][debug][gc,age       ] GC(5) Desired survivor size 15368192 bytes, new threshold 6 (max threshold 6)
[5.381s][info ][gc,heap      ] GC(5) ParNew: 269410K->14794K(270336K)
[5.381s][info ][gc,heap      ] GC(5) CMS: 105632K->105632K(600768K)
[5.381s][info ][gc,metaspace ] GC(5) Metaspace: 36634K->36634K(1081344K)
[5.381s][info ][gc           ] GC(5) Pause Young (Allocation Failure) 366M->117M(850M) 12.607ms
[5.381s][info ][gc,cpu       ] GC(5) User=0.05s Sys=0.00s Real=0.01s
[5.381s][info ][safepoint    ] Leaving safepoint region
[5.381s][info ][safepoint    ] Total time for which application threads were stopped: 0.0128850 seconds, Stopping threads took: 0.0001068 seconds
[5.483s][info ][safepoint    ] Application time: 0.1026978 seconds
[5.484s][info ][safepoint    ] Entering safepoint region: GenCollectForAllocation
[5.484s][info ][gc,start     ] GC(6) Pause Young (Allocation Failure)
[5.484s][info ][gc,task      ] GC(6) Using 4 workers of 4 for evacuation
[5.497s][debug][gc,ref       ] GC(6) Skipped phase1 of Reference Processing due to unavailable references
[5.497s][debug][gc,ref       ] GC(6) Skipped phase3 of Reference Processing due to unavailable references
[5.497s][debug][gc,ref       ] GC(6) Skipped phase4 of Reference Processing due to unavailable references
[5.497s][debug][gc,age       ] GC(6) Desired survivor size 15368192 bytes, new threshold 6 (max threshold 6)
[5.497s][info ][gc,heap      ] GC(6) ParNew: 255114K->13524K(270336K)
[5.497s][info ][gc,heap      ] GC(6) CMS: 105632K->105632K(600768K)
[5.497s][info ][gc,metaspace ] GC(6) Metaspace: 36640K->36640K(1081344K)
[5.497s][info ][gc           ] GC(6) Pause Young (Allocation Failure) 352M->116M(850M) 12.596ms
[5.497s][info ][gc,cpu       ] GC(6) User=0.06s Sys=0.00s Real=0.01s
[5.497s][info ][safepoint    ] Leaving safepoint region
[5.497s][info ][safepoint    ] Total time for which application threads were stopped: 0.0134911 seconds, Stopping threads took: 0.0006940 seconds
[5.752s][info ][safepoint    ] Application time: 0.2546816 seconds
[5.754s][info ][safepoint    ] Entering safepoint region: GenCollectForAllocation
[5.755s][info ][gc,start     ] GC(7) Pause Young (Allocation Failure)
[5.755s][info ][gc,task      ] GC(7) Using 4 workers of 4 for evacuation
[5.769s][debug][gc,ref       ] GC(7) Skipped phase1 of Reference Processing due to unavailable references
[5.769s][debug][gc,ref       ] GC(7) Skipped phase3 of Reference Processing due to unavailable references
[5.769s][debug][gc,ref       ] GC(7) Skipped phase4 of Reference Processing due to unavailable references
[5.769s][debug][gc,age       ] GC(7) Desired survivor size 15368192 bytes, new threshold 6 (max threshold 6)
[5.769s][info ][gc,heap      ] GC(7) ParNew: 253844K->19772K(270336K)
[5.769s][info ][gc,heap      ] GC(7) CMS: 105632K->105632K(600768K)
[5.769s][info ][gc,metaspace ] GC(7) Metaspace: 36640K->36640K(1081344K)
[5.769s][info ][gc           ] GC(7) Pause Young (Allocation Failure) 351M->122M(850M) 14.092ms
[5.769s][info ][gc,cpu       ] GC(7) User=0.06s Sys=0.00s Real=0.01s
[5.769s][info ][safepoint    ] Leaving safepoint region
[5.769s][info ][safepoint    ] Total time for which application threads were stopped: 0.0172302 seconds, Stopping threads took: 0.0029472 seconds
[5.826s][info ][safepoint    ] Application time: 0.0575224 seconds
[5.826s][info ][safepoint    ] Entering safepoint region: GenCollectForAllocation
[5.827s][info ][gc,start     ] GC(8) Pause Young (Allocation Failure)
[5.827s][info ][gc,task      ] GC(8) Using 4 workers of 4 for evacuation
[5.840s][debug][gc,ref       ] GC(8) Skipped phase1 of Reference Processing due to unavailable references
[5.840s][debug][gc,ref       ] GC(8) Skipped phase3 of Reference Processing due to unavailable references
[5.840s][debug][gc,ref       ] GC(8) Skipped phase4 of Reference Processing due to unavailable references
[5.840s][debug][gc,age       ] GC(8) Desired survivor size 15368192 bytes, new threshold 6 (max threshold 6)
[5.840s][info ][gc,heap      ] GC(8) ParNew: 260092K->15416K(270336K)
[5.841s][info ][gc,heap      ] GC(8) CMS: 105632K->105632K(600768K)
[5.841s][info ][gc,metaspace ] GC(8) Metaspace: 36640K->36640K(1081344K)
[5.841s][info ][gc           ] GC(8) Pause Young (Allocation Failure) 357M->118M(850M) 13.983ms
[5.841s][info ][gc,cpu       ] GC(8) User=0.06s Sys=0.00s Real=0.01s
[5.841s][info ][safepoint    ] Leaving safepoint region
[5.841s][info ][safepoint    ] Total time for which application threads were stopped: 0.0142327 seconds, Stopping threads took: 0.0000868 seconds
[5.894s][info ][safepoint    ] Application time: 0.0530777 seconds
[5.894s][info ][safepoint    ] Entering safepoint region: GenCollectForAllocation
[5.894s][info ][gc,start     ] GC(9) Pause Young (Allocation Failure)
[5.894s][info ][gc,task      ] GC(9) Using 4 workers of 4 for evacuation
[5.908s][debug][gc,ref       ] GC(9) Skipped phase1 of Reference Processing due to unavailable references
[5.908s][debug][gc,ref       ] GC(9) Skipped phase3 of Reference Processing due to unavailable references
[5.908s][debug][gc,ref       ] GC(9) Skipped phase4 of Reference Processing due to unavailable references
[5.908s][debug][gc,age       ] GC(9) Desired survivor size 15368192 bytes, new threshold 6 (max threshold 6)
[5.908s][info ][gc,heap      ] GC(9) ParNew: 255736K->16024K(270336K)
[5.908s][info ][gc,heap      ] GC(9) CMS: 105632K->105632K(600768K)
[5.908s][info ][gc,metaspace ] GC(9) Metaspace: 36641K->36641K(1081344K)
[5.908s][info ][gc           ] GC(9) Pause Young (Allocation Failure) 352M->118M(850M) 13.956ms
[5.908s][info ][gc,cpu       ] GC(9) User=0.06s Sys=0.00s Real=0.02s
[5.908s][info ][safepoint    ] Leaving safepoint region
[5.908s][info ][safepoint    ] Total time for which application threads were stopped: 0.0143733 seconds, Stopping threads took: 0.0002521 seconds
[5.941s][info ][safepoint    ] Application time: 0.0326578 seconds
[5.941s][info ][safepoint    ] Entering safepoint region: GenCollectForAllocation
[5.941s][info ][gc,start     ] GC(10) Pause Young (Allocation Failure)
[5.941s][info ][gc,task      ] GC(10) Using 4 workers of 4 for evacuation
[5.962s][debug][gc,ref       ] GC(10) Skipped phase1 of Reference Processing due to unavailable references
[5.962s][debug][gc,ref       ] GC(10) Skipped phase2 of Reference Processing due to unavailable references
[5.962s][debug][gc,ref       ] GC(10) Skipped phase3 of Reference Processing due to unavailable references
[5.962s][debug][gc,ref       ] GC(10) Skipped phase4 of Reference Processing due to unavailable references
[5.962s][debug][gc,age       ] GC(10) Desired survivor size 15368192 bytes, new threshold 6 (max threshold 6)
[5.962s][info ][gc,heap      ] GC(10) ParNew: 256344K->13004K(270336K)
[5.962s][info ][gc,heap      ] GC(10) CMS: 105632K->116328K(600768K)
[5.962s][info ][gc,metaspace ] GC(10) Metaspace: 36641K->36641K(1081344K)
[5.962s][info ][gc           ] GC(10) Pause Young (Allocation Failure) 353M->126M(850M) 20.848ms
[5.962s][info ][gc,cpu       ] GC(10) User=0.07s Sys=0.00s Real=0.02s
[5.962s][info ][safepoint    ] Leaving safepoint region
[5.962s][info ][safepoint    ] Total time for which application threads were stopped: 0.0211681 seconds, Stopping threads took: 0.0001525 seconds
[6.029s][info ][safepoint    ] Application time: 0.0667018 seconds
[6.029s][info ][safepoint    ] Entering safepoint region: GenCollectForAllocation
[6.029s][info ][gc,start     ] GC(11) Pause Young (Allocation Failure)
[6.029s][info ][gc,task      ] GC(11) Using 4 workers of 4 for evacuation
[6.034s][debug][gc,ref       ] GC(11) Skipped phase1 of Reference Processing due to unavailable references
[6.034s][debug][gc,ref       ] GC(11) Skipped phase2 of Reference Processing due to unavailable references
[6.034s][debug][gc,ref       ] GC(11) Skipped phase3 of Reference Processing due to unavailable references
[6.034s][debug][gc,ref       ] GC(11) Skipped phase4 of Reference Processing due to unavailable references
[6.034s][debug][gc,age       ] GC(11) Desired survivor size 15368192 bytes, new threshold 6 (max threshold 6)
[6.034s][info ][gc,heap      ] GC(11) ParNew: 253324K->3948K(270336K)
[6.034s][info ][gc,heap      ] GC(11) CMS: 116328K->117119K(600768K)
[6.034s][info ][gc,metaspace ] GC(11) Metaspace: 36641K->36641K(1081344K)
[6.034s][info ][gc           ] GC(11) Pause Young (Allocation Failure) 360M->118M(850M) 5.254ms
[6.034s][info ][gc,cpu       ] GC(11) User=0.03s Sys=0.00s Real=0.01s
[6.034s][info ][safepoint    ] Leaving safepoint region
[6.034s][info ][safepoint    ] Total time for which application threads were stopped: 0.0056337 seconds, Stopping threads took: 0.0001931 seconds
[6.079s][info ][safepoint    ] Application time: 0.0447845 seconds
[6.079s][info ][safepoint    ] Entering safepoint region: GenCollectForAllocation
[6.079s][info ][gc,start     ] GC(12) Pause Young (Allocation Failure)
[6.079s][info ][gc,task      ] GC(12) Using 4 workers of 4 for evacuation
[6.083s][debug][gc,ref       ] GC(12) Skipped phase1 of Reference Processing due to unavailable references
[6.083s][debug][gc,ref       ] GC(12) Skipped phase2 of Reference Processing due to unavailable references
[6.083s][debug][gc,ref       ] GC(12) Skipped phase3 of Reference Processing due to unavailable references
[6.083s][debug][gc,ref       ] GC(12) Skipped phase4 of Reference Processing due to unavailable references
[6.083s][debug][gc,age       ] GC(12) Desired survivor size 15368192 bytes, new threshold 6 (max threshold 6)
[6.083s][info ][gc,heap      ] GC(12) ParNew: 244268K->2660K(270336K)
[6.083s][info ][gc,heap      ] GC(12) CMS: 117119K->117479K(600768K)
[6.083s][info ][gc,metaspace ] GC(12) Metaspace: 36641K->36641K(1081344K)
[6.083s][info ][gc           ] GC(12) Pause Young (Allocation Failure) 352M->117M(850M) 3.747ms
[6.083s][info ][gc,cpu       ] GC(12) User=0.01s Sys=0.00s Real=0.01s
[6.083s][info ][safepoint    ] Leaving safepoint region
[6.083s][info ][safepoint    ] Total time for which application threads were stopped: 0.0040915 seconds, Stopping threads took: 0.0001635 seconds
[6.130s][info ][safepoint    ] Application time: 0.0468787 seconds
[6.130s][info ][safepoint    ] Entering safepoint region: GenCollectForAllocation
[6.130s][info ][gc,start     ] GC(13) Pause Young (Allocation Failure)
[6.130s][info ][gc,task      ] GC(13) Using 4 workers of 4 for evacuation
[6.134s][debug][gc,ref       ] GC(13) Skipped phase1 of Reference Processing due to unavailable references
[6.134s][debug][gc,ref       ] GC(13) Skipped phase2 of Reference Processing due to unavailable references
[6.134s][debug][gc,ref       ] GC(13) Skipped phase3 of Reference Processing due to unavailable references
[6.134s][debug][gc,ref       ] GC(13) Skipped phase4 of Reference Processing due to unavailable references
[6.134s][debug][gc,age       ] GC(13) Desired survivor size 15368192 bytes, new threshold 6 (max threshold 6)
[6.134s][info ][gc,heap      ] GC(13) ParNew: 242980K->1766K(270336K)
[6.134s][info ][gc,heap      ] GC(13) CMS: 117479K->118723K(600768K)
[6.134s][info ][gc,metaspace ] GC(13) Metaspace: 36641K->36641K(1081344K)
[6.134s][info ][gc           ] GC(13) Pause Young (Allocation Failure) 352M->117M(850M) 3.959ms
[6.134s][info ][gc,cpu       ] GC(13) User=0.01s Sys=0.01s Real=0.01s
[6.134s][info ][safepoint    ] Leaving safepoint region
[6.134s][info ][safepoint    ] Total time for which application threads were stopped: 0.0042281 seconds, Stopping threads took: 0.0000932 seconds
[6.189s][info ][safepoint    ] Application time: 0.0548226 seconds
[6.189s][info ][safepoint    ] Entering safepoint region: GenCollectForAllocation
[6.189s][info ][gc,start     ] GC(14) Pause Young (Allocation Failure)
[6.190s][info ][gc,task      ] GC(14) Using 4 workers of 4 for evacuation
[6.192s][debug][gc,ref       ] GC(14) Skipped phase1 of Reference Processing due to unavailable references
[6.192s][debug][gc,ref       ] GC(14) Skipped phase2 of Reference Processing due to unavailable references
[6.192s][debug][gc,ref       ] GC(14) Skipped phase3 of Reference Processing due to unavailable references
[6.192s][debug][gc,ref       ] GC(14) Skipped phase4 of Reference Processing due to unavailable references
[6.192s][debug][gc,age       ] GC(14) Desired survivor size 15368192 bytes, new threshold 6 (max threshold 6)
[6.192s][info ][gc,heap      ] GC(14) ParNew: 242086K->599K(270336K)
[6.192s][info ][gc,heap      ] GC(14) CMS: 118723K->119055K(600768K)
[6.192s][info ][gc,metaspace ] GC(14) Metaspace: 36641K->36641K(1081344K)
[6.192s][info ][gc           ] GC(14) Pause Young (Allocation Failure) 352M->116M(850M) 2.868ms
[6.192s][info ][gc,cpu       ] GC(14) User=0.01s Sys=0.00s Real=0.00s
[6.192s][info ][safepoint    ] Leaving safepoint region
[6.192s][info ][safepoint    ] Total time for which application threads were stopped: 0.0031526 seconds, Stopping threads took: 0.0000861 seconds
[6.230s][info ][safepoint    ] Application time: 0.0377010 seconds
[6.230s][info ][safepoint    ] Entering safepoint region: GenCollectForAllocation
[6.230s][info ][gc,start     ] GC(15) Pause Young (Allocation Failure)
[6.230s][info ][gc,task      ] GC(15) Using 4 workers of 4 for evacuation
[6.232s][debug][gc,ref       ] GC(15) Skipped phase1 of Reference Processing due to unavailable references
[6.232s][debug][gc,ref       ] GC(15) Skipped phase2 of Reference Processing due to unavailable references
[6.232s][debug][gc,ref       ] GC(15) Skipped phase3 of Reference Processing due to unavailable references
[6.232s][debug][gc,ref       ] GC(15) Skipped phase4 of Reference Processing due to unavailable references
[6.232s][debug][gc,age       ] GC(15) Desired survivor size 15368192 bytes, new threshold 6 (max threshold 6)
[6.232s][info ][gc,heap      ] GC(15) ParNew: 240919K->486K(270336K)
[6.232s][info ][gc,heap      ] GC(15) CMS: 119055K->119110K(600768K)
[6.232s][info ][gc,metaspace ] GC(15) Metaspace: 36641K->36641K(1081344K)
[6.232s][info ][gc           ] GC(15) Pause Young (Allocation Failure) 351M->116M(850M) 1.837ms
[6.232s][info ][gc,cpu       ] GC(15) User=0.01s Sys=0.00s Real=0.00s
[6.232s][info ][safepoint    ] Leaving safepoint region
[6.232s][info ][safepoint    ] Total time for which application threads were stopped: 0.0021768 seconds, Stopping threads took: 0.0001848 seconds
[6.277s][info ][safepoint    ] Application time: 0.0445948 seconds
[6.277s][info ][safepoint    ] Entering safepoint region: GenCollectForAllocation
[6.277s][info ][gc,start     ] GC(16) Pause Young (Allocation Failure)
[6.277s][info ][gc,task      ] GC(16) Using 4 workers of 4 for evacuation
[6.279s][debug][gc,ref       ] GC(16) Skipped phase1 of Reference Processing due to unavailable references
[6.279s][debug][gc,ref       ] GC(16) Skipped phase2 of Reference Processing due to unavailable references
[6.279s][debug][gc,ref       ] GC(16) Skipped phase3 of Reference Processing due to unavailable references
[6.279s][debug][gc,ref       ] GC(16) Skipped phase4 of Reference Processing due to unavailable references
[6.279s][debug][gc,age       ] GC(16) Desired survivor size 15368192 bytes, new threshold 6 (max threshold 6)
[6.279s][info ][gc,heap      ] GC(16) ParNew: 240806K->545K(270336K)
[6.279s][info ][gc,heap      ] GC(16) CMS: 119110K->119121K(600768K)
[6.279s][info ][gc,metaspace ] GC(16) Metaspace: 36641K->36641K(1081344K)
[6.279s][info ][gc           ] GC(16) Pause Young (Allocation Failure) 351M->116M(850M) 1.986ms
[6.279s][info ][gc,cpu       ] GC(16) User=0.01s Sys=0.00s Real=0.00s
[6.279s][info ][safepoint    ] Leaving safepoint region
[6.279s][info ][safepoint    ] Total time for which application threads were stopped: 0.0023558 seconds, Stopping threads took: 0.0002092 seconds
[6.336s][info ][safepoint    ] Application time: 0.0568144 seconds
[6.336s][info ][safepoint    ] Entering safepoint region: GenCollectForAllocation
[6.336s][info ][gc,start     ] GC(17) Pause Young (Allocation Failure)
[6.336s][info ][gc,task      ] GC(17) Using 4 workers of 4 for evacuation
[6.338s][debug][gc,ref       ] GC(17) Skipped phase1 of Reference Processing due to unavailable references
[6.338s][debug][gc,ref       ] GC(17) Skipped phase2 of Reference Processing due to unavailable references
[6.338s][debug][gc,ref       ] GC(17) Skipped phase3 of Reference Processing due to unavailable references
[6.338s][debug][gc,ref       ] GC(17) Skipped phase4 of Reference Processing due to unavailable references
[6.338s][debug][gc,age       ] GC(17) Desired survivor size 15368192 bytes, new threshold 6 (max threshold 6)
[6.338s][info ][gc,heap      ] GC(17) ParNew: 240865K->425K(270336K)
[6.338s][info ][gc,heap      ] GC(17) CMS: 119121K->119188K(600768K)
[6.338s][info ][gc,metaspace ] GC(17) Metaspace: 36641K->36641K(1081344K)
[6.338s][info ][gc           ] GC(17) Pause Young (Allocation Failure) 351M->116M(850M) 1.824ms
[6.338s][info ][gc,cpu       ] GC(17) User=0.01s Sys=0.00s Real=0.00s
[6.338s][info ][safepoint    ] Leaving safepoint region
[6.338s][info ][safepoint    ] Total time for which application threads were stopped: 0.0020840 seconds, Stopping threads took: 0.0000955 seconds
[6.372s][info ][safepoint    ] Application time: 0.0342607 seconds
[6.373s][info ][safepoint    ] Entering safepoint region: GenCollectForAllocation
[6.373s][info ][gc,start     ] GC(18) Pause Young (Allocation Failure)
[6.373s][info ][gc,task      ] GC(18) Using 4 workers of 4 for evacuation
[6.374s][debug][gc,ref       ] GC(18) Skipped phase1 of Reference Processing due to unavailable references
[6.374s][debug][gc,ref       ] GC(18) Skipped phase2 of Reference Processing due to unavailable references
[6.374s][debug][gc,ref       ] GC(18) Skipped phase3 of Reference Processing due to unavailable references
[6.374s][debug][gc,ref       ] GC(18) Skipped phase4 of Reference Processing due to unavailable references
[6.375s][debug][gc,age       ] GC(18) Desired survivor size 15368192 bytes, new threshold 6 (max threshold 6)
[6.375s][info ][gc,heap      ] GC(18) ParNew: 240745K->600K(270336K)
[6.375s][info ][gc,heap      ] GC(18) CMS: 119188K->119220K(600768K)
[6.375s][info ][gc,metaspace ] GC(18) Metaspace: 36641K->36641K(1081344K)
[6.375s][info ][gc           ] GC(18) Pause Young (Allocation Failure) 351M->117M(850M) 1.867ms
[6.375s][info ][gc,cpu       ] GC(18) User=0.01s Sys=0.00s Real=0.01s
[6.375s][info ][safepoint    ] Leaving safepoint region
[6.375s][info ][safepoint    ] Total time for which application threads were stopped: 0.0021395 seconds, Stopping threads took: 0.0001083 seconds
[6.435s][info ][safepoint    ] Application time: 0.0603013 seconds
[6.435s][info ][safepoint    ] Entering safepoint region: GenCollectForAllocation
[6.435s][info ][gc,start     ] GC(19) Pause Young (Allocation Failure)
[6.435s][info ][gc,task      ] GC(19) Using 4 workers of 4 for evacuation
[6.437s][debug][gc,ref       ] GC(19) Skipped phase1 of Reference Processing due to unavailable references
[6.437s][debug][gc,ref       ] GC(19) Skipped phase2 of Reference Processing due to unavailable references
[6.437s][debug][gc,ref       ] GC(19) Skipped phase3 of Reference Processing due to unavailable references
[6.437s][debug][gc,ref       ] GC(19) Skipped phase4 of Reference Processing due to unavailable references
[6.437s][debug][gc,age       ] GC(19) Desired survivor size 15368192 bytes, new threshold 6 (max threshold 6)
[6.437s][info ][gc,heap      ] GC(19) ParNew: 240920K->434K(270336K)
[6.437s][info ][gc,heap      ] GC(19) CMS: 119220K->119267K(600768K)
[6.437s][info ][gc,metaspace ] GC(19) Metaspace: 36642K->36642K(1081344K)
[6.437s][info ][gc           ] GC(19) Pause Young (Allocation Failure) 351M->116M(850M) 1.973ms
[6.437s][info ][gc,cpu       ] GC(19) User=0.01s Sys=0.00s Real=0.00s
[6.437s][info ][safepoint    ] Leaving safepoint region
[6.437s][info ][safepoint    ] Total time for which application threads were stopped: 0.0021988 seconds, Stopping threads took: 0.0000604 seconds
[6.476s][info ][safepoint    ] Application time: 0.0389187 seconds
[6.476s][info ][safepoint    ] Entering safepoint region: GenCollectForAllocation
[6.476s][info ][gc,start     ] GC(20) Pause Young (Allocation Failure)
[6.476s][info ][gc,task      ] GC(20) Using 4 workers of 4 for evacuation
[6.478s][debug][gc,ref       ] GC(20) Skipped phase1 of Reference Processing due to unavailable references
[6.478s][debug][gc,ref       ] GC(20) Skipped phase2 of Reference Processing due to unavailable references
[6.478s][debug][gc,ref       ] GC(20) Skipped phase3 of Reference Processing due to unavailable references
[6.478s][debug][gc,ref       ] GC(20) Skipped phase4 of Reference Processing due to unavailable references
[6.478s][debug][gc,age       ] GC(20) Desired survivor size 15368192 bytes, new threshold 6 (max threshold 6)
[6.478s][info ][gc,heap      ] GC(20) ParNew: 240754K->542K(270336K)
[6.478s][info ][gc,heap      ] GC(20) CMS: 119267K->119309K(600768K)
[6.478s][info ][gc,metaspace ] GC(20) Metaspace: 36642K->36642K(1081344K)
[6.478s][info ][gc           ] GC(20) Pause Young (Allocation Failure) 351M->117M(850M) 1.865ms
[6.478s][info ][gc,cpu       ] GC(20) User=0.00s Sys=0.00s Real=0.00s
[6.478s][info ][safepoint    ] Leaving safepoint region
[6.478s][info ][safepoint    ] Total time for which application threads were stopped: 0.0021756 seconds, Stopping threads took: 0.0001335 seconds
[6.519s][info ][safepoint    ] Application time: 0.0402863 seconds
[6.519s][info ][safepoint    ] Entering safepoint region: GenCollectForAllocation
[6.519s][info ][gc,start     ] GC(21) Pause Young (Allocation Failure)
[6.519s][info ][gc,task      ] GC(21) Using 4 workers of 4 for evacuation
[6.520s][debug][gc,ref       ] GC(21) Skipped phase1 of Reference Processing due to unavailable references
[6.520s][debug][gc,ref       ] GC(21) Skipped phase2 of Reference Processing due to unavailable references
[6.520s][debug][gc,ref       ] GC(21) Skipped phase3 of Reference Processing due to unavailable references
[6.520s][debug][gc,ref       ] GC(21) Skipped phase4 of Reference Processing due to unavailable references
[6.520s][debug][gc,age       ] GC(21) Desired survivor size 15368192 bytes, new threshold 6 (max threshold 6)
[6.521s][info ][gc,heap      ] GC(21) ParNew: 240862K->514K(270336K)
[6.521s][info ][gc,heap      ] GC(21) CMS: 119309K->119339K(600768K)
[6.521s][info ][gc,metaspace ] GC(21) Metaspace: 36642K->36642K(1081344K)
[6.521s][info ][gc           ] GC(21) Pause Young (Allocation Failure) 351M->117M(850M) 1.666ms
[6.521s][info ][gc,cpu       ] GC(21) User=0.00s Sys=0.00s Real=0.00s
[6.521s][info ][safepoint    ] Leaving safepoint region
[6.521s][info ][safepoint    ] Total time for which application threads were stopped: 0.0019181 seconds, Stopping threads took: 0.0001046 seconds
[6.579s][info ][safepoint    ] Application time: 0.0588947 seconds
[6.580s][info ][safepoint    ] Entering safepoint region: GenCollectForAllocation
[6.580s][info ][gc,start     ] GC(22) Pause Young (Allocation Failure)
[6.580s][info ][gc,task      ] GC(22) Using 4 workers of 4 for evacuation
[6.582s][debug][gc,ref       ] GC(22) Skipped phase1 of Reference Processing due to unavailable references
[6.582s][debug][gc,ref       ] GC(22) Skipped phase2 of Reference Processing due to unavailable references
[6.582s][debug][gc,ref       ] GC(22) Skipped phase3 of Reference Processing due to unavailable references
[6.582s][debug][gc,ref       ] GC(22) Skipped phase4 of Reference Processing due to unavailable references
[6.582s][debug][gc,age       ] GC(22) Desired survivor size 15368192 bytes, new threshold 6 (max threshold 6)
[6.582s][info ][gc,heap      ] GC(22) ParNew: 240834K->600K(270336K)
[6.582s][info ][gc,heap      ] GC(22) CMS: 119339K->119388K(600768K)
[6.582s][info ][gc,metaspace ] GC(22) Metaspace: 36642K->36642K(1081344K)
[6.582s][info ][gc           ] GC(22) Pause Young (Allocation Failure) 351M->117M(850M) 1.942ms
[6.582s][info ][gc,cpu       ] GC(22) User=0.01s Sys=0.00s Real=0.00s
[6.582s][info ][safepoint    ] Leaving safepoint region
[6.582s][info ][safepoint    ] Total time for which application threads were stopped: 0.0021853 seconds, Stopping threads took: 0.0000773 seconds
[6.621s][info ][safepoint    ] Application time: 0.0397111 seconds
[6.622s][info ][safepoint    ] Entering safepoint region: GenCollectForAllocation
[6.622s][info ][gc,start     ] GC(23) Pause Young (Allocation Failure)
[6.622s][info ][gc,task      ] GC(23) Using 4 workers of 4 for evacuation
[6.623s][debug][gc,ref       ] GC(23) Skipped phase1 of Reference Processing due to unavailable references
[6.623s][debug][gc,ref       ] GC(23) Skipped phase2 of Reference Processing due to unavailable references
[6.623s][debug][gc,ref       ] GC(23) Skipped phase3 of Reference Processing due to unavailable references
[6.623s][debug][gc,ref       ] GC(23) Skipped phase4 of Reference Processing due to unavailable references
[6.623s][debug][gc,age       ] GC(23) Desired survivor size 15368192 bytes, new threshold 6 (max threshold 6)
[6.623s][info ][gc,heap      ] GC(23) ParNew: 240920K->486K(270336K)
[6.624s][info ][gc,heap      ] GC(23) CMS: 119388K->119444K(600768K)
[6.624s][info ][gc,metaspace ] GC(23) Metaspace: 36642K->36642K(1081344K)
[6.624s][info ][gc           ] GC(23) Pause Young (Allocation Failure) 351M->117M(850M) 2.281ms
[6.624s][info ][gc,cpu       ] GC(23) User=0.00s Sys=0.00s Real=0.01s
[6.624s][info ][safepoint    ] Leaving safepoint region
[6.624s][info ][safepoint    ] Total time for which application threads were stopped: 0.0025328 seconds, Stopping threads took: 0.0000785 seconds
[6.664s][info ][safepoint    ] Application time: 0.0404919 seconds
[6.665s][info ][safepoint    ] Entering safepoint region: GenCollectForAllocation
[6.665s][info ][gc,start     ] GC(24) Pause Young (Allocation Failure)
[6.665s][info ][gc,task      ] GC(24) Using 4 workers of 4 for evacuation
[6.666s][debug][gc,ref       ] GC(24) Skipped phase1 of Reference Processing due to unavailable references
[6.666s][debug][gc,ref       ] GC(24) Skipped phase2 of Reference Processing due to unavailable references
[6.666s][debug][gc,ref       ] GC(24) Skipped phase3 of Reference Processing due to unavailable references
[6.666s][debug][gc,ref       ] GC(24) Skipped phase4 of Reference Processing due to unavailable references
[6.667s][debug][gc,age       ] GC(24) Desired survivor size 15368192 bytes, new threshold 6 (max threshold 6)
[6.667s][info ][gc,heap      ] GC(24) ParNew: 240806K->615K(270336K)
[6.667s][info ][gc,heap      ] GC(24) CMS: 119444K->119458K(600768K)
[6.667s][info ][gc,metaspace ] GC(24) Metaspace: 36642K->36642K(1081344K)
[6.667s][info ][gc           ] GC(24) Pause Young (Allocation Failure) 351M->117M(850M) 1.848ms
[6.667s][info ][gc,cpu       ] GC(24) User=0.01s Sys=0.00s Real=0.00s
[6.667s][info ][safepoint    ] Leaving safepoint region
[6.667s][info ][safepoint    ] Total time for which application threads were stopped: 0.0021053 seconds, Stopping threads took: 0.0001193 seconds
[6.722s][info ][safepoint    ] Application time: 0.0550117 seconds
[6.722s][info ][safepoint    ] Entering safepoint region: GenCollectForAllocation
[6.722s][info ][gc,start     ] GC(25) Pause Young (Allocation Failure)
[6.722s][info ][gc,task      ] GC(25) Using 4 workers of 4 for evacuation
[6.724s][debug][gc,ref       ] GC(25) Skipped phase1 of Reference Processing due to unavailable references
[6.724s][debug][gc,ref       ] GC(25) Skipped phase2 of Reference Processing due to unavailable references
[6.724s][debug][gc,ref       ] GC(25) Skipped phase3 of Reference Processing due to unavailable references
[6.724s][debug][gc,ref       ] GC(25) Skipped phase4 of Reference Processing due to unavailable references
[6.724s][debug][gc,age       ] GC(25) Desired survivor size 15368192 bytes, new threshold 6 (max threshold 6)
[6.724s][info ][gc,heap      ] GC(25) ParNew: 240935K->533K(270336K)
[6.724s][info ][gc,heap      ] GC(25) CMS: 119458K->119534K(600768K)
[6.724s][info ][gc,metaspace ] GC(25) Metaspace: 36642K->36642K(1081344K)
[6.724s][info ][gc           ] GC(25) Pause Young (Allocation Failure) 351M->117M(850M) 1.955ms
[6.724s][info ][gc,cpu       ] GC(25) User=0.01s Sys=0.00s Real=0.01s
[6.724s][info ][safepoint    ] Leaving safepoint region
[6.724s][info ][safepoint    ] Total time for which application threads were stopped: 0.0022941 seconds, Stopping threads took: 0.0000917 seconds
[6.758s][info ][safepoint    ] Application time: 0.0338691 seconds
[6.758s][info ][safepoint    ] Entering safepoint region: GenCollectForAllocation
[6.758s][info ][gc,start     ] GC(26) Pause Young (Allocation Failure)
[6.758s][info ][gc,task      ] GC(26) Using 4 workers of 4 for evacuation
[6.760s][debug][gc,ref       ] GC(26) Skipped phase1 of Reference Processing due to unavailable references
[6.760s][debug][gc,ref       ] GC(26) Skipped phase2 of Reference Processing due to unavailable references
[6.760s][debug][gc,ref       ] GC(26) Skipped phase3 of Reference Processing due to unavailable references
[6.760s][debug][gc,ref       ] GC(26) Skipped phase4 of Reference Processing due to unavailable references
[6.760s][debug][gc,age       ] GC(26) Desired survivor size 15368192 bytes, new threshold 6 (max threshold 6)
[6.760s][info ][gc,heap      ] GC(26) ParNew: 240853K->618K(270336K)
[6.760s][info ][gc,heap      ] GC(26) CMS: 119534K->119550K(600768K)
[6.760s][info ][gc,metaspace ] GC(26) Metaspace: 36642K->36642K(1081344K)
[6.760s][info ][gc           ] GC(26) Pause Young (Allocation Failure) 351M->117M(850M) 1.856ms
[6.760s][info ][gc,cpu       ] GC(26) User=0.01s Sys=0.00s Real=0.00s
[6.760s][info ][safepoint    ] Leaving safepoint region
[6.760s][info ][safepoint    ] Total time for which application threads were stopped: 0.0021368 seconds, Stopping threads took: 0.0001105 seconds
[6.824s][info ][safepoint    ] Application time: 0.0642937 seconds
[6.824s][info ][safepoint    ] Entering safepoint region: GenCollectForAllocation
[6.825s][info ][gc,start     ] GC(27) Pause Young (Allocation Failure)
[6.825s][info ][gc,task      ] GC(27) Using 4 workers of 4 for evacuation
[6.826s][debug][gc,ref       ] GC(27) Skipped phase1 of Reference Processing due to unavailable references
[6.826s][debug][gc,ref       ] GC(27) Skipped phase2 of Reference Processing due to unavailable references
[6.826s][debug][gc,ref       ] GC(27) Skipped phase3 of Reference Processing due to unavailable references
[6.826s][debug][gc,ref       ] GC(27) Skipped phase4 of Reference Processing due to unavailable references
[6.826s][debug][gc,age       ] GC(27) Desired survivor size 15368192 bytes, new threshold 6 (max threshold 6)
[6.827s][info ][gc,heap      ] GC(27) ParNew: 240938K->556K(270336K)
[6.827s][info ][gc,heap      ] GC(27) CMS: 119550K->119602K(600768K)
[6.827s][info ][gc,metaspace ] GC(27) Metaspace: 36642K->36642K(1081344K)
[6.827s][info ][gc           ] GC(27) Pause Young (Allocation Failure) 352M->117M(850M) 1.930ms
[6.827s][info ][gc,cpu       ] GC(27) User=0.01s Sys=0.00s Real=0.00s
[6.827s][info ][safepoint    ] Leaving safepoint region
[6.827s][info ][safepoint    ] Total time for which application threads were stopped: 0.0022429 seconds, Stopping threads took: 0.0001589 seconds
[6.859s][info ][safepoint    ] Application time: 0.0326306 seconds
[6.859s][info ][safepoint    ] Entering safepoint region: GenCollectForAllocation
[6.860s][info ][gc,start     ] GC(28) Pause Young (Allocation Failure)
[6.860s][info ][gc,task      ] GC(28) Using 4 workers of 4 for evacuation
[6.861s][debug][gc,ref       ] GC(28) Skipped phase1 of Reference Processing due to unavailable references
[6.861s][debug][gc,ref       ] GC(28) Skipped phase2 of Reference Processing due to unavailable references
[6.861s][debug][gc,ref       ] GC(28) Skipped phase3 of Reference Processing due to unavailable references
[6.861s][debug][gc,ref       ] GC(28) Skipped phase4 of Reference Processing due to unavailable references
[6.861s][debug][gc,age       ] GC(28) Desired survivor size 15368192 bytes, new threshold 6 (max threshold 6)
[6.861s][info ][gc,heap      ] GC(28) ParNew: 240876K->570K(270336K)
[6.861s][info ][gc,heap      ] GC(28) CMS: 119602K->119655K(600768K)
[6.861s][info ][gc,metaspace ] GC(28) Metaspace: 36642K->36642K(1081344K)
[6.861s][info ][gc           ] GC(28) Pause Young (Allocation Failure) 352M->117M(850M) 1.840ms
[6.861s][info ][gc,cpu       ] GC(28) User=0.01s Sys=0.00s Real=0.00s
[6.861s][info ][safepoint    ] Leaving safepoint region
[6.861s][info ][safepoint    ] Total time for which application threads were stopped: 0.0021470 seconds, Stopping threads took: 0.0001433 seconds
[6.916s][info ][safepoint    ] Application time: 0.0541307 seconds
[6.916s][info ][safepoint    ] Entering safepoint region: GenCollectForAllocation
[6.916s][info ][gc,start     ] GC(29) Pause Young (Allocation Failure)
[6.916s][info ][gc,task      ] GC(29) Using 4 workers of 4 for evacuation
[6.918s][debug][gc,ref       ] GC(29) Skipped phase1 of Reference Processing due to unavailable references
[6.918s][debug][gc,ref       ] GC(29) Skipped phase2 of Reference Processing due to unavailable references
[6.918s][debug][gc,ref       ] GC(29) Skipped phase3 of Reference Processing due to unavailable references
[6.918s][debug][gc,ref       ] GC(29) Skipped phase4 of Reference Processing due to unavailable references
[6.918s][debug][gc,age       ] GC(29) Desired survivor size 15368192 bytes, new threshold 6 (max threshold 6)
[6.918s][info ][gc,heap      ] GC(29) ParNew: 240890K->640K(270336K)
[6.918s][info ][gc,heap      ] GC(29) CMS: 119655K->119688K(600768K)
[6.918s][info ][gc,metaspace ] GC(29) Metaspace: 36642K->36642K(1081344K)
[6.918s][info ][gc           ] GC(29) Pause Young (Allocation Failure) 352M->117M(850M) 2.124ms
[6.918s][info ][gc,cpu       ] GC(29) User=0.01s Sys=0.00s Real=0.00s
[6.918s][info ][safepoint    ] Leaving safepoint region
[6.918s][info ][safepoint    ] Total time for which application threads were stopped: 0.0025299 seconds, Stopping threads took: 0.0002474 seconds
[6.965s][info ][safepoint    ] Application time: 0.0467295 seconds
[6.965s][info ][safepoint    ] Entering safepoint region: GenCollectForAllocation
[6.965s][info ][gc,start     ] GC(30) Pause Young (Allocation Failure)
[6.965s][info ][gc,task      ] GC(30) Using 4 workers of 4 for evacuation
[6.968s][debug][gc,ref       ] GC(30) Skipped phase1 of Reference Processing due to unavailable references
[6.968s][debug][gc,ref       ] GC(30) Skipped phase2 of Reference Processing due to unavailable references
[6.968s][debug][gc,ref       ] GC(30) Skipped phase3 of Reference Processing due to unavailable references
[6.968s][debug][gc,ref       ] GC(30) Skipped phase4 of Reference Processing due to unavailable references
[6.968s][debug][gc,age       ] GC(30) Desired survivor size 15368192 bytes, new threshold 6 (max threshold 6)
[6.968s][info ][gc,heap      ] GC(30) ParNew: 240960K->467K(270336K)
[6.968s][info ][gc,heap      ] GC(30) CMS: 119688K->119746K(600768K)
[6.968s][info ][gc,metaspace ] GC(30) Metaspace: 36643K->36643K(1081344K)
[6.968s][info ][gc           ] GC(30) Pause Young (Allocation Failure) 352M->117M(850M) 2.602ms
[6.968s][info ][gc,cpu       ] GC(30) User=0.01s Sys=0.00s Real=0.00s
[6.968s][info ][safepoint    ] Leaving safepoint region
[6.968s][info ][safepoint    ] Total time for which application threads were stopped: 0.0029560 seconds, Stopping threads took: 0.0001705 seconds
[7.024s][info ][safepoint    ] Application time: 0.0560370 seconds
[7.024s][info ][safepoint    ] Entering safepoint region: GenCollectForAllocation
[7.024s][info ][gc,start     ] GC(31) Pause Young (Allocation Failure)
[7.024s][info ][gc,task      ] GC(31) Using 4 workers of 4 for evacuation
[7.026s][debug][gc,ref       ] GC(31) Skipped phase1 of Reference Processing due to unavailable references
[7.026s][debug][gc,ref       ] GC(31) Skipped phase2 of Reference Processing due to unavailable references
[7.026s][debug][gc,ref       ] GC(31) Skipped phase3 of Reference Processing due to unavailable references
[7.026s][debug][gc,ref       ] GC(31) Skipped phase4 of Reference Processing due to unavailable references
[7.026s][debug][gc,age       ] GC(31) Desired survivor size 15368192 bytes, new threshold 6 (max threshold 6)
[7.026s][info ][gc,heap      ] GC(31) ParNew: 240787K->573K(270336K)
[7.026s][info ][gc,heap      ] GC(31) CMS: 119746K->119800K(600768K)
[7.026s][info ][gc,metaspace ] GC(31) Metaspace: 36643K->36643K(1081344K)
[7.026s][info ][gc           ] GC(31) Pause Young (Allocation Failure) 352M->117M(850M) 1.792ms
[7.026s][info ][gc,cpu       ] GC(31) User=0.00s Sys=0.00s Real=0.00s
[7.026s][info ][safepoint    ] Leaving safepoint region
[7.026s][info ][safepoint    ] Total time for which application threads were stopped: 0.0020438 seconds, Stopping threads took: 0.0001191 seconds
[7.076s][info ][safepoint    ] Application time: 0.0498468 seconds
[7.076s][info ][safepoint    ] Entering safepoint region: GenCollectForAllocation
[7.076s][info ][gc,start     ] GC(32) Pause Young (Allocation Failure)
[7.076s][info ][gc,task      ] GC(32) Using 4 workers of 4 for evacuation
[7.078s][debug][gc,ref       ] GC(32) Skipped phase1 of Reference Processing due to unavailable references
[7.078s][debug][gc,ref       ] GC(32) Skipped phase2 of Reference Processing due to unavailable references
[7.078s][debug][gc,ref       ] GC(32) Skipped phase3 of Reference Processing due to unavailable references
[7.078s][debug][gc,ref       ] GC(32) Skipped phase4 of Reference Processing due to unavailable references
[7.078s][debug][gc,age       ] GC(32) Desired survivor size 15368192 bytes, new threshold 6 (max threshold 6)
[7.078s][info ][gc,heap      ] GC(32) ParNew: 240893K->601K(270336K)
[7.078s][info ][gc,heap      ] GC(32) CMS: 119800K->119817K(600768K)
[7.078s][info ][gc,metaspace ] GC(32) Metaspace: 36643K->36643K(1081344K)
[7.078s][info ][gc           ] GC(32) Pause Young (Allocation Failure) 352M->117M(850M) 1.907ms
[7.078s][info ][gc,cpu       ] GC(32) User=0.00s Sys=0.00s Real=0.00s
[7.078s][info ][safepoint    ] Leaving safepoint region
[7.078s][info ][safepoint    ] Total time for which application threads were stopped: 0.0021552 seconds, Stopping threads took: 0.0001018 seconds
[7.122s][info ][safepoint    ] Application time: 0.0437583 seconds
[7.122s][info ][safepoint    ] Entering safepoint region: GenCollectForAllocation
[7.122s][info ][gc,start     ] GC(33) Pause Young (Allocation Failure)
[7.122s][info ][gc,task      ] GC(33) Using 4 workers of 4 for evacuation
[7.124s][debug][gc,ref       ] GC(33) Skipped phase1 of Reference Processing due to unavailable references
[7.124s][debug][gc,ref       ] GC(33) Skipped phase2 of Reference Processing due to unavailable references
[7.124s][debug][gc,ref       ] GC(33) Skipped phase3 of Reference Processing due to unavailable references
[7.124s][debug][gc,ref       ] GC(33) Skipped phase4 of Reference Processing due to unavailable references
[7.124s][debug][gc,age       ] GC(33) Desired survivor size 15368192 bytes, new threshold 6 (max threshold 6)
[7.124s][info ][gc,heap      ] GC(33) ParNew: 240921K->652K(270336K)
[7.124s][info ][gc,heap      ] GC(33) CMS: 119817K->119905K(600768K)
[7.124s][info ][gc,metaspace ] GC(33) Metaspace: 36643K->36643K(1081344K)
[7.125s][info ][gc           ] GC(33) Pause Young (Allocation Failure) 352M->117M(850M) 2.189ms
[7.125s][info ][gc,cpu       ] GC(33) User=0.00s Sys=0.00s Real=0.00s
[7.125s][info ][safepoint    ] Leaving safepoint region
[7.125s][info ][safepoint    ] Total time for which application threads were stopped: 0.0028021 seconds, Stopping threads took: 0.0004405 seconds
[7.168s][info ][safepoint    ] Application time: 0.0436988 seconds
[7.168s][info ][safepoint    ] Entering safepoint region: GenCollectForAllocation
[7.168s][info ][gc,start     ] GC(34) Pause Young (Allocation Failure)
[7.169s][info ][gc,task      ] GC(34) Using 4 workers of 4 for evacuation
[7.170s][debug][gc,ref       ] GC(34) Skipped phase1 of Reference Processing due to unavailable references
[7.170s][debug][gc,ref       ] GC(34) Skipped phase2 of Reference Processing due to unavailable references
[7.170s][debug][gc,ref       ] GC(34) Skipped phase3 of Reference Processing due to unavailable references
[7.170s][debug][gc,ref       ] GC(34) Skipped phase4 of Reference Processing due to unavailable references
[7.170s][debug][gc,age       ] GC(34) Desired survivor size 15368192 bytes, new threshold 6 (max threshold 6)
[7.170s][info ][gc,heap      ] GC(34) ParNew: 240972K->449K(270336K)
[7.170s][info ][gc,heap      ] GC(34) CMS: 119905K->119916K(600768K)
[7.170s][info ][gc,metaspace ] GC(34) Metaspace: 36643K->36643K(1081344K)
[7.170s][info ][gc           ] GC(34) Pause Young (Allocation Failure) 352M->117M(850M) 1.898ms
[7.170s][info ][gc,cpu       ] GC(34) User=0.01s Sys=0.00s Real=0.00s
[7.170s][info ][safepoint    ] Leaving safepoint region
[7.170s][info ][safepoint    ] Total time for which application threads were stopped: 0.0021564 seconds, Stopping threads took: 0.0001067 seconds
[7.222s][info ][safepoint    ] Application time: 0.0512468 seconds
[7.222s][info ][safepoint    ] Entering safepoint region: GenCollectForAllocation
[7.222s][info ][gc,start     ] GC(35) Pause Young (Allocation Failure)
[7.222s][info ][gc,task      ] GC(35) Using 4 workers of 4 for evacuation
[7.224s][debug][gc,ref       ] GC(35) Skipped phase1 of Reference Processing due to unavailable references
[7.224s][debug][gc,ref       ] GC(35) Skipped phase2 of Reference Processing due to unavailable references
[7.224s][debug][gc,ref       ] GC(35) Skipped phase3 of Reference Processing due to unavailable references
[7.224s][debug][gc,ref       ] GC(35) Skipped phase4 of Reference Processing due to unavailable references
[7.224s][debug][gc,age       ] GC(35) Desired survivor size 15368192 bytes, new threshold 6 (max threshold 6)
[7.224s][info ][gc,heap      ] GC(35) ParNew: 240769K->506K(270336K)
[7.224s][info ][gc,heap      ] GC(35) CMS: 119916K->119978K(600768K)
[7.224s][info ][gc,metaspace ] GC(35) Metaspace: 36643K->36643K(1081344K)
[7.224s][info ][gc           ] GC(35) Pause Young (Allocation Failure) 352M->117M(850M) 1.997ms
[7.224s][info ][gc,cpu       ] GC(35) User=0.01s Sys=0.00s Real=0.01s
[7.224s][info ][safepoint    ] Leaving safepoint region
[7.224s][info ][safepoint    ] Total time for which application threads were stopped: 0.0022617 seconds, Stopping threads took: 0.0000858 seconds
[7.261s][info ][safepoint    ] Application time: 0.0365213 seconds
[7.261s][info ][safepoint    ] Entering safepoint region: GenCollectForAllocation
[7.261s][info ][gc,start     ] GC(36) Pause Young (Allocation Failure)
[7.261s][info ][gc,task      ] GC(36) Using 4 workers of 4 for evacuation
[7.263s][debug][gc,ref       ] GC(36) Skipped phase1 of Reference Processing due to unavailable references
[7.263s][debug][gc,ref       ] GC(36) Skipped phase2 of Reference Processing due to unavailable references
[7.263s][debug][gc,ref       ] GC(36) Skipped phase3 of Reference Processing due to unavailable references
[7.263s][debug][gc,ref       ] GC(36) Skipped phase4 of Reference Processing due to unavailable references
[7.263s][debug][gc,age       ] GC(36) Desired survivor size 15368192 bytes, new threshold 6 (max threshold 6)
[7.263s][info ][gc,heap      ] GC(36) ParNew: 240826K->541K(270336K)
[7.263s][info ][gc,heap      ] GC(36) CMS: 119978K->120021K(600768K)
[7.263s][info ][gc,metaspace ] GC(36) Metaspace: 36644K->36644K(1081344K)
[7.263s][info ][gc           ] GC(36) Pause Young (Allocation Failure) 352M->117M(850M) 1.981ms
[7.263s][info ][gc,cpu       ] GC(36) User=0.01s Sys=0.00s Real=0.01s
[7.263s][info ][safepoint    ] Leaving safepoint region
[7.263s][info ][safepoint    ] Total time for which application threads were stopped: 0.0022490 seconds, Stopping threads took: 0.0001194 seconds
[7.319s][info ][safepoint    ] Application time: 0.0565245 seconds
[7.319s][info ][safepoint    ] Entering safepoint region: GenCollectForAllocation
[7.320s][info ][gc,start     ] GC(37) Pause Young (Allocation Failure)
[7.320s][info ][gc,task      ] GC(37) Using 4 workers of 4 for evacuation
[7.322s][debug][gc,ref       ] GC(37) Skipped phase1 of Reference Processing due to unavailable references
[7.322s][debug][gc,ref       ] GC(37) Skipped phase2 of Reference Processing due to unavailable references
[7.322s][debug][gc,ref       ] GC(37) Skipped phase3 of Reference Processing due to unavailable references
[7.322s][debug][gc,ref       ] GC(37) Skipped phase4 of Reference Processing due to unavailable references
[7.322s][debug][gc,age       ] GC(37) Desired survivor size 15368192 bytes, new threshold 6 (max threshold 6)
[7.322s][info ][gc,heap      ] GC(37) ParNew: 240861K->619K(270336K)
[7.322s][info ][gc,heap      ] GC(37) CMS: 120021K->120075K(600768K)
[7.322s][info ][gc,metaspace ] GC(37) Metaspace: 36649K->36649K(1081344K)
[7.322s][info ][gc           ] GC(37) Pause Young (Allocation Failure) 352M->117M(850M) 2.077ms
[7.322s][info ][gc,cpu       ] GC(37) User=0.01s Sys=0.00s Real=0.00s
[7.322s][info ][safepoint    ] Leaving safepoint region
[7.322s][info ][safepoint    ] Total time for which application threads were stopped: 0.0023912 seconds, Stopping threads took: 0.0001351 seconds
[7.373s][info ][safepoint    ] Application time: 0.0508973 seconds
[7.373s][info ][safepoint    ] Entering safepoint region: GenCollectForAllocation
[7.373s][info ][gc,start     ] GC(38) Pause Young (Allocation Failure)
[7.373s][info ][gc,task      ] GC(38) Using 4 workers of 4 for evacuation
[7.375s][debug][gc,ref       ] GC(38) Skipped phase1 of Reference Processing due to unavailable references
[7.375s][debug][gc,ref       ] GC(38) Skipped phase2 of Reference Processing due to unavailable references
[7.375s][debug][gc,ref       ] GC(38) Skipped phase3 of Reference Processing due to unavailable references
[7.375s][debug][gc,ref       ] GC(38) Skipped phase4 of Reference Processing due to unavailable references
[7.375s][debug][gc,age       ] GC(38) Desired survivor size 15368192 bytes, new threshold 6 (max threshold 6)
[7.375s][info ][gc,heap      ] GC(38) ParNew: 240939K->463K(270336K)
[7.375s][info ][gc,heap      ] GC(38) CMS: 120075K->120120K(600768K)
[7.375s][info ][gc,metaspace ] GC(38) Metaspace: 36649K->36649K(1081344K)
[7.375s][info ][gc           ] GC(38) Pause Young (Allocation Failure) 352M->117M(850M) 2.153ms
[7.375s][info ][gc,cpu       ] GC(38) User=0.01s Sys=0.00s Real=0.01s
[7.375s][info ][safepoint    ] Leaving safepoint region
[7.375s][info ][safepoint    ] Total time for which application threads were stopped: 0.0024396 seconds, Stopping threads took: 0.0001327 seconds
[7.424s][info ][safepoint    ] Application time: 0.0488067 seconds
[7.424s][info ][safepoint    ] Entering safepoint region: GenCollectForAllocation
[7.424s][info ][gc,start     ] GC(39) Pause Young (Allocation Failure)
[7.424s][info ][gc,task      ] GC(39) Using 4 workers of 4 for evacuation
[7.426s][debug][gc,ref       ] GC(39) Skipped phase1 of Reference Processing due to unavailable references
[7.426s][debug][gc,ref       ] GC(39) Skipped phase2 of Reference Processing due to unavailable references
[7.426s][debug][gc,ref       ] GC(39) Skipped phase3 of Reference Processing due to unavailable references
[7.426s][debug][gc,ref       ] GC(39) Skipped phase4 of Reference Processing due to unavailable references
[7.426s][debug][gc,age       ] GC(39) Desired survivor size 15368192 bytes, new threshold 6 (max threshold 6)
[7.426s][info ][gc,heap      ] GC(39) ParNew: 240783K->445K(270336K)
[7.426s][info ][gc,heap      ] GC(39) CMS: 120120K->120159K(600768K)
[7.426s][info ][gc,metaspace ] GC(39) Metaspace: 36649K->36649K(1081344K)
[7.426s][info ][gc           ] GC(39) Pause Young (Allocation Failure) 352M->117M(850M) 1.826ms
[7.426s][info ][gc,cpu       ] GC(39) User=0.00s Sys=0.00s Real=0.00s
[7.426s][info ][safepoint    ] Leaving safepoint region
[7.426s][info ][safepoint    ] Total time for which application threads were stopped: 0.0021635 seconds, Stopping threads took: 0.0001721 seconds
[7.467s][info ][safepoint    ] Application time: 0.0407929 seconds
[7.467s][info ][safepoint    ] Entering safepoint region: GenCollectForAllocation
[7.468s][info ][gc,start     ] GC(40) Pause Young (Allocation Failure)
[7.468s][info ][gc,task      ] GC(40) Using 4 workers of 4 for evacuation
[7.469s][debug][gc,ref       ] GC(40) Skipped phase1 of Reference Processing due to unavailable references
[7.469s][debug][gc,ref       ] GC(40) Skipped phase2 of Reference Processing due to unavailable references
[7.469s][debug][gc,ref       ] GC(40) Skipped phase3 of Reference Processing due to unavailable references
[7.469s][debug][gc,ref       ] GC(40) Skipped phase4 of Reference Processing due to unavailable references
[7.469s][debug][gc,age       ] GC(40) Desired survivor size 15368192 bytes, new threshold 6 (max threshold 6)
[7.469s][info ][gc,heap      ] GC(40) ParNew: 240765K->536K(270336K)
[7.469s][info ][gc,heap      ] GC(40) CMS: 120159K->120212K(600768K)
[7.469s][info ][gc,metaspace ] GC(40) Metaspace: 36649K->36649K(1081344K)
[7.469s][info ][gc           ] GC(40) Pause Young (Allocation Failure) 352M->117M(850M) 1.817ms
[7.469s][info ][gc,cpu       ] GC(40) User=0.01s Sys=0.00s Real=0.00s
[7.469s][info ][safepoint    ] Leaving safepoint region
[7.469s][info ][safepoint    ] Total time for which application threads were stopped: 0.0024370 seconds, Stopping threads took: 0.0002716 seconds
[7.528s][info ][safepoint    ] Application time: 0.0585233 seconds
[7.528s][info ][safepoint    ] Entering safepoint region: GenCollectForAllocation
[7.528s][info ][gc,start     ] GC(41) Pause Young (Allocation Failure)
[7.528s][info ][gc,task      ] GC(41) Using 4 workers of 4 for evacuation
[7.530s][debug][gc,ref       ] GC(41) Skipped phase1 of Reference Processing due to unavailable references
[7.530s][debug][gc,ref       ] GC(41) Skipped phase2 of Reference Processing due to unavailable references
[7.530s][debug][gc,ref       ] GC(41) Skipped phase3 of Reference Processing due to unavailable references
[7.530s][debug][gc,ref       ] GC(41) Skipped phase4 of Reference Processing due to unavailable references
[7.530s][debug][gc,age       ] GC(41) Desired survivor size 15368192 bytes, new threshold 6 (max threshold 6)
[7.530s][info ][gc,heap      ] GC(41) ParNew: 240856K->530K(270336K)
[7.530s][info ][gc,heap      ] GC(41) CMS: 120212K->120257K(600768K)
[7.530s][info ][gc,metaspace ] GC(41) Metaspace: 36650K->36650K(1081344K)
[7.530s][info ][gc           ] GC(41) Pause Young (Allocation Failure) 352M->117M(850M) 1.902ms
[7.530s][info ][gc,cpu       ] GC(41) User=0.01s Sys=0.00s Real=0.00s
[7.530s][info ][safepoint    ] Leaving safepoint region
[7.530s][info ][safepoint    ] Total time for which application threads were stopped: 0.0023164 seconds, Stopping threads took: 0.0002413 seconds
[7.569s][info ][safepoint    ] Application time: 0.0390115 seconds
[7.569s][info ][safepoint    ] Entering safepoint region: GenCollectForAllocation
[7.570s][info ][gc,start     ] GC(42) Pause Young (Allocation Failure)
[7.570s][info ][gc,task      ] GC(42) Using 4 workers of 4 for evacuation
[7.571s][debug][gc,ref       ] GC(42) Skipped phase1 of Reference Processing due to unavailable references
[7.571s][debug][gc,ref       ] GC(42) Skipped phase2 of Reference Processing due to unavailable references
[7.571s][debug][gc,ref       ] GC(42) Skipped phase3 of Reference Processing due to unavailable references
[7.571s][debug][gc,ref       ] GC(42) Skipped phase4 of Reference Processing due to unavailable references
[7.572s][debug][gc,age       ] GC(42) Desired survivor size 15368192 bytes, new threshold 6 (max threshold 6)
[7.572s][info ][gc,heap      ] GC(42) ParNew: 240850K->643K(270336K)
[7.572s][info ][gc,heap      ] GC(42) CMS: 120257K->120296K(600768K)
[7.572s][info ][gc,metaspace ] GC(42) Metaspace: 36650K->36650K(1081344K)
[7.572s][info ][gc           ] GC(42) Pause Young (Allocation Failure) 352M->118M(850M) 1.998ms
[7.572s][info ][gc,cpu       ] GC(42) User=0.01s Sys=0.00s Real=0.00s
[7.572s][info ][safepoint    ] Leaving safepoint region
[7.572s][info ][safepoint    ] Total time for which application threads were stopped: 0.0022655 seconds, Stopping threads took: 0.0000937 seconds
[7.622s][info ][safepoint    ] Application time: 0.0501848 seconds
[7.622s][info ][safepoint    ] Entering safepoint region: GenCollectForAllocation
[7.622s][info ][gc,start     ] GC(43) Pause Young (Allocation Failure)
[7.622s][info ][gc,task      ] GC(43) Using 4 workers of 4 for evacuation
[7.624s][debug][gc,ref       ] GC(43) Skipped phase1 of Reference Processing due to unavailable references
[7.624s][debug][gc,ref       ] GC(43) Skipped phase2 of Reference Processing due to unavailable references
[7.624s][debug][gc,ref       ] GC(43) Skipped phase3 of Reference Processing due to unavailable references
[7.624s][debug][gc,ref       ] GC(43) Skipped phase4 of Reference Processing due to unavailable references
[7.624s][debug][gc,age       ] GC(43) Desired survivor size 15368192 bytes, new threshold 6 (max threshold 6)
[7.624s][info ][gc,heap      ] GC(43) ParNew: 240963K->577K(270336K)
[7.624s][info ][gc,heap      ] GC(43) CMS: 120296K->120351K(600768K)
[7.624s][info ][gc,metaspace ] GC(43) Metaspace: 36650K->36650K(1081344K)
[7.624s][info ][gc           ] GC(43) Pause Young (Allocation Failure) 352M->118M(850M) 1.895ms
[7.624s][info ][gc,cpu       ] GC(43) User=0.00s Sys=0.00s Real=0.01s
[7.624s][info ][safepoint    ] Leaving safepoint region
[7.624s][info ][safepoint    ] Total time for which application threads were stopped: 0.0021005 seconds, Stopping threads took: 0.0000642 seconds
[7.668s][info ][safepoint    ] Application time: 0.0444944 seconds
[7.669s][info ][safepoint    ] Entering safepoint region: GenCollectForAllocation
[7.669s][info ][gc,start     ] GC(44) Pause Young (Allocation Failure)
[7.669s][info ][gc,task      ] GC(44) Using 4 workers of 4 for evacuation
[7.670s][debug][gc,ref       ] GC(44) Skipped phase1 of Reference Processing due to unavailable references
[7.670s][debug][gc,ref       ] GC(44) Skipped phase2 of Reference Processing due to unavailable references
[7.670s][debug][gc,ref       ] GC(44) Skipped phase3 of Reference Processing due to unavailable references
[7.670s][debug][gc,ref       ] GC(44) Skipped phase4 of Reference Processing due to unavailable references
[7.671s][debug][gc,age       ] GC(44) Desired survivor size 15368192 bytes, new threshold 6 (max threshold 6)
[7.671s][info ][gc,heap      ] GC(44) ParNew: 240897K->563K(270336K)
[7.671s][info ][gc,heap      ] GC(44) CMS: 120351K->120392K(600768K)
[7.671s][info ][gc,metaspace ] GC(44) Metaspace: 36650K->36650K(1081344K)
[7.671s][info ][gc           ] GC(44) Pause Young (Allocation Failure) 352M->118M(850M) 1.841ms
[7.671s][info ][gc,cpu       ] GC(44) User=0.00s Sys=0.00s Real=0.00s
[7.671s][info ][safepoint    ] Leaving safepoint region
[7.671s][info ][safepoint    ] Total time for which application threads were stopped: 0.0021529 seconds, Stopping threads took: 0.0001406 seconds
[7.713s][info ][safepoint    ] Application time: 0.0428255 seconds
[7.714s][info ][safepoint    ] Entering safepoint region: GenCollectForAllocation
[7.714s][info ][gc,start     ] GC(45) Pause Young (Allocation Failure)
[7.714s][info ][gc,task      ] GC(45) Using 4 workers of 4 for evacuation
[7.716s][debug][gc,ref       ] GC(45) Skipped phase1 of Reference Processing due to unavailable references
[7.716s][debug][gc,ref       ] GC(45) Skipped phase2 of Reference Processing due to unavailable references
[7.716s][debug][gc,ref       ] GC(45) Skipped phase3 of Reference Processing due to unavailable references
[7.716s][debug][gc,ref       ] GC(45) Skipped phase4 of Reference Processing due to unavailable references
[7.716s][debug][gc,age       ] GC(45) Desired survivor size 15368192 bytes, new threshold 6 (max threshold 6)
[7.716s][info ][gc,heap      ] GC(45) ParNew: 240883K->674K(270336K)
[7.716s][info ][gc,heap      ] GC(45) CMS: 120392K->120441K(600768K)
[7.716s][info ][gc,metaspace ] GC(45) Metaspace: 36650K->36650K(1081344K)
[7.716s][info ][gc           ] GC(45) Pause Young (Allocation Failure) 352M->118M(850M) 2.412ms
[7.716s][info ][gc,cpu       ] GC(45) User=0.00s Sys=0.00s Real=0.01s
[7.716s][info ][safepoint    ] Leaving safepoint region
[7.716s][info ][safepoint    ] Total time for which application threads were stopped: 0.0026323 seconds, Stopping threads took: 0.0000752 seconds
[7.768s][info ][safepoint    ] Application time: 0.0521942 seconds
[7.768s][info ][safepoint    ] Entering safepoint region: GenCollectForAllocation
[7.769s][info ][gc,start     ] GC(46) Pause Young (Allocation Failure)
[7.769s][info ][gc,task      ] GC(46) Using 4 workers of 4 for evacuation
[7.770s][debug][gc,ref       ] GC(46) Skipped phase1 of Reference Processing due to unavailable references
[7.770s][debug][gc,ref       ] GC(46) Skipped phase2 of Reference Processing due to unavailable references
[7.770s][debug][gc,ref       ] GC(46) Skipped phase3 of Reference Processing due to unavailable references
[7.770s][debug][gc,ref       ] GC(46) Skipped phase4 of Reference Processing due to unavailable references
[7.770s][debug][gc,age       ] GC(46) Desired survivor size 15368192 bytes, new threshold 6 (max threshold 6)
[7.770s][info ][gc,heap      ] GC(46) ParNew: 240994K->538K(270336K)
[7.770s][info ][gc,heap      ] GC(46) CMS: 120441K->120482K(600768K)
[7.770s][info ][gc,metaspace ] GC(46) Metaspace: 36650K->36650K(1081344K)
[7.771s][info ][gc           ] GC(46) Pause Young (Allocation Failure) 352M->118M(850M) 1.971ms
[7.771s][info ][gc,cpu       ] GC(46) User=0.00s Sys=0.00s Real=0.00s
[7.771s][info ][safepoint    ] Leaving safepoint region
[7.771s][info ][safepoint    ] Total time for which application threads were stopped: 0.0022151 seconds, Stopping threads took: 0.0000889 seconds
[7.812s][info ][safepoint    ] Application time: 0.0418170 seconds
[7.813s][info ][safepoint    ] Entering safepoint region: GenCollectForAllocation
[7.813s][info ][gc,start     ] GC(47) Pause Young (Allocation Failure)
[7.813s][info ][gc,task      ] GC(47) Using 4 workers of 4 for evacuation
[7.815s][debug][gc,ref       ] GC(47) Skipped phase1 of Reference Processing due to unavailable references
[7.815s][debug][gc,ref       ] GC(47) Skipped phase2 of Reference Processing due to unavailable references
[7.815s][debug][gc,ref       ] GC(47) Skipped phase3 of Reference Processing due to unavailable references
[7.815s][debug][gc,ref       ] GC(47) Skipped phase4 of Reference Processing due to unavailable references
[7.815s][debug][gc,age       ] GC(47) Desired survivor size 15368192 bytes, new threshold 6 (max threshold 6)
[7.815s][info ][gc,heap      ] GC(47) ParNew: 240858K->541K(270336K)
[7.815s][info ][gc,heap      ] GC(47) CMS: 120482K->120560K(600768K)
[7.815s][info ][gc,metaspace ] GC(47) Metaspace: 36650K->36650K(1081344K)
[7.815s][info ][gc           ] GC(47) Pause Young (Allocation Failure) 352M->118M(850M) 1.978ms
[7.815s][info ][gc,cpu       ] GC(47) User=0.00s Sys=0.00s Real=0.01s
[7.815s][info ][safepoint    ] Leaving safepoint region
[7.815s][info ][safepoint    ] Total time for which application threads were stopped: 0.0023193 seconds, Stopping threads took: 0.0001960 seconds
[7.865s][info ][safepoint    ] Application time: 0.0506146 seconds
[7.865s][info ][safepoint    ] Entering safepoint region: GenCollectForAllocation
[7.866s][info ][gc,start     ] GC(48) Pause Young (Allocation Failure)
[7.866s][info ][gc,task      ] GC(48) Using 4 workers of 4 for evacuation
[7.867s][debug][gc,ref       ] GC(48) Skipped phase1 of Reference Processing due to unavailable references
[7.867s][debug][gc,ref       ] GC(48) Skipped phase2 of Reference Processing due to unavailable references
[7.867s][debug][gc,ref       ] GC(48) Skipped phase3 of Reference Processing due to unavailable references
[7.867s][debug][gc,ref       ] GC(48) Skipped phase4 of Reference Processing due to unavailable references
[7.867s][debug][gc,age       ] GC(48) Desired survivor size 15368192 bytes, new threshold 6 (max threshold 6)
[7.867s][info ][gc,heap      ] GC(48) ParNew: 240861K->652K(270336K)
[7.867s][info ][gc,heap      ] GC(48) CMS: 120560K->120588K(600768K)
[7.867s][info ][gc,metaspace ] GC(48) Metaspace: 36650K->36650K(1081344K)
[7.867s][info ][gc           ] GC(48) Pause Young (Allocation Failure) 352M->118M(850M) 1.848ms
[7.867s][info ][gc,cpu       ] GC(48) User=0.01s Sys=0.00s Real=0.00s
[7.867s][info ][safepoint    ] Leaving safepoint region
[7.867s][info ][safepoint    ] Total time for which application threads were stopped: 0.0021362 seconds, Stopping threads took: 0.0001215 seconds
[7.913s][info ][safepoint    ] Application time: 0.0455712 seconds
[7.913s][info ][safepoint    ] Entering safepoint region: GenCollectForAllocation
[7.913s][info ][gc,start     ] GC(49) Pause Young (Allocation Failure)
[7.913s][info ][gc,task      ] GC(49) Using 4 workers of 4 for evacuation
[7.915s][debug][gc,ref       ] GC(49) Skipped phase1 of Reference Processing due to unavailable references
[7.915s][debug][gc,ref       ] GC(49) Skipped phase2 of Reference Processing due to unavailable references
[7.915s][debug][gc,ref       ] GC(49) Skipped phase3 of Reference Processing due to unavailable references
[7.915s][debug][gc,ref       ] GC(49) Skipped phase4 of Reference Processing due to unavailable references
[7.915s][debug][gc,age       ] GC(49) Desired survivor size 15368192 bytes, new threshold 6 (max threshold 6)
[7.915s][info ][gc,heap      ] GC(49) ParNew: 240972K->583K(270336K)
[7.915s][info ][gc,heap      ] GC(49) CMS: 120588K->120656K(600768K)
[7.915s][info ][gc,metaspace ] GC(49) Metaspace: 36652K->36652K(1081344K)
[7.915s][info ][gc           ] GC(49) Pause Young (Allocation Failure) 353M->118M(850M) 2.030ms
[7.915s][info ][gc,cpu       ] GC(49) User=0.00s Sys=0.00s Real=0.01s
[7.915s][info ][safepoint    ] Leaving safepoint region
[7.915s][info ][safepoint    ] Total time for which application threads were stopped: 0.0022568 seconds, Stopping threads took: 0.0000923 seconds
[7.965s][info ][safepoint    ] Application time: 0.0500581 seconds
[7.967s][info ][safepoint    ] Entering safepoint region: GenCollectForAllocation
[7.967s][info ][gc,start     ] GC(50) Pause Young (Allocation Failure)
[7.967s][info ][gc,task      ] GC(50) Using 4 workers of 4 for evacuation
[7.970s][debug][gc,ref       ] GC(50) Skipped phase1 of Reference Processing due to unavailable references
[7.970s][debug][gc,ref       ] GC(50) Skipped phase2 of Reference Processing due to unavailable references
[7.970s][debug][gc,ref       ] GC(50) Skipped phase3 of Reference Processing due to unavailable references
[7.970s][debug][gc,ref       ] GC(50) Skipped phase4 of Reference Processing due to unavailable references
[7.970s][debug][gc,age       ] GC(50) Desired survivor size 15368192 bytes, new threshold 6 (max threshold 6)
[7.970s][info ][gc,heap      ] GC(50) ParNew: 240903K->575K(270336K)
[7.970s][info ][gc,heap      ] GC(50) CMS: 120656K->120694K(600768K)
[7.970s][info ][gc,metaspace ] GC(50) Metaspace: 36660K->36660K(1081344K)
[7.970s][info ][gc           ] GC(50) Pause Young (Allocation Failure) 353M->118M(850M) 2.916ms
[7.970s][info ][gc,cpu       ] GC(50) User=0.01s Sys=0.00s Real=0.00s
[7.970s][info ][safepoint    ] Leaving safepoint region
[7.970s][info ][safepoint    ] Total time for which application threads were stopped: 0.0043651 seconds, Stopping threads took: 0.0012789 seconds
[8.016s][info ][safepoint    ] Application time: 0.0461910 seconds
[8.016s][info ][safepoint    ] Entering safepoint region: GenCollectForAllocation
[8.016s][info ][gc,start     ] GC(51) Pause Young (Allocation Failure)
[8.016s][info ][gc,task      ] GC(51) Using 4 workers of 4 for evacuation
[8.018s][debug][gc,ref       ] GC(51) Skipped phase1 of Reference Processing due to unavailable references
[8.018s][debug][gc,ref       ] GC(51) Skipped phase2 of Reference Processing due to unavailable references
[8.018s][debug][gc,ref       ] GC(51) Skipped phase3 of Reference Processing due to unavailable references
[8.018s][debug][gc,ref       ] GC(51) Skipped phase4 of Reference Processing due to unavailable references
[8.018s][debug][gc,age       ] GC(51) Desired survivor size 15368192 bytes, new threshold 6 (max threshold 6)
[8.018s][info ][gc,heap      ] GC(51) ParNew: 240895K->593K(270336K)
[8.018s][info ][gc,heap      ] GC(51) CMS: 120694K->120750K(600768K)
[8.018s][info ][gc,metaspace ] GC(51) Metaspace: 36666K->36666K(1083392K)
[8.018s][info ][gc           ] GC(51) Pause Young (Allocation Failure) 353M->118M(850M) 1.859ms
[8.018s][info ][gc,cpu       ] GC(51) User=0.00s Sys=0.00s Real=0.00s
[8.018s][info ][safepoint    ] Leaving safepoint region
[8.018s][info ][safepoint    ] Total time for which application threads were stopped: 0.0021273 seconds, Stopping threads took: 0.0001027 seconds
[8.063s][info ][safepoint    ] Application time: 0.0444914 seconds
[8.068s][info ][safepoint    ] Entering safepoint region: GenCollectForAllocation
[8.068s][info ][gc,start     ] GC(52) Pause Young (Allocation Failure)
[8.068s][info ][gc,task      ] GC(52) Using 4 workers of 4 for evacuation
[8.070s][debug][gc,ref       ] GC(52) Skipped phase1 of Reference Processing due to unavailable references
[8.070s][debug][gc,ref       ] GC(52) Skipped phase2 of Reference Processing due to unavailable references
[8.070s][debug][gc,ref       ] GC(52) Skipped phase3 of Reference Processing due to unavailable references
[8.070s][debug][gc,ref       ] GC(52) Skipped phase4 of Reference Processing due to unavailable references
[8.070s][debug][gc,age       ] GC(52) Desired survivor size 15368192 bytes, new threshold 6 (max threshold 6)
[8.070s][info ][gc,heap      ] GC(52) ParNew: 240913K->684K(270336K)
[8.070s][info ][gc,heap      ] GC(52) CMS: 120750K->120806K(600768K)
[8.070s][info ][gc,metaspace ] GC(52) Metaspace: 36666K->36666K(1083392K)
[8.070s][info ][gc           ] GC(52) Pause Young (Allocation Failure) 353M->118M(850M) 1.783ms
[8.070s][info ][gc,cpu       ] GC(52) User=0.01s Sys=0.00s Real=0.00s
[8.070s][info ][safepoint    ] Leaving safepoint region
[8.070s][info ][safepoint    ] Total time for which application threads were stopped: 0.0071923 seconds, Stopping threads took: 0.0052545 seconds
[8.121s][info ][safepoint    ] Application time: 0.0507018 seconds
[8.121s][info ][safepoint    ] Entering safepoint region: GenCollectForAllocation
[8.121s][info ][gc,start     ] GC(53) Pause Young (Allocation Failure)
[8.121s][info ][gc,task      ] GC(53) Using 4 workers of 4 for evacuation
[8.123s][debug][gc,ref       ] GC(53) Skipped phase1 of Reference Processing due to unavailable references
[8.123s][debug][gc,ref       ] GC(53) Skipped phase2 of Reference Processing due to unavailable references
[8.123s][debug][gc,ref       ] GC(53) Skipped phase3 of Reference Processing due to unavailable references
[8.123s][debug][gc,ref       ] GC(53) Skipped phase4 of Reference Processing due to unavailable references
[8.123s][debug][gc,age       ] GC(53) Desired survivor size 15368192 bytes, new threshold 6 (max threshold 6)
[8.123s][info ][gc,heap      ] GC(53) ParNew: 241004K->494K(270336K)
[8.123s][info ][gc,heap      ] GC(53) CMS: 120806K->120862K(600768K)
[8.123s][info ][gc,metaspace ] GC(53) Metaspace: 36666K->36666K(1083392K)
[8.123s][info ][gc           ] GC(53) Pause Young (Allocation Failure) 353M->118M(850M) 1.920ms
[8.123s][info ][gc,cpu       ] GC(53) User=0.00s Sys=0.00s Real=0.01s
[8.123s][info ][safepoint    ] Leaving safepoint region
[8.123s][info ][safepoint    ] Total time for which application threads were stopped: 0.0024496 seconds, Stopping threads took: 0.0002420 seconds
[8.171s][info ][safepoint    ] Application time: 0.0483690 seconds
[8.172s][info ][safepoint    ] Entering safepoint region: GenCollectForAllocation
[8.172s][info ][gc,start     ] GC(54) Pause Young (Allocation Failure)
[8.172s][info ][gc,task      ] GC(54) Using 4 workers of 4 for evacuation
[8.174s][debug][gc,ref       ] GC(54) Skipped phase1 of Reference Processing due to unavailable references
[8.174s][debug][gc,ref       ] GC(54) Skipped phase3 of Reference Processing due to unavailable references
[8.174s][debug][gc,age       ] GC(54) Desired survivor size 15368192 bytes, new threshold 6 (max threshold 6)
[8.174s][info ][gc,heap      ] GC(54) ParNew: 240814K->620K(270336K)
[8.174s][info ][gc,heap      ] GC(54) CMS: 120862K->120910K(600768K)
[8.174s][info ][gc,metaspace ] GC(54) Metaspace: 36854K->36854K(1083392K)
[8.174s][info ][gc           ] GC(54) Pause Young (Allocation Failure) 353M->118M(850M) 2.140ms
[8.174s][info ][gc,cpu       ] GC(54) User=0.01s Sys=0.00s Real=0.01s
[8.174s][info ][safepoint    ] Leaving safepoint region
[8.174s][info ][safepoint    ] Total time for which application threads were stopped: 0.0029111 seconds, Stopping threads took: 0.0006089 seconds
[8.235s][info ][safepoint    ] Application time: 0.0601992 seconds
[8.235s][info ][safepoint    ] Entering safepoint region: GenCollectForAllocation
[8.235s][info ][gc,start     ] GC(55) Pause Young (Allocation Failure)
[8.235s][info ][gc,task      ] GC(55) Using 4 workers of 4 for evacuation
[8.237s][debug][gc,ref       ] GC(55) Skipped phase1 of Reference Processing due to unavailable references
[8.237s][debug][gc,ref       ] GC(55) Skipped phase3 of Reference Processing due to unavailable references
[8.237s][debug][gc,age       ] GC(55) Desired survivor size 15368192 bytes, new threshold 6 (max threshold 6)
[8.237s][info ][gc,heap      ] GC(55) ParNew: 240940K->1061K(270336K)
[8.237s][info ][gc,heap      ] GC(55) CMS: 120910K->120962K(600768K)
[8.237s][info ][gc,metaspace ] GC(55) Metaspace: 37020K->37020K(1083392K)
[8.237s][info ][gc           ] GC(55) Pause Young (Allocation Failure) 353M->119M(850M) 2.142ms
[8.237s][info ][gc,cpu       ] GC(55) User=0.01s Sys=0.00s Real=0.00s
[8.237s][info ][safepoint    ] Leaving safepoint region
[8.237s][info ][safepoint    ] Total time for which application threads were stopped: 0.0025028 seconds, Stopping threads took: 0.0002079 seconds
[8.285s][info ][safepoint    ] Application time: 0.0477693 seconds
[8.285s][info ][safepoint    ] Entering safepoint region: GenCollectForAllocation
[8.285s][info ][gc,start     ] GC(56) Pause Young (Allocation Failure)
[8.285s][info ][gc,task      ] GC(56) Using 4 workers of 4 for evacuation
[8.288s][debug][gc,ref       ] GC(56) Skipped phase1 of Reference Processing due to unavailable references
[8.288s][debug][gc,ref       ] GC(56) Skipped phase3 of Reference Processing due to unavailable references
[8.288s][debug][gc,ref       ] GC(56) Skipped phase4 of Reference Processing due to unavailable references
[8.288s][debug][gc,age       ] GC(56) Desired survivor size 15368192 bytes, new threshold 6 (max threshold 6)
[8.288s][info ][gc,heap      ] GC(56) ParNew: 241381K->1492K(270336K)
[8.288s][info ][gc,heap      ] GC(56) CMS: 120962K->121012K(600768K)
[8.288s][info ][gc,metaspace ] GC(56) Metaspace: 37094K->37094K(1083392K)
[8.288s][info ][gc           ] GC(56) Pause Young (Allocation Failure) 353M->119M(850M) 2.567ms
[8.288s][info ][gc,cpu       ] GC(56) User=0.01s Sys=0.00s Real=0.00s
[8.288s][info ][safepoint    ] Leaving safepoint region
[8.288s][info ][safepoint    ] Total time for which application threads were stopped: 0.0028917 seconds, Stopping threads took: 0.0001409 seconds
[8.341s][info ][safepoint    ] Application time: 0.0536705 seconds
[8.342s][info ][safepoint    ] Entering safepoint region: GenCollectForAllocation
[8.342s][info ][gc,start     ] GC(57) Pause Young (Allocation Failure)
[8.342s][info ][gc,task      ] GC(57) Using 4 workers of 4 for evacuation
[8.345s][debug][gc,ref       ] GC(57) Skipped phase1 of Reference Processing due to unavailable references
[8.345s][debug][gc,ref       ] GC(57) Skipped phase3 of Reference Processing due to unavailable references
[8.345s][debug][gc,ref       ] GC(57) Skipped phase4 of Reference Processing due to unavailable references
[8.345s][debug][gc,age       ] GC(57) Desired survivor size 15368192 bytes, new threshold 6 (max threshold 6)
[8.345s][info ][gc,heap      ] GC(57) ParNew: 241812K->2499K(270336K)
[8.345s][info ][gc,heap      ] GC(57) CMS: 121012K->121072K(600768K)
[8.345s][info ][gc,metaspace ] GC(57) Metaspace: 37131K->37131K(1083392K)
[8.345s][info ][gc           ] GC(57) Pause Young (Allocation Failure) 354M->120M(850M) 3.174ms
[8.345s][info ][gc,cpu       ] GC(57) User=0.02s Sys=0.00s Real=0.01s
[8.345s][info ][safepoint    ] Leaving safepoint region
[8.345s][info ][safepoint    ] Total time for which application threads were stopped: 0.0036084 seconds, Stopping threads took: 0.0002354 seconds
[8.391s][info ][safepoint    ] Application time: 0.0461404 seconds
[8.391s][info ][safepoint    ] Entering safepoint region: GenCollectForAllocation
[8.392s][info ][gc,start     ] GC(58) Pause Young (Allocation Failure)
[8.392s][info ][gc,task      ] GC(58) Using 4 workers of 4 for evacuation
[8.395s][debug][gc,ref       ] GC(58) Skipped phase1 of Reference Processing due to unavailable references
[8.395s][debug][gc,ref       ] GC(58) Skipped phase3 of Reference Processing due to unavailable references
[8.395s][debug][gc,ref       ] GC(58) Skipped phase4 of Reference Processing due to unavailable references
[8.395s][debug][gc,age       ] GC(58) Desired survivor size 15368192 bytes, new threshold 6 (max threshold 6)
[8.395s][info ][gc,heap      ] GC(58) ParNew: 242819K->3583K(270336K)
[8.395s][info ][gc,heap      ] GC(58) CMS: 121072K->121114K(600768K)
[8.395s][info ][gc,metaspace ] GC(58) Metaspace: 37178K->37178K(1083392K)
[8.395s][info ][gc           ] GC(58) Pause Young (Allocation Failure) 355M->121M(850M) 3.173ms
[8.395s][info ][gc,cpu       ] GC(58) User=0.02s Sys=0.00s Real=0.01s
[8.395s][info ][safepoint    ] Leaving safepoint region
[8.395s][info ][safepoint    ] Total time for which application threads were stopped: 0.0034390 seconds, Stopping threads took: 0.0000947 seconds
[8.452s][info ][safepoint    ] Application time: 0.0571573 seconds
[8.452s][info ][safepoint    ] Entering safepoint region: GenCollectForAllocation
[8.452s][info ][gc,start     ] GC(59) Pause Young (Allocation Failure)
[8.452s][info ][gc,task      ] GC(59) Using 4 workers of 4 for evacuation
[8.456s][debug][gc,ref       ] GC(59) Skipped phase1 of Reference Processing due to unavailable references
[8.456s][debug][gc,ref       ] GC(59) Skipped phase3 of Reference Processing due to unavailable references
[8.456s][debug][gc,age       ] GC(59) Desired survivor size 15368192 bytes, new threshold 6 (max threshold 6)
[8.456s][info ][gc,heap      ] GC(59) ParNew: 243903K->4613K(270336K)
[8.456s][info ][gc,heap      ] GC(59) CMS: 121114K->121184K(600768K)
[8.456s][info ][gc,metaspace ] GC(59) Metaspace: 37179K->37179K(1083392K)
[8.456s][info ][gc           ] GC(59) Pause Young (Allocation Failure) 356M->122M(850M) 4.011ms
[8.456s][info ][gc,cpu       ] GC(59) User=0.02s Sys=0.00s Real=0.01s
[8.456s][info ][safepoint    ] Leaving safepoint region
[8.456s][info ][safepoint    ] Total time for which application threads were stopped: 0.0044105 seconds, Stopping threads took: 0.0002448 seconds
[8.498s][info ][safepoint    ] Application time: 0.0414588 seconds
[8.498s][info ][safepoint    ] Entering safepoint region: GenCollectForAllocation
[8.498s][info ][gc,start     ] GC(60) Pause Young (Allocation Failure)
[8.498s][info ][gc,task      ] GC(60) Using 4 workers of 4 for evacuation
[8.504s][debug][gc,ref       ] GC(60) Skipped phase1 of Reference Processing due to unavailable references
[8.504s][debug][gc,ref       ] GC(60) Skipped phase3 of Reference Processing due to unavailable references
[8.504s][debug][gc,ref       ] GC(60) Skipped phase4 of Reference Processing due to unavailable references
[8.504s][debug][gc,age       ] GC(60) Desired survivor size 15368192 bytes, new threshold 6 (max threshold 6)
[8.504s][info ][gc,heap      ] GC(60) ParNew: 244933K->6801K(270336K)
[8.504s][info ][gc,heap      ] GC(60) CMS: 121184K->121341K(600768K)
[8.504s][info ][gc,metaspace ] GC(60) Metaspace: 37180K->37180K(1083392K)
[8.504s][info ][gc           ] GC(60) Pause Young (Allocation Failure) 357M->125M(850M) 5.810ms
[8.504s][info ][gc,cpu       ] GC(60) User=0.03s Sys=0.00s Real=0.01s
[8.504s][info ][safepoint    ] Leaving safepoint region
[8.504s][info ][safepoint    ] Total time for which application threads were stopped: 0.0062504 seconds, Stopping threads took: 0.0001336 seconds
[8.554s][info ][safepoint    ] Application time: 0.0497489 seconds
[8.554s][info ][safepoint    ] Entering safepoint region: GenCollectForAllocation
[8.554s][info ][gc,start     ] GC(61) Pause Young (Allocation Failure)
[8.554s][info ][gc,task      ] GC(61) Using 4 workers of 4 for evacuation
[8.560s][debug][gc,ref       ] GC(61) Skipped phase1 of Reference Processing due to unavailable references
[8.560s][debug][gc,ref       ] GC(61) Skipped phase2 of Reference Processing due to unavailable references
[8.560s][debug][gc,ref       ] GC(61) Skipped phase3 of Reference Processing due to unavailable references
[8.560s][debug][gc,ref       ] GC(61) Skipped phase4 of Reference Processing due to unavailable references
[8.560s][debug][gc,age       ] GC(61) Desired survivor size 15368192 bytes, new threshold 6 (max threshold 6)
[8.560s][info ][gc,heap      ] GC(61) ParNew: 247121K->9541K(270336K)
[8.560s][info ][gc,heap      ] GC(61) CMS: 121341K->121526K(600768K)
[8.560s][info ][gc,metaspace ] GC(61) Metaspace: 37188K->37188K(1083392K)
[8.560s][info ][gc           ] GC(61) Pause Young (Allocation Failure) 359M->127M(850M) 5.591ms
[8.560s][info ][gc,cpu       ] GC(61) User=0.02s Sys=0.00s Real=0.00s
[8.560s][info ][safepoint    ] Leaving safepoint region
[8.560s][info ][safepoint    ] Total time for which application threads were stopped: 0.0059467 seconds, Stopping threads took: 0.0001688 seconds
[8.605s][info ][safepoint    ] Application time: 0.0451050 seconds
[8.605s][info ][safepoint    ] Entering safepoint region: GenCollectForAllocation
[8.605s][info ][gc,start     ] GC(62) Pause Young (Allocation Failure)
[8.605s][info ][gc,task      ] GC(62) Using 4 workers of 4 for evacuation
[8.612s][debug][gc,ref       ] GC(62) Skipped phase1 of Reference Processing due to unavailable references
[8.612s][debug][gc,ref       ] GC(62) Skipped phase2 of Reference Processing due to unavailable references
[8.612s][debug][gc,ref       ] GC(62) Skipped phase3 of Reference Processing due to unavailable references
[8.612s][debug][gc,ref       ] GC(62) Skipped phase4 of Reference Processing due to unavailable references
[8.612s][debug][gc,age       ] GC(62) Desired survivor size 15368192 bytes, new threshold 6 (max threshold 6)
[8.612s][info ][gc,heap      ] GC(62) ParNew: 249861K->10853K(270336K)
[8.612s][info ][gc,heap      ] GC(62) CMS: 121526K->122126K(600768K)
[8.612s][info ][gc,metaspace ] GC(62) Metaspace: 37194K->37194K(1083392K)
[8.612s][info ][gc           ] GC(62) Pause Young (Allocation Failure) 362M->129M(850M) 6.593ms
[8.612s][info ][gc,cpu       ] GC(62) User=0.03s Sys=0.00s Real=0.00s
[8.612s][info ][safepoint    ] Leaving safepoint region
[8.612s][info ][safepoint    ] Total time for which application threads were stopped: 0.0068407 seconds, Stopping threads took: 0.0000812 seconds
[8.659s][info ][safepoint    ] Application time: 0.0472042 seconds
[8.659s][info ][safepoint    ] Entering safepoint region: GenCollectForAllocation
[8.659s][info ][gc,start     ] GC(63) Pause Young (Allocation Failure)
[8.659s][info ][gc,task      ] GC(63) Using 4 workers of 4 for evacuation
[8.666s][debug][gc,ref       ] GC(63) Skipped phase1 of Reference Processing due to unavailable references
[8.666s][debug][gc,ref       ] GC(63) Skipped phase3 of Reference Processing due to unavailable references
[8.666s][debug][gc,age       ] GC(63) Desired survivor size 15368192 bytes, new threshold 6 (max threshold 6)
[8.666s][info ][gc,heap      ] GC(63) ParNew: 251173K->12674K(270336K)
[8.666s][info ][gc,heap      ] GC(63) CMS: 122126K->122973K(600768K)
[8.666s][info ][gc,metaspace ] GC(63) Metaspace: 37449K->37449K(1083392K)
[8.666s][info ][gc           ] GC(63) Pause Young (Allocation Failure) 364M->132M(850M) 7.046ms
[8.666s][info ][gc,cpu       ] GC(63) User=0.03s Sys=0.00s Real=0.01s
[8.666s][info ][safepoint    ] Leaving safepoint region
[8.666s][info ][safepoint    ] Total time for which application threads were stopped: 0.0074415 seconds, Stopping threads took: 0.0002027 seconds
[8.711s][info ][safepoint    ] Application time: 0.0444553 seconds
[8.711s][info ][safepoint    ] Entering safepoint region: RevokeBias
[8.711s][info ][safepoint    ] Leaving safepoint region
[8.711s][info ][safepoint    ] Total time for which application threads were stopped: 0.0002693 seconds, Stopping threads took: 0.0001446 seconds
[8.719s][info ][safepoint    ] Application time: 0.0073025 seconds
[8.719s][info ][safepoint    ] Entering safepoint region: GenCollectForAllocation
[8.719s][info ][gc,start     ] GC(64) Pause Young (Allocation Failure)
[8.719s][info ][gc,task      ] GC(64) Using 4 workers of 4 for evacuation
[8.726s][debug][gc,ref       ] GC(64) Skipped phase1 of Reference Processing due to unavailable references
[8.726s][debug][gc,ref       ] GC(64) Skipped phase3 of Reference Processing due to unavailable references
[8.726s][debug][gc,age       ] GC(64) Desired survivor size 15368192 bytes, new threshold 6 (max threshold 6)
[8.726s][info ][gc,heap      ] GC(64) ParNew: 252994K->11504K(270336K)
[8.726s][info ][gc,heap      ] GC(64) CMS: 122973K->123494K(600768K)
[8.726s][info ][gc,metaspace ] GC(64) Metaspace: 38019K->38019K(1083392K)
[8.726s][info ][gc           ] GC(64) Pause Young (Allocation Failure) 367M->131M(850M) 6.955ms
[8.726s][info ][gc,cpu       ] GC(64) User=0.03s Sys=0.01s Real=0.01s
[8.726s][info ][safepoint    ] Leaving safepoint region
[8.726s][info ][safepoint    ] Total time for which application threads were stopped: 0.0072533 seconds, Stopping threads took: 0.0001383 seconds
[8.779s][info ][safepoint    ] Application time: 0.0532533 seconds
[8.779s][info ][safepoint    ] Entering safepoint region: GenCollectForAllocation
[8.779s][info ][gc,start     ] GC(65) Pause Young (Allocation Failure)
[8.779s][info ][gc,task      ] GC(65) Using 4 workers of 4 for evacuation
[8.786s][debug][gc,ref       ] GC(65) Skipped phase1 of Reference Processing due to unavailable references
[8.787s][debug][gc,ref       ] GC(65) Skipped phase3 of Reference Processing due to unavailable references
[8.787s][debug][gc,age       ] GC(65) Desired survivor size 15368192 bytes, new threshold 6 (max threshold 6)
[8.787s][info ][gc,heap      ] GC(65) ParNew: 251824K->9622K(270336K)
[8.787s][info ][gc,heap      ] GC(65) CMS: 123494K->124880K(600768K)
[8.787s][info ][gc,metaspace ] GC(65) Metaspace: 38383K->38383K(1083392K)
[8.787s][info ][gc           ] GC(65) Pause Young (Allocation Failure) 366M->131M(850M) 7.307ms
[8.787s][info ][gc,cpu       ] GC(65) User=0.03s Sys=0.00s Real=0.01s
[8.787s][info ][safepoint    ] Leaving safepoint region
[8.787s][info ][safepoint    ] Total time for which application threads were stopped: 0.0075945 seconds, Stopping threads took: 0.0001022 seconds
[8.840s][info ][safepoint    ] Application time: 0.0534548 seconds
[8.840s][info ][safepoint    ] Entering safepoint region: GenCollectForAllocation
[8.840s][info ][gc,start     ] GC(66) Pause Young (Allocation Failure)
[8.840s][info ][gc,task      ] GC(66) Using 4 workers of 4 for evacuation
[8.848s][debug][gc,ref       ] GC(66) Skipped phase1 of Reference Processing due to unavailable references
[8.848s][debug][gc,ref       ] GC(66) Skipped phase3 of Reference Processing due to unavailable references
[8.848s][debug][gc,age       ] GC(66) Desired survivor size 15368192 bytes, new threshold 6 (max threshold 6)
[8.848s][info ][gc,heap      ] GC(66) ParNew: 249942K->7081K(270336K)
[8.848s][info ][gc,heap      ] GC(66) CMS: 124880K->126639K(600768K)
[8.848s][info ][gc,metaspace ] GC(66) Metaspace: 38454K->38454K(1083392K)
[8.848s][info ][gc           ] GC(66) Pause Young (Allocation Failure) 366M->130M(850M) 7.702ms
[8.848s][info ][gc,cpu       ] GC(66) User=0.03s Sys=0.00s Real=0.01s
[8.848s][info ][safepoint    ] Leaving safepoint region
[8.848s][info ][safepoint    ] Total time for which application threads were stopped: 0.0079870 seconds, Stopping threads took: 0.0000849 seconds
[8.904s][info ][safepoint    ] Application time: 0.0557232 seconds
[8.904s][info ][safepoint    ] Entering safepoint region: GenCollectForAllocation
[8.904s][info ][gc,start     ] GC(67) Pause Young (Allocation Failure)
[8.904s][info ][gc,task      ] GC(67) Using 4 workers of 4 for evacuation
[8.911s][debug][gc,ref       ] GC(67) Skipped phase1 of Reference Processing due to unavailable references
[8.911s][debug][gc,ref       ] GC(67) Skipped phase3 of Reference Processing due to unavailable references
[8.911s][debug][gc,ref       ] GC(67) Skipped phase4 of Reference Processing due to unavailable references
[8.911s][debug][gc,age       ] GC(67) Desired survivor size 15368192 bytes, new threshold 6 (max threshold 6)
[8.911s][info ][gc,heap      ] GC(67) ParNew: 247401K->5821K(270336K)
[8.911s][info ][gc,heap      ] GC(67) CMS: 126639K->128304K(600768K)
[8.911s][info ][gc,metaspace ] GC(67) Metaspace: 38454K->38454K(1083392K)
[8.911s][info ][gc           ] GC(67) Pause Young (Allocation Failure) 365M->130M(850M) 6.607ms
[8.911s][info ][gc,cpu       ] GC(67) User=0.03s Sys=0.00s Real=0.00s
[8.911s][info ][safepoint    ] Leaving safepoint region
[8.911s][info ][safepoint    ] Total time for which application threads were stopped: 0.0068639 seconds, Stopping threads took: 0.0000951 seconds
[8.955s][info ][safepoint    ] Application time: 0.0446510 seconds
[8.956s][info ][safepoint    ] Entering safepoint region: GenCollectForAllocation
[8.956s][info ][gc,start     ] GC(68) Pause Young (Allocation Failure)
[8.956s][info ][gc,task      ] GC(68) Using 4 workers of 4 for evacuation
[8.961s][debug][gc,ref       ] GC(68) Skipped phase1 of Reference Processing due to unavailable references
[8.961s][debug][gc,ref       ] GC(68) Skipped phase3 of Reference Processing due to unavailable references
[8.961s][debug][gc,ref       ] GC(68) Skipped phase4 of Reference Processing due to unavailable references
[8.961s][debug][gc,age       ] GC(68) Desired survivor size 15368192 bytes, new threshold 6 (max threshold 6)
[8.961s][info ][gc,heap      ] GC(68) ParNew: 246141K->5456K(270336K)
[8.961s][info ][gc,heap      ] GC(68) CMS: 128304K->129859K(600768K)
[8.961s][info ][gc,metaspace ] GC(68) Metaspace: 38454K->38454K(1083392K)
[8.962s][info ][gc           ] GC(68) Pause Young (Allocation Failure) 365M->132M(850M) 5.719ms
[8.962s][info ][gc,cpu       ] GC(68) User=0.03s Sys=0.00s Real=0.00s
[8.962s][info ][safepoint    ] Leaving safepoint region
[8.962s][info ][safepoint    ] Total time for which application threads were stopped: 0.0060439 seconds, Stopping threads took: 0.0001756 seconds
[9.005s][info ][safepoint    ] Application time: 0.0433205 seconds
[9.008s][info ][safepoint    ] Entering safepoint region: GenCollectForAllocation
[9.008s][info ][gc,start     ] GC(69) Pause Young (Allocation Failure)
[9.008s][info ][gc,task      ] GC(69) Using 4 workers of 4 for evacuation
[9.012s][debug][gc,ref       ] GC(69) Skipped phase1 of Reference Processing due to unavailable references
[9.013s][debug][gc,ref       ] GC(69) Skipped phase3 of Reference Processing due to unavailable references
[9.013s][debug][gc,ref       ] GC(69) Skipped phase4 of Reference Processing due to unavailable references
[9.013s][debug][gc,age       ] GC(69) Desired survivor size 15368192 bytes, new threshold 6 (max threshold 6)
[9.013s][info ][gc,heap      ] GC(69) ParNew: 245776K->2515K(270336K)
[9.013s][info ][gc,heap      ] GC(69) CMS: 129859K->131017K(600768K)
[9.013s][info ][gc,metaspace ] GC(69) Metaspace: 38457K->38457K(1083392K)
[9.013s][info ][gc           ] GC(69) Pause Young (Allocation Failure) 366M->130M(850M) 4.920ms
[9.013s][info ][gc,cpu       ] GC(69) User=0.02s Sys=0.00s Real=0.00s
[9.013s][info ][safepoint    ] Leaving safepoint region
[9.013s][info ][safepoint    ] Total time for which application threads were stopped: 0.0077849 seconds, Stopping threads took: 0.0027069 seconds
[9.060s][info ][safepoint    ] Application time: 0.0475821 seconds
[9.060s][info ][safepoint    ] Entering safepoint region: GenCollectForAllocation
[9.061s][info ][gc,start     ] GC(70) Pause Young (Allocation Failure)
[9.061s][info ][gc,task      ] GC(70) Using 4 workers of 4 for evacuation
[9.064s][debug][gc,ref       ] GC(70) Skipped phase1 of Reference Processing due to unavailable references
[9.064s][debug][gc,ref       ] GC(70) Skipped phase3 of Reference Processing due to unavailable references
[9.064s][debug][gc,ref       ] GC(70) Skipped phase4 of Reference Processing due to unavailable references
[9.064s][debug][gc,age       ] GC(70) Desired survivor size 15368192 bytes, new threshold 6 (max threshold 6)
[9.064s][info ][gc,heap      ] GC(70) ParNew: 242835K->2130K(270336K)
[9.064s][info ][gc,heap      ] GC(70) CMS: 131017K->131428K(600768K)
[9.064s][info ][gc,metaspace ] GC(70) Metaspace: 38459K->38459K(1083392K)
[9.064s][info ][gc           ] GC(70) Pause Young (Allocation Failure) 365M->130M(850M) 3.816ms
[9.064s][info ][gc,cpu       ] GC(70) User=0.02s Sys=0.00s Real=0.01s
[9.064s][info ][safepoint    ] Leaving safepoint region
[9.064s][info ][safepoint    ] Total time for which application threads were stopped: 0.0041089 seconds, Stopping threads took: 0.0001106 seconds
[9.109s][info ][safepoint    ] Application time: 0.0442225 seconds
[9.109s][info ][safepoint    ] Entering safepoint region: GenCollectForAllocation
[9.109s][info ][gc,start     ] GC(71) Pause Young (Allocation Failure)
[9.109s][info ][gc,task      ] GC(71) Using 4 workers of 4 for evacuation
[9.115s][debug][gc,ref       ] GC(71) Skipped phase1 of Reference Processing due to unavailable references
[9.115s][debug][gc,ref       ] GC(71) Skipped phase3 of Reference Processing due to unavailable references
[9.115s][debug][gc,ref       ] GC(71) Skipped phase4 of Reference Processing due to unavailable references
[9.115s][debug][gc,age       ] GC(71) Desired survivor size 15368192 bytes, new threshold 6 (max threshold 6)
[9.115s][info ][gc,heap      ] GC(71) ParNew: 242450K->2429K(270336K)
[9.115s][info ][gc,heap      ] GC(71) CMS: 131428K->131997K(600768K)
[9.115s][info ][gc,metaspace ] GC(71) Metaspace: 38459K->38459K(1083392K)
[9.115s][info ][gc           ] GC(71) Pause Young (Allocation Failure) 365M->131M(850M) 6.135ms
[9.115s][info ][gc,cpu       ] GC(71) User=0.03s Sys=0.00s Real=0.01s
[9.115s][info ][safepoint    ] Leaving safepoint region
[9.115s][info ][safepoint    ] Total time for which application threads were stopped: 0.0063665 seconds, Stopping threads took: 0.0000779 seconds
[9.159s][info ][safepoint    ] Application time: 0.0436213 seconds
[9.159s][info ][safepoint    ] Entering safepoint region: GenCollectForAllocation
[9.159s][info ][gc,start     ] GC(72) Pause Young (Allocation Failure)
[9.159s][info ][gc,task      ] GC(72) Using 4 workers of 4 for evacuation
[9.163s][debug][gc,ref       ] GC(72) Skipped phase1 of Reference Processing due to unavailable references
[9.163s][debug][gc,ref       ] GC(72) Skipped phase2 of Reference Processing due to unavailable references
[9.163s][debug][gc,ref       ] GC(72) Skipped phase3 of Reference Processing due to unavailable references
[9.163s][debug][gc,ref       ] GC(72) Skipped phase4 of Reference Processing due to unavailable references
[9.163s][debug][gc,age       ] GC(72) Desired survivor size 15368192 bytes, new threshold 6 (max threshold 6)
[9.163s][info ][gc,heap      ] GC(72) ParNew: 242749K->2443K(270336K)
[9.163s][info ][gc,heap      ] GC(72) CMS: 131997K->132248K(600768K)
[9.163s][info ][gc,metaspace ] GC(72) Metaspace: 38459K->38459K(1083392K)
[9.163s][info ][gc           ] GC(72) Pause Young (Allocation Failure) 365M->131M(850M) 3.892ms
[9.163s][info ][gc,cpu       ] GC(72) User=0.02s Sys=0.00s Real=0.01s
[9.163s][info ][safepoint    ] Leaving safepoint region
[9.163s][info ][safepoint    ] Total time for which application threads were stopped: 0.0042231 seconds, Stopping threads took: 0.0001797 seconds
[9.209s][info ][safepoint    ] Application time: 0.0465335 seconds
[9.210s][info ][safepoint    ] Entering safepoint region: GenCollectForAllocation
[9.210s][info ][gc,start     ] GC(73) Pause Young (Allocation Failure)
[9.210s][info ][gc,task      ] GC(73) Using 4 workers of 4 for evacuation
[9.213s][debug][gc,ref       ] GC(73) Skipped phase1 of Reference Processing due to unavailable references
[9.213s][debug][gc,ref       ] GC(73) Skipped phase2 of Reference Processing due to unavailable references
[9.213s][debug][gc,ref       ] GC(73) Skipped phase3 of Reference Processing due to unavailable references
[9.213s][debug][gc,ref       ] GC(73) Skipped phase4 of Reference Processing due to unavailable references
[9.213s][debug][gc,age       ] GC(73) Desired survivor size 15368192 bytes, new threshold 6 (max threshold 6)
[9.213s][info ][gc,heap      ] GC(73) ParNew: 242763K->2759K(270336K)
[9.213s][info ][gc,heap      ] GC(73) CMS: 132248K->132332K(600768K)
[9.213s][info ][gc,metaspace ] GC(73) Metaspace: 38459K->38459K(1083392K)
[9.213s][info ][gc           ] GC(73) Pause Young (Allocation Failure) 366M->131M(850M) 3.475ms
[9.213s][info ][gc,cpu       ] GC(73) User=0.01s Sys=0.01s Real=0.00s
[9.213s][info ][safepoint    ] Leaving safepoint region
[9.213s][info ][safepoint    ] Total time for which application threads were stopped: 0.0037665 seconds, Stopping threads took: 0.0001485 seconds
[9.267s][info ][safepoint    ] Application time: 0.0537070 seconds
[9.267s][info ][safepoint    ] Entering safepoint region: GenCollectForAllocation
[9.267s][info ][gc,start     ] GC(74) Pause Young (Allocation Failure)
[9.267s][info ][gc,task      ] GC(74) Using 4 workers of 4 for evacuation
[9.270s][debug][gc,ref       ] GC(74) Skipped phase1 of Reference Processing due to unavailable references
[9.270s][debug][gc,ref       ] GC(74) Skipped phase2 of Reference Processing due to unavailable references
[9.270s][debug][gc,ref       ] GC(74) Skipped phase3 of Reference Processing due to unavailable references
[9.270s][debug][gc,ref       ] GC(74) Skipped phase4 of Reference Processing due to unavailable references
[9.270s][debug][gc,age       ] GC(74) Desired survivor size 15368192 bytes, new threshold 6 (max threshold 6)
[9.270s][info ][gc,heap      ] GC(74) ParNew: 243079K->1952K(270336K)
[9.270s][info ][gc,heap      ] GC(74) CMS: 132332K->132403K(600768K)
[9.270s][info ][gc,metaspace ] GC(74) Metaspace: 38459K->38459K(1083392K)
[9.271s][info ][gc           ] GC(74) Pause Young (Allocation Failure) 366M->131M(850M) 3.322ms
[9.271s][info ][gc,cpu       ] GC(74) User=0.01s Sys=0.00s Real=0.00s
[9.271s][info ][safepoint    ] Leaving safepoint region
[9.271s][info ][safepoint    ] Total time for which application threads were stopped: 0.0035533 seconds, Stopping threads took: 0.0000622 seconds
[9.316s][info ][safepoint    ] Application time: 0.0455945 seconds
[9.316s][info ][safepoint    ] Entering safepoint region: GenCollectForAllocation
[9.316s][info ][gc,start     ] GC(75) Pause Young (Allocation Failure)
[9.316s][info ][gc,task      ] GC(75) Using 4 workers of 4 for evacuation
[9.321s][debug][gc,ref       ] GC(75) Skipped phase1 of Reference Processing due to unavailable references
[9.321s][debug][gc,ref       ] GC(75) Skipped phase2 of Reference Processing due to unavailable references
[9.321s][debug][gc,ref       ] GC(75) Skipped phase3 of Reference Processing due to unavailable references
[9.321s][debug][gc,ref       ] GC(75) Skipped phase4 of Reference Processing due to unavailable references
[9.321s][debug][gc,age       ] GC(75) Desired survivor size 15368192 bytes, new threshold 6 (max threshold 6)
[9.321s][info ][gc,heap      ] GC(75) ParNew: 242272K->2138K(270336K)
[9.321s][info ][gc,heap      ] GC(75) CMS: 132403K->132671K(600768K)
[9.321s][info ][gc,metaspace ] GC(75) Metaspace: 38459K->38459K(1083392K)
[9.321s][info ][gc           ] GC(75) Pause Young (Allocation Failure) 365M->131M(850M) 4.492ms
[9.321s][info ][gc,cpu       ] GC(75) User=0.02s Sys=0.00s Real=0.00s
[9.321s][info ][safepoint    ] Leaving safepoint region
[9.321s][info ][safepoint    ] Total time for which application threads were stopped: 0.0047538 seconds, Stopping threads took: 0.0001021 seconds
[9.365s][info ][safepoint    ] Application time: 0.0445321 seconds
[9.366s][info ][safepoint    ] Entering safepoint region: GenCollectForAllocation
[9.366s][info ][gc,start     ] GC(76) Pause Young (Allocation Failure)
[9.366s][info ][gc,task      ] GC(76) Using 4 workers of 4 for evacuation
[9.369s][debug][gc,ref       ] GC(76) Skipped phase1 of Reference Processing due to unavailable references
[9.369s][debug][gc,ref       ] GC(76) Skipped phase2 of Reference Processing due to unavailable references
[9.369s][debug][gc,ref       ] GC(76) Skipped phase3 of Reference Processing due to unavailable references
[9.369s][debug][gc,ref       ] GC(76) Skipped phase4 of Reference Processing due to unavailable references
[9.369s][debug][gc,age       ] GC(76) Desired survivor size 15368192 bytes, new threshold 6 (max threshold 6)
[9.369s][info ][gc,heap      ] GC(76) ParNew: 242458K->1753K(270336K)
[9.369s][info ][gc,heap      ] GC(76) CMS: 132671K->132747K(600768K)
[9.369s][info ][gc,metaspace ] GC(76) Metaspace: 38459K->38459K(1083392K)
[9.369s][info ][gc           ] GC(76) Pause Young (Allocation Failure) 366M->131M(850M) 3.027ms
[9.369s][info ][gc,cpu       ] GC(76) User=0.01s Sys=0.00s Real=0.00s
[9.369s][info ][safepoint    ] Leaving safepoint region
[9.369s][info ][safepoint    ] Total time for which application threads were stopped: 0.0032627 seconds, Stopping threads took: 0.0000975 seconds
[9.422s][info ][safepoint    ] Application time: 0.0533708 seconds
[9.422s][info ][safepoint    ] Entering safepoint region: GenCollectForAllocation
[9.422s][info ][gc,start     ] GC(77) Pause Young (Allocation Failure)
[9.422s][info ][gc,task      ] GC(77) Using 4 workers of 4 for evacuation
[9.427s][debug][gc,ref       ] GC(77) Skipped phase1 of Reference Processing due to unavailable references
[9.427s][debug][gc,ref       ] GC(77) Skipped phase2 of Reference Processing due to unavailable references
[9.427s][debug][gc,ref       ] GC(77) Skipped phase3 of Reference Processing due to unavailable references
[9.427s][debug][gc,ref       ] GC(77) Skipped phase4 of Reference Processing due to unavailable references
[9.427s][debug][gc,age       ] GC(77) Desired survivor size 15368192 bytes, new threshold 6 (max threshold 6)
[9.427s][info ][gc,heap      ] GC(77) ParNew: 242073K->1385K(270336K)
[9.427s][info ][gc,heap      ] GC(77) CMS: 132747K->133722K(600768K)
[9.427s][info ][gc,metaspace ] GC(77) Metaspace: 38459K->38459K(1083392K)
[9.427s][info ][gc           ] GC(77) Pause Young (Allocation Failure) 366M->131M(850M) 4.381ms
[9.427s][info ][gc,cpu       ] GC(77) User=0.02s Sys=0.00s Real=0.00s
[9.427s][info ][safepoint    ] Leaving safepoint region
[9.427s][info ][safepoint    ] Total time for which application threads were stopped: 0.0046149 seconds, Stopping threads took: 0.0000586 seconds
[9.485s][info ][safepoint    ] Application time: 0.0578992 seconds
[9.485s][info ][safepoint    ] Entering safepoint region: GenCollectForAllocation
[9.485s][info ][gc,start     ] GC(78) Pause Young (Allocation Failure)
[9.485s][info ][gc,task      ] GC(78) Using 4 workers of 4 for evacuation
[9.489s][debug][gc,ref       ] GC(78) Skipped phase1 of Reference Processing due to unavailable references
[9.489s][debug][gc,ref       ] GC(78) Skipped phase2 of Reference Processing due to unavailable references
[9.489s][debug][gc,ref       ] GC(78) Skipped phase3 of Reference Processing due to unavailable references
[9.489s][debug][gc,ref       ] GC(78) Skipped phase4 of Reference Processing due to unavailable references
[9.489s][debug][gc,age       ] GC(78) Desired survivor size 15368192 bytes, new threshold 6 (max threshold 6)
[9.489s][info ][gc,heap      ] GC(78) ParNew: 241705K->1169K(270336K)
[9.489s][info ][gc,heap      ] GC(78) CMS: 133722K->133805K(600768K)
[9.489s][info ][gc,metaspace ] GC(78) Metaspace: 38459K->38459K(1083392K)
[9.489s][info ][gc           ] GC(78) Pause Young (Allocation Failure) 366M->131M(850M) 3.822ms
[9.489s][info ][gc,cpu       ] GC(78) User=0.01s Sys=0.00s Real=0.00s
[9.489s][info ][safepoint    ] Leaving safepoint region
[9.489s][info ][safepoint    ] Total time for which application threads were stopped: 0.0040378 seconds, Stopping threads took: 0.0000774 seconds
[9.531s][info ][safepoint    ] Application time: 0.0418836 seconds
[9.531s][info ][safepoint    ] Entering safepoint region: GenCollectForAllocation
[9.531s][info ][gc,start     ] GC(79) Pause Young (Allocation Failure)
[9.531s][info ][gc,task      ] GC(79) Using 4 workers of 4 for evacuation
[9.533s][debug][gc,ref       ] GC(79) Skipped phase1 of Reference Processing due to unavailable references
[9.533s][debug][gc,ref       ] GC(79) Skipped phase2 of Reference Processing due to unavailable references
[9.533s][debug][gc,ref       ] GC(79) Skipped phase3 of Reference Processing due to unavailable references
[9.533s][debug][gc,ref       ] GC(79) Skipped phase4 of Reference Processing due to unavailable references
[9.533s][debug][gc,age       ] GC(79) Desired survivor size 15368192 bytes, new threshold 6 (max threshold 6)
[9.533s][info ][gc,heap      ] GC(79) ParNew: 241489K->1556K(270336K)
[9.533s][info ][gc,heap      ] GC(79) CMS: 133805K->133871K(600768K)
[9.533s][info ][gc,metaspace ] GC(79) Metaspace: 38459K->38459K(1083392K)
[9.533s][info ][gc           ] GC(79) Pause Young (Allocation Failure) 366M->132M(850M) 2.587ms
[9.533s][info ][gc,cpu       ] GC(79) User=0.01s Sys=0.00s Real=0.00s
[9.533s][info ][safepoint    ] Leaving safepoint region
[9.534s][info ][safepoint    ] Total time for which application threads were stopped: 0.0028287 seconds, Stopping threads took: 0.0000696 seconds
[9.581s][info ][safepoint    ] Application time: 0.0470268 seconds
[9.581s][info ][safepoint    ] Entering safepoint region: GenCollectForAllocation
[9.581s][info ][gc,start     ] GC(80) Pause Young (Allocation Failure)
[9.581s][info ][gc,task      ] GC(80) Using 4 workers of 4 for evacuation
[9.585s][debug][gc,ref       ] GC(80) Skipped phase1 of Reference Processing due to unavailable references
[9.585s][debug][gc,ref       ] GC(80) Skipped phase2 of Reference Processing due to unavailable references
[9.585s][debug][gc,ref       ] GC(80) Skipped phase3 of Reference Processing due to unavailable references
[9.585s][debug][gc,ref       ] GC(80) Skipped phase4 of Reference Processing due to unavailable references
[9.585s][debug][gc,age       ] GC(80) Desired survivor size 15368192 bytes, new threshold 6 (max threshold 6)
[9.585s][info ][gc,heap      ] GC(80) ParNew: 241876K->2528K(270336K)
[9.585s][info ][gc,heap      ] GC(80) CMS: 133871K->133963K(600768K)
[9.585s][info ][gc,metaspace ] GC(80) Metaspace: 38459K->38459K(1083392K)
[9.585s][info ][gc           ] GC(80) Pause Young (Allocation Failure) 366M->133M(850M) 4.370ms
[9.585s][info ][gc,cpu       ] GC(80) User=0.02s Sys=0.00s Real=0.01s
[9.585s][info ][safepoint    ] Leaving safepoint region
[9.585s][info ][safepoint    ] Total time for which application threads were stopped: 0.0047273 seconds, Stopping threads took: 0.0001985 seconds
[9.636s][info ][safepoint    ] Application time: 0.0511595 seconds
[9.637s][info ][safepoint    ] Entering safepoint region: GenCollectForAllocation
[9.637s][info ][gc,start     ] GC(81) Pause Young (Allocation Failure)
[9.637s][info ][gc,task      ] GC(81) Using 4 workers of 4 for evacuation
[9.641s][debug][gc,ref       ] GC(81) Skipped phase1 of Reference Processing due to unavailable references
[9.641s][debug][gc,ref       ] GC(81) Skipped phase2 of Reference Processing due to unavailable references
[9.641s][debug][gc,ref       ] GC(81) Skipped phase3 of Reference Processing due to unavailable references
[9.641s][debug][gc,ref       ] GC(81) Skipped phase4 of Reference Processing due to unavailable references
[9.641s][debug][gc,age       ] GC(81) Desired survivor size 15368192 bytes, new threshold 6 (max threshold 6)
[9.641s][info ][gc,heap      ] GC(81) ParNew: 242848K->3395K(270336K)
[9.641s][info ][gc,heap      ] GC(81) CMS: 133963K->134041K(600768K)
[9.641s][info ][gc,metaspace ] GC(81) Metaspace: 38459K->38459K(1083392K)
[9.641s][info ][gc           ] GC(81) Pause Young (Allocation Failure) 367M->134M(850M) 4.392ms
[9.641s][info ][gc,cpu       ] GC(81) User=0.01s Sys=0.00s Real=0.00s
[9.641s][info ][safepoint    ] Leaving safepoint region
[9.641s][info ][safepoint    ] Total time for which application threads were stopped: 0.0046357 seconds, Stopping threads took: 0.0000777 seconds
[9.706s][info ][safepoint    ] Application time: 0.0648337 seconds
[9.707s][info ][safepoint    ] Entering safepoint region: GenCollectForAllocation
[9.707s][info ][gc,start     ] GC(82) Pause Young (Allocation Failure)
[9.707s][info ][gc,task      ] GC(82) Using 4 workers of 4 for evacuation
[9.712s][debug][gc,ref       ] GC(82) Skipped phase1 of Reference Processing due to unavailable references
[9.712s][debug][gc,ref       ] GC(82) Skipped phase2 of Reference Processing due to unavailable references
[9.712s][debug][gc,ref       ] GC(82) Skipped phase3 of Reference Processing due to unavailable references
[9.712s][debug][gc,ref       ] GC(82) Skipped phase4 of Reference Processing due to unavailable references
[9.712s][debug][gc,age       ] GC(82) Desired survivor size 15368192 bytes, new threshold 6 (max threshold 6)
[9.712s][info ][gc,heap      ] GC(82) ParNew: 243715K->4374K(270336K)
[9.712s][info ][gc,heap      ] GC(82) CMS: 134041K->134115K(600768K)
[9.712s][info ][gc,metaspace ] GC(82) Metaspace: 38459K->38459K(1083392K)
[9.712s][info ][gc           ] GC(82) Pause Young (Allocation Failure) 368M->135M(850M) 4.670ms
[9.712s][info ][gc,cpu       ] GC(82) User=0.01s Sys=0.00s Real=0.00s
[9.712s][info ][safepoint    ] Leaving safepoint region
[9.712s][info ][safepoint    ] Total time for which application threads were stopped: 0.0060360 seconds, Stopping threads took: 0.0011999 seconds
[9.762s][info ][safepoint    ] Application time: 0.0496750 seconds
[9.762s][info ][safepoint    ] Entering safepoint region: GenCollectForAllocation
[9.762s][info ][gc,start     ] GC(83) Pause Young (Allocation Failure)
[9.762s][info ][gc,task      ] GC(83) Using 4 workers of 4 for evacuation
[9.767s][debug][gc,ref       ] GC(83) Skipped phase1 of Reference Processing due to unavailable references
[9.767s][debug][gc,ref       ] GC(83) Skipped phase2 of Reference Processing due to unavailable references
[9.767s][debug][gc,ref       ] GC(83) Skipped phase3 of Reference Processing due to unavailable references
[9.767s][debug][gc,ref       ] GC(83) Skipped phase4 of Reference Processing due to unavailable references
[9.767s][debug][gc,age       ] GC(83) Desired survivor size 15368192 bytes, new threshold 6 (max threshold 6)
[9.767s][info ][gc,heap      ] GC(83) ParNew: 244694K->4653K(270336K)
[9.767s][info ][gc,heap      ] GC(83) CMS: 134115K->134299K(600768K)
[9.767s][info ][gc,metaspace ] GC(83) Metaspace: 38459K->38459K(1083392K)
[9.767s][info ][gc           ] GC(83) Pause Young (Allocation Failure) 369M->135M(850M) 4.841ms
[9.767s][info ][gc,cpu       ] GC(83) User=0.01s Sys=0.00s Real=0.01s
[9.767s][info ][safepoint    ] Leaving safepoint region
[9.767s][info ][safepoint    ] Total time for which application threads were stopped: 0.0051117 seconds, Stopping threads took: 0.0001102 seconds
[9.834s][info ][safepoint    ] Application time: 0.0671645 seconds
[9.834s][info ][safepoint    ] Entering safepoint region: GenCollectForAllocation
[9.835s][info ][gc,start     ] GC(84) Pause Young (Allocation Failure)
[9.835s][info ][gc,task      ] GC(84) Using 4 workers of 4 for evacuation
[9.842s][debug][gc,ref       ] GC(84) Skipped phase1 of Reference Processing due to unavailable references
[9.842s][debug][gc,ref       ] GC(84) Skipped phase2 of Reference Processing due to unavailable references
[9.842s][debug][gc,ref       ] GC(84) Skipped phase3 of Reference Processing due to unavailable references
[9.842s][debug][gc,ref       ] GC(84) Skipped phase4 of Reference Processing due to unavailable references
[9.842s][debug][gc,age       ] GC(84) Desired survivor size 15368192 bytes, new threshold 6 (max threshold 6)
[9.842s][info ][gc,heap      ] GC(84) ParNew: 244973K->5530K(270336K)
[9.842s][info ][gc,heap      ] GC(84) CMS: 134299K->134621K(600768K)
[9.842s][info ][gc,metaspace ] GC(84) Metaspace: 38459K->38459K(1083392K)
[9.842s][info ][gc           ] GC(84) Pause Young (Allocation Failure) 370M->136M(850M) 7.645ms
[9.842s][info ][gc,cpu       ] GC(84) User=0.03s Sys=0.00s Real=0.01s
[9.842s][info ][safepoint    ] Leaving safepoint region
[9.842s][info ][safepoint    ] Total time for which application threads were stopped: 0.0081596 seconds, Stopping threads took: 0.0003171 seconds
[9.904s][info ][safepoint    ] Application time: 0.0614262 seconds
[9.904s][info ][safepoint    ] Entering safepoint region: GenCollectForAllocation
[9.904s][info ][gc,start     ] GC(85) Pause Young (Allocation Failure)
[9.904s][info ][gc,task      ] GC(85) Using 4 workers of 4 for evacuation
[9.913s][debug][gc,ref       ] GC(85) Skipped phase1 of Reference Processing due to unavailable references
[9.913s][debug][gc,ref       ] GC(85) Skipped phase2 of Reference Processing due to unavailable references
[9.913s][debug][gc,ref       ] GC(85) Skipped phase3 of Reference Processing due to unavailable references
[9.913s][debug][gc,ref       ] GC(85) Skipped phase4 of Reference Processing due to unavailable references
[9.913s][debug][gc,age       ] GC(85) Desired survivor size 15368192 bytes, new threshold 6 (max threshold 6)
[9.913s][info ][gc,heap      ] GC(85) ParNew: 245850K->8282K(270336K)
[9.913s][info ][gc,heap      ] GC(85) CMS: 134621K->134803K(600768K)
[9.913s][info ][gc,metaspace ] GC(85) Metaspace: 38459K->38459K(1083392K)
[9.913s][info ][gc           ] GC(85) Pause Young (Allocation Failure) 371M->139M(850M) 9.333ms
[9.913s][info ][gc,cpu       ] GC(85) User=0.03s Sys=0.00s Real=0.00s
[9.913s][info ][safepoint    ] Leaving safepoint region
[9.913s][info ][safepoint    ] Total time for which application threads were stopped: 0.0096560 seconds, Stopping threads took: 0.0001632 seconds
[9.971s][info ][safepoint    ] Application time: 0.0577526 seconds
[9.971s][info ][safepoint    ] Entering safepoint region: GenCollectForAllocation
[9.971s][info ][gc,start     ] GC(86) Pause Young (Allocation Failure)
[9.971s][info ][gc,task      ] GC(86) Using 4 workers of 4 for evacuation
[9.981s][debug][gc,ref       ] GC(86) Skipped phase1 of Reference Processing due to unavailable references
[9.981s][debug][gc,ref       ] GC(86) Skipped phase2 of Reference Processing due to unavailable references
[9.981s][debug][gc,ref       ] GC(86) Skipped phase3 of Reference Processing due to unavailable references
[9.981s][debug][gc,ref       ] GC(86) Skipped phase4 of Reference Processing due to unavailable references
[9.982s][debug][gc,age       ] GC(86) Desired survivor size 15368192 bytes, new threshold 6 (max threshold 6)
[9.982s][info ][gc,heap      ] GC(86) ParNew: 248602K->9791K(270336K)
[9.982s][info ][gc,heap      ] GC(86) CMS: 134803K->135955K(600768K)
[9.982s][info ][gc,metaspace ] GC(86) Metaspace: 38459K->38459K(1083392K)
[9.982s][info ][gc           ] GC(86) Pause Young (Allocation Failure) 374M->142M(850M) 10.184ms
[9.982s][info ][gc,cpu       ] GC(86) User=0.04s Sys=0.00s Real=0.01s
[9.982s][info ][safepoint    ] Leaving safepoint region
[9.982s][info ][safepoint    ] Total time for which application threads were stopped: 0.0105146 seconds, Stopping threads took: 0.0001506 seconds
[10.033s][info ][safepoint    ] Application time: 0.0514706 seconds
[10.033s][info ][safepoint    ] Entering safepoint region: GenCollectForAllocation
[10.033s][info ][gc,start     ] GC(87) Pause Young (Allocation Failure)
[10.033s][info ][gc,task      ] GC(87) Using 4 workers of 4 for evacuation
[10.041s][debug][gc,ref       ] GC(87) Skipped phase1 of Reference Processing due to unavailable references
[10.041s][debug][gc,ref       ] GC(87) Skipped phase2 of Reference Processing due to unavailable references
[10.041s][debug][gc,ref       ] GC(87) Skipped phase3 of Reference Processing due to unavailable references
[10.041s][debug][gc,ref       ] GC(87) Skipped phase4 of Reference Processing due to unavailable references
[10.041s][debug][gc,age       ] GC(87) Desired survivor size 15368192 bytes, new threshold 6 (max threshold 6)
[10.041s][info ][gc,heap      ] GC(87) ParNew: 250111K->9582K(270336K)
[10.041s][info ][gc,heap      ] GC(87) CMS: 135955K->136438K(600768K)
[10.041s][info ][gc,metaspace ] GC(87) Metaspace: 38459K->38459K(1083392K)
[10.041s][info ][gc           ] GC(87) Pause Young (Allocation Failure) 377M->142M(850M) 7.432ms
[10.041s][info ][gc,cpu       ] GC(87) User=0.03s Sys=0.00s Real=0.01s
[10.041s][info ][safepoint    ] Leaving safepoint region
[10.041s][info ][safepoint    ] Total time for which application threads were stopped: 0.0077360 seconds, Stopping threads took: 0.0001369 seconds
[10.099s][info ][safepoint    ] Application time: 0.0578733 seconds
[10.099s][info ][safepoint    ] Entering safepoint region: GenCollectForAllocation
[10.099s][info ][gc,start     ] GC(88) Pause Young (Allocation Failure)
[10.099s][info ][gc,task      ] GC(88) Using 4 workers of 4 for evacuation
[10.106s][debug][gc,ref       ] GC(88) Skipped phase1 of Reference Processing due to unavailable references
[10.106s][debug][gc,ref       ] GC(88) Skipped phase2 of Reference Processing due to unavailable references
[10.106s][debug][gc,ref       ] GC(88) Skipped phase3 of Reference Processing due to unavailable references
[10.106s][debug][gc,ref       ] GC(88) Skipped phase4 of Reference Processing due to unavailable references
[10.106s][debug][gc,age       ] GC(88) Desired survivor size 15368192 bytes, new threshold 6 (max threshold 6)
[10.106s][info ][gc,heap      ] GC(88) ParNew: 249902K->6097K(270336K)
[10.106s][info ][gc,heap      ] GC(88) CMS: 136438K->137000K(600768K)
[10.106s][info ][gc,metaspace ] GC(88) Metaspace: 38459K->38459K(1083392K)
[10.106s][info ][gc           ] GC(88) Pause Young (Allocation Failure) 377M->139M(850M) 7.157ms
[10.106s][info ][gc,cpu       ] GC(88) User=0.03s Sys=0.00s Real=0.01s
[10.106s][info ][safepoint    ] Leaving safepoint region
[10.106s][info ][safepoint    ] Total time for which application threads were stopped: 0.0075140 seconds, Stopping threads took: 0.0001998 seconds
[10.165s][info ][safepoint    ] Application time: 0.0585814 seconds
[10.165s][info ][safepoint    ] Entering safepoint region: GenCollectForAllocation
[10.165s][info ][gc,start     ] GC(89) Pause Young (Allocation Failure)
[10.165s][info ][gc,task      ] GC(89) Using 4 workers of 4 for evacuation
[10.172s][debug][gc,ref       ] GC(89) Skipped phase1 of Reference Processing due to unavailable references
[10.172s][debug][gc,ref       ] GC(89) Skipped phase2 of Reference Processing due to unavailable references
[10.172s][debug][gc,ref       ] GC(89) Skipped phase3 of Reference Processing due to unavailable references
[10.172s][debug][gc,ref       ] GC(89) Skipped phase4 of Reference Processing due to unavailable references
[10.172s][debug][gc,age       ] GC(89) Desired survivor size 15368192 bytes, new threshold 6 (max threshold 6)
[10.172s][info ][gc,heap      ] GC(89) ParNew: 246417K->8579K(270336K)
[10.172s][info ][gc,heap      ] GC(89) CMS: 137000K->137117K(600768K)
[10.172s][info ][gc,metaspace ] GC(89) Metaspace: 38459K->38459K(1083392K)
[10.172s][info ][gc           ] GC(89) Pause Young (Allocation Failure) 374M->142M(850M) 6.576ms
[10.172s][info ][gc,cpu       ] GC(89) User=0.03s Sys=0.00s Real=0.00s
[10.172s][info ][safepoint    ] Leaving safepoint region
[10.172s][info ][safepoint    ] Total time for which application threads were stopped: 0.0068823 seconds, Stopping threads took: 0.0001423 seconds
[10.240s][info ][safepoint    ] Application time: 0.0685813 seconds
[10.241s][info ][safepoint    ] Entering safepoint region: GenCollectForAllocation
[10.241s][info ][gc,start     ] GC(90) Pause Young (Allocation Failure)
[10.241s][info ][gc,task      ] GC(90) Using 4 workers of 4 for evacuation
[10.250s][debug][gc,ref       ] GC(90) Skipped phase1 of Reference Processing due to unavailable references
[10.250s][debug][gc,ref       ] GC(90) Skipped phase2 of Reference Processing due to unavailable references
[10.250s][debug][gc,ref       ] GC(90) Skipped phase3 of Reference Processing due to unavailable references
[10.250s][debug][gc,ref       ] GC(90) Skipped phase4 of Reference Processing due to unavailable references
[10.250s][debug][gc,age       ] GC(90) Desired survivor size 15368192 bytes, new threshold 6 (max threshold 6)
[10.250s][info ][gc,heap      ] GC(90) ParNew: 248899K->5649K(270336K)
[10.250s][info ][gc,heap      ] GC(90) CMS: 137117K->139739K(600768K)
[10.250s][info ][gc,metaspace ] GC(90) Metaspace: 38459K->38459K(1083392K)
[10.250s][info ][gc           ] GC(90) Pause Young (Allocation Failure) 376M->141M(850M) 9.257ms
[10.250s][info ][gc,cpu       ] GC(90) User=0.03s Sys=0.00s Real=0.01s
[10.250s][info ][safepoint    ] Leaving safepoint region
[10.250s][info ][safepoint    ] Total time for which application threads were stopped: 0.0094961 seconds, Stopping threads took: 0.0000851 seconds
[10.325s][info ][safepoint    ] Application time: 0.0748293 seconds
[10.325s][info ][safepoint    ] Entering safepoint region: GenCollectForAllocation
[10.325s][info ][gc,start     ] GC(91) Pause Young (Allocation Failure)
[10.325s][info ][gc,task      ] GC(91) Using 4 workers of 4 for evacuation
[10.332s][debug][gc,ref       ] GC(91) Skipped phase1 of Reference Processing due to unavailable references
[10.332s][debug][gc,ref       ] GC(91) Skipped phase2 of Reference Processing due to unavailable references
[10.332s][debug][gc,ref       ] GC(91) Skipped phase3 of Reference Processing due to unavailable references
[10.332s][debug][gc,ref       ] GC(91) Skipped phase4 of Reference Processing due to unavailable references
[10.332s][debug][gc,age       ] GC(91) Desired survivor size 15368192 bytes, new threshold 6 (max threshold 6)
[10.332s][info ][gc,heap      ] GC(91) ParNew: 245969K->2658K(270336K)
[10.332s][info ][gc,heap      ] GC(91) CMS: 139739K->142362K(600768K)
[10.332s][info ][gc,metaspace ] GC(91) Metaspace: 38459K->38459K(1083392K)
[10.332s][info ][gc           ] GC(91) Pause Young (Allocation Failure) 376M->141M(850M) 7.413ms
[10.332s][info ][gc,cpu       ] GC(91) User=0.02s Sys=0.01s Real=0.00s
[10.333s][info ][safepoint    ] Leaving safepoint region
[10.333s][info ][safepoint    ] Total time for which application threads were stopped: 0.0076849 seconds, Stopping threads took: 0.0001177 seconds
[10.418s][info ][safepoint    ] Application time: 0.0853788 seconds
[10.418s][info ][safepoint    ] Entering safepoint region: GenCollectForAllocation
[10.418s][info ][gc,start     ] GC(92) Pause Young (Allocation Failure)
[10.418s][info ][gc,task      ] GC(92) Using 4 workers of 4 for evacuation
[10.421s][debug][gc,ref       ] GC(92) Skipped phase1 of Reference Processing due to unavailable references
[10.421s][debug][gc,ref       ] GC(92) Skipped phase2 of Reference Processing due to unavailable references
[10.421s][debug][gc,ref       ] GC(92) Skipped phase3 of Reference Processing due to unavailable references
[10.421s][debug][gc,ref       ] GC(92) Skipped phase4 of Reference Processing due to unavailable references
[10.421s][debug][gc,age       ] GC(92) Desired survivor size 15368192 bytes, new threshold 6 (max threshold 6)
[10.421s][info ][gc,heap      ] GC(92) ParNew: 242978K->2158K(270336K)
[10.421s][info ][gc,heap      ] GC(92) CMS: 142362K->142487K(600768K)
[10.421s][info ][gc,metaspace ] GC(92) Metaspace: 38459K->38459K(1083392K)
[10.421s][info ][gc           ] GC(92) Pause Young (Allocation Failure) 376M->141M(850M) 2.940ms
[10.421s][info ][gc,cpu       ] GC(92) User=0.01s Sys=0.01s Real=0.00s
[10.421s][info ][safepoint    ] Leaving safepoint region
[10.421s][info ][safepoint    ] Total time for which application threads were stopped: 0.0031607 seconds, Stopping threads took: 0.0000811 seconds
[10.613s][info ][safepoint    ] Application time: 0.1917550 seconds
[10.613s][info ][safepoint    ] Entering safepoint region: RevokeBias
[10.613s][info ][safepoint    ] Leaving safepoint region
[10.613s][info ][safepoint    ] Total time for which application threads were stopped: 0.0001322 seconds, Stopping threads took: 0.0000126 seconds
[10.616s][info ][safepoint    ] Application time: 0.0026615 seconds
[10.616s][info ][safepoint    ] Entering safepoint region: RevokeBias
[10.616s][info ][safepoint    ] Leaving safepoint region
[10.616s][info ][safepoint    ] Total time for which application threads were stopped: 0.0000405 seconds, Stopping threads took: 0.0000072 seconds
[10.619s][info ][safepoint    ] Application time: 0.0031047 seconds
[10.619s][info ][safepoint    ] Entering safepoint region: Deoptimize
[10.620s][info ][safepoint    ] Leaving safepoint region
[10.620s][info ][safepoint    ] Total time for which application threads were stopped: 0.0007142 seconds, Stopping threads took: 0.0000061 seconds
[10.629s][info ][safepoint    ] Application time: 0.0096481 seconds
[10.629s][info ][safepoint    ] Entering safepoint region: RevokeBias
[10.629s][info ][safepoint    ] Leaving safepoint region
[10.629s][info ][safepoint    ] Total time for which application threads were stopped: 0.0000594 seconds, Stopping threads took: 0.0000128 seconds
[10.630s][info ][safepoint    ] Application time: 0.0008157 seconds
[10.630s][info ][safepoint    ] Entering safepoint region: RevokeBias
[10.630s][info ][safepoint    ] Leaving safepoint region
[10.630s][info ][safepoint    ] Total time for which application threads were stopped: 0.0000248 seconds, Stopping threads took: 0.0000055 seconds
[10.630s][info ][safepoint    ] Application time: 0.0000585 seconds
[10.630s][info ][safepoint    ] Entering safepoint region: RevokeBias
[10.630s][info ][safepoint    ] Leaving safepoint region
[10.630s][info ][safepoint    ] Total time for which application threads were stopped: 0.0000167 seconds, Stopping threads took: 0.0000043 seconds
[10.631s][info ][safepoint    ] Application time: 0.0005427 seconds
[10.631s][info ][safepoint    ] Entering safepoint region: Deoptimize
[10.632s][info ][safepoint    ] Leaving safepoint region
[10.632s][info ][safepoint    ] Total time for which application threads were stopped: 0.0007200 seconds, Stopping threads took: 0.0000051 seconds
[10.633s][info ][safepoint    ] Application time: 0.0013562 seconds
[10.633s][info ][safepoint    ] Entering safepoint region: RevokeBias
[10.633s][info ][safepoint    ] Leaving safepoint region
[10.633s][info ][safepoint    ] Total time for which application threads were stopped: 0.0000378 seconds, Stopping threads took: 0.0000080 seconds
[10.661s][info ][safepoint    ] Application time: 0.0281376 seconds
[10.661s][info ][safepoint    ] Entering safepoint region: Deoptimize
[10.662s][info ][safepoint    ] Leaving safepoint region
[10.662s][info ][safepoint    ] Total time for which application threads were stopped: 0.0007374 seconds, Stopping threads took: 0.0000119 seconds
[10.685s][info ][safepoint    ] Application time: 0.0230607 seconds
[10.685s][info ][safepoint    ] Entering safepoint region: RevokeBias
[10.685s][info ][safepoint    ] Leaving safepoint region
[10.685s][info ][safepoint    ] Total time for which application threads were stopped: 0.0000646 seconds, Stopping threads took: 0.0000113 seconds
[10.734s][info ][safepoint    ] Application time: 0.0487708 seconds
[10.734s][info ][safepoint    ] Entering safepoint region: Deoptimize
[10.735s][info ][safepoint    ] Leaving safepoint region
[10.735s][info ][safepoint    ] Total time for which application threads were stopped: 0.0008298 seconds, Stopping threads took: 0.0000747 seconds
[10.745s][info ][safepoint    ] Application time: 0.0099045 seconds
[10.745s][info ][safepoint    ] Entering safepoint region: RevokeBias
[10.745s][info ][safepoint    ] Leaving safepoint region
[10.745s][info ][safepoint    ] Total time for which application threads were stopped: 0.0000790 seconds, Stopping threads took: 0.0000120 seconds
[10.765s][info ][safepoint    ] Application time: 0.0204792 seconds
[10.765s][info ][safepoint    ] Entering safepoint region: RevokeBias
[10.765s][info ][safepoint    ] Leaving safepoint region
[10.765s][info ][safepoint    ] Total time for which application threads were stopped: 0.0001449 seconds, Stopping threads took: 0.0000709 seconds
[10.765s][info ][safepoint    ] Application time: 0.0000763 seconds
[10.765s][info ][safepoint    ] Entering safepoint region: RevokeBias
[10.765s][info ][safepoint    ] Leaving safepoint region
[10.765s][info ][safepoint    ] Total time for which application threads were stopped: 0.0000538 seconds, Stopping threads took: 0.0000318 seconds
[11.255s][info ][safepoint    ] Application time: 0.4895384 seconds
[11.255s][info ][safepoint    ] Entering safepoint region: RevokeBias
[11.255s][info ][safepoint    ] Leaving safepoint region
[11.255s][info ][safepoint    ] Total time for which application threads were stopped: 0.0001400 seconds, Stopping threads took: 0.0000106 seconds
[11.270s][info ][safepoint    ] Application time: 0.0148520 seconds
[11.270s][info ][safepoint    ] Entering safepoint region: Deoptimize
[11.271s][info ][safepoint    ] Leaving safepoint region
[11.271s][info ][safepoint    ] Total time for which application threads were stopped: 0.0010352 seconds, Stopping threads took: 0.0001453 seconds
[11.276s][info ][safepoint    ] Application time: 0.0045009 seconds
[11.276s][info ][safepoint    ] Entering safepoint region: RevokeBias
[11.276s][info ][safepoint    ] Leaving safepoint region
[11.276s][info ][safepoint    ] Total time for which application threads were stopped: 0.0001665 seconds, Stopping threads took: 0.0000584 seconds
[11.406s][info ][safepoint    ] Application time: 0.1301283 seconds
[11.406s][info ][safepoint    ] Entering safepoint region: CollectForMetadataAllocation
[11.406s][info ][safepoint    ] Leaving safepoint region
[11.406s][info ][safepoint    ] Total time for which application threads were stopped: 0.0002557 seconds, Stopping threads took: 0.0000642 seconds
[11.407s][info ][safepoint    ] Application time: 0.0007899 seconds
[11.407s][info ][safepoint    ] Entering safepoint region: RevokeBias
[11.407s][info ][safepoint    ] Leaving safepoint region
[11.407s][info ][safepoint    ] Total time for which application threads were stopped: 0.0001201 seconds, Stopping threads took: 0.0000746 seconds
[11.576s][info ][safepoint    ] Application time: 0.1691755 seconds
[11.576s][info ][safepoint    ] Entering safepoint region: CollectForMetadataAllocation
[11.576s][info ][safepoint    ] Leaving safepoint region
[11.576s][info ][safepoint    ] Total time for which application threads were stopped: 0.0001472 seconds, Stopping threads took: 0.0000126 seconds
[11.590s][info ][safepoint    ] Application time: 0.0136847 seconds
[11.590s][info ][safepoint    ] Entering safepoint region: BulkRevokeBias
[11.590s][info ][safepoint    ] Leaving safepoint region
[11.590s][info ][safepoint    ] Total time for which application threads were stopped: 0.0001994 seconds, Stopping threads took: 0.0000125 seconds
[11.605s][info ][safepoint    ] Application time: 0.0148463 seconds
[11.605s][info ][safepoint    ] Entering safepoint region: CollectForMetadataAllocation
[11.605s][info ][safepoint    ] Leaving safepoint region
[11.605s][info ][safepoint    ] Total time for which application threads were stopped: 0.0001429 seconds, Stopping threads took: 0.0000291 seconds
[11.611s][info ][safepoint    ] Application time: 0.0055271 seconds
[11.611s][info ][safepoint    ] Entering safepoint region: Deoptimize
[11.612s][info ][safepoint    ] Leaving safepoint region
[11.612s][info ][safepoint    ] Total time for which application threads were stopped: 0.0008942 seconds, Stopping threads took: 0.0000126 seconds
[11.674s][info ][safepoint    ] Application time: 0.0622595 seconds
[11.674s][info ][safepoint    ] Entering safepoint region: CollectForMetadataAllocation
[11.674s][info ][safepoint    ] Leaving safepoint region
[11.674s][info ][safepoint    ] Total time for which application threads were stopped: 0.0002398 seconds, Stopping threads took: 0.0001057 seconds
[12.173s][info ][safepoint    ] Application time: 0.4983527 seconds
[12.173s][info ][safepoint    ] Entering safepoint region: ICBufferFull
[12.173s][info ][safepoint    ] Leaving safepoint region
[12.173s][info ][safepoint    ] Total time for which application threads were stopped: 0.0001864 seconds, Stopping threads took: 0.0000155 seconds
[12.421s][info ][safepoint    ] Application time: 0.2482295 seconds
[12.421s][info ][safepoint    ] Entering safepoint region: CMS_Initial_Mark
[12.421s][info ][gc,start     ] GC(93) Pause Initial Mark
[12.455s][info ][gc           ] GC(93) Pause Initial Mark 330M->330M(850M) 33.713ms
[12.455s][info ][gc,cpu       ] GC(93) User=0.13s Sys=0.00s Real=0.04s
[12.455s][info ][safepoint    ] Leaving safepoint region
[12.455s][info ][safepoint    ] Total time for which application threads were stopped: 0.0338778 seconds, Stopping threads took: 0.0000178 seconds
[12.455s][info ][gc           ] GC(93) Concurrent Mark
[12.671s][info ][gc           ] GC(93) Concurrent Mark 216.022ms
[12.671s][info ][gc,cpu       ] GC(93) User=0.29s Sys=0.01s Real=0.21s
[12.671s][info ][gc           ] GC(93) Concurrent Preclean
[12.671s][debug][gc,ref       ] GC(93) Preclean SoftReferences 0.002ms
[12.671s][debug][gc,ref       ] GC(93) Preclean WeakReferences 0.018ms
[12.671s][debug][gc,ref       ] GC(93) Preclean FinalReferences 0.001ms
[12.671s][debug][gc,ref       ] GC(93) Preclean PhantomReferences 0.001ms
[12.680s][info ][gc           ] GC(93) Concurrent Preclean 9.226ms
[12.681s][info ][gc,cpu       ] GC(93) User=0.02s Sys=0.01s Real=0.01s
[12.681s][info ][gc           ] GC(93) Concurrent Abortable Preclean
[13.224s][info ][safepoint    ] Application time: 0.7689642 seconds
[13.224s][info ][safepoint    ] Entering safepoint region: ICBufferFull
[13.224s][info ][safepoint    ] Leaving safepoint region
[13.224s][info ][safepoint    ] Total time for which application threads were stopped: 0.0002255 seconds, Stopping threads took: 0.0000663 seconds
[14.026s][info ][safepoint    ] Application time: 0.8012336 seconds
[14.026s][info ][safepoint    ] Entering safepoint region: Deoptimize
[14.027s][info ][safepoint    ] Leaving safepoint region
[14.027s][info ][safepoint    ] Total time for which application threads were stopped: 0.0010393 seconds, Stopping threads took: 0.0000139 seconds
[14.174s][info ][safepoint    ] Application time: 0.1472784 seconds
[14.174s][info ][safepoint    ] Entering safepoint region: CollectForMetadataAllocation
[14.174s][info ][safepoint    ] Leaving safepoint region
[14.174s][info ][safepoint    ] Total time for which application threads were stopped: 0.0002284 seconds, Stopping threads took: 0.0001010 seconds
[15.174s][info ][safepoint    ] Application time: 1.0001024 seconds
[15.174s][info ][safepoint    ] Entering safepoint region: Cleanup
[15.174s][info ][safepoint    ] Leaving safepoint region
[15.174s][info ][safepoint    ] Total time for which application threads were stopped: 0.0001083 seconds, Stopping threads took: 0.0000140 seconds
[16.174s][info ][safepoint    ] Application time: 1.0000422 seconds
[16.175s][info ][safepoint    ] Entering safepoint region: Cleanup
[16.175s][info ][safepoint    ] Leaving safepoint region
[16.175s][info ][safepoint    ] Total time for which application threads were stopped: 0.0001014 seconds, Stopping threads took: 0.0000135 seconds
[17.175s][info ][safepoint    ] Application time: 1.0000855 seconds
[17.175s][info ][safepoint    ] Entering safepoint region: Cleanup
[17.175s][info ][safepoint    ] Leaving safepoint region
[17.175s][info ][safepoint    ] Total time for which application threads were stopped: 0.0001181 seconds, Stopping threads took: 0.0000135 seconds
[17.766s][info ][gc           ] GC(93) Concurrent Abortable Preclean 5085.126ms
[17.766s][info ][gc,cpu       ] GC(93) User=1.83s Sys=0.15s Real=5.09s
[17.766s][info ][safepoint    ] Application time: 0.5908814 seconds
[17.766s][info ][safepoint    ] Entering safepoint region: CMS_Final_Remark
[17.766s][info ][gc,start     ] GC(93) Pause Remark
[17.805s][debug][gc,phases    ] GC(93) Rescan (parallel) 39.338ms
[17.805s][debug][gc,ref       ] GC(93) Skipped phase1 of Reference Processing due to unavailable references
[17.805s][debug][gc,ref       ] GC(93) Skipped phase2 of Reference Processing due to unavailable references
[17.805s][debug][gc,ref       ] GC(93) Skipped phase3 of Reference Processing due to unavailable references
[17.805s][debug][gc,ref       ] GC(93) Skipped phase4 of Reference Processing due to unavailable references
[17.805s][debug][gc,phases    ] GC(93) Reference Processing 0.030ms
[17.805s][debug][gc,phases    ] GC(93) Weak Processing 0.099ms
[17.806s][debug][gc,phases    ] GC(93) ClassLoaderData 0.787ms
[17.806s][debug][gc,phases    ] GC(93) Dictionary 0.017ms
[17.806s][debug][gc,phases    ] GC(93) ProtectionDomainCacheTable 0.004ms
[17.806s][debug][gc,phases    ] GC(93) ResolvedMethodTable 0.133ms
[17.824s][debug][gc,phases    ] GC(93) Class Unloading 18.071ms
[17.827s][debug][gc,phases    ] GC(93) Scrub Symbol Table 2.957ms
[17.827s][debug][gc,phases    ] GC(93) Scrub String Table 0.331ms
[17.827s][info ][gc           ] GC(93) Pause Remark 350M->350M(850M) 61.368ms
[17.827s][info ][gc,cpu       ] GC(93) User=0.17s Sys=0.02s Real=0.06s
[17.827s][info ][safepoint    ] Leaving safepoint region
[17.827s][info ][safepoint    ] Total time for which application threads were stopped: 0.0615004 seconds, Stopping threads took: 0.0000162 seconds
[17.827s][info ][gc           ] GC(93) Concurrent Sweep
[17.860s][info ][safepoint    ] Application time: 0.0323014 seconds
[17.860s][info ][safepoint    ] Entering safepoint region: RevokeBias
[17.860s][info ][safepoint    ] Leaving safepoint region
[17.860s][info ][safepoint    ] Total time for which application threads were stopped: 0.0001677 seconds, Stopping threads took: 0.0000129 seconds
[17.862s][info ][safepoint    ] Application time: 0.0021112 seconds
[17.862s][info ][safepoint    ] Entering safepoint region: RevokeBias
[17.862s][info ][safepoint    ] Leaving safepoint region
[17.862s][info ][safepoint    ] Total time for which application threads were stopped: 0.0000905 seconds, Stopping threads took: 0.0000358 seconds
[17.867s][info ][safepoint    ] Application time: 0.0049720 seconds
[17.867s][info ][safepoint    ] Entering safepoint region: CollectForMetadataAllocation
[17.867s][info ][safepoint    ] Leaving safepoint region
[17.867s][info ][safepoint    ] Total time for which application threads were stopped: 0.0001079 seconds, Stopping threads took: 0.0000239 seconds
[17.868s][info ][safepoint    ] Application time: 0.0013206 seconds
[17.868s][info ][safepoint    ] Entering safepoint region: RevokeBias
[17.869s][info ][safepoint    ] Leaving safepoint region
[17.869s][info ][safepoint    ] Total time for which application threads were stopped: 0.0000529 seconds, Stopping threads took: 0.0000106 seconds
[17.869s][info ][safepoint    ] Application time: 0.0005198 seconds
[17.869s][info ][safepoint    ] Entering safepoint region: RevokeBias
[17.869s][info ][safepoint    ] Leaving safepoint region
[17.869s][info ][safepoint    ] Total time for which application threads were stopped: 0.0000279 seconds, Stopping threads took: 0.0000059 seconds
[17.876s][info ][safepoint    ] Application time: 0.0072581 seconds
[17.876s][info ][safepoint    ] Entering safepoint region: CollectForMetadataAllocation
[17.876s][info ][safepoint    ] Leaving safepoint region
[17.876s][info ][safepoint    ] Total time for which application threads were stopped: 0.0001245 seconds, Stopping threads took: 0.0000131 seconds
[17.877s][info ][safepoint    ] Application time: 0.0000994 seconds
[17.877s][info ][safepoint    ] Entering safepoint region: CollectForMetadataAllocation
[17.877s][info ][safepoint    ] Leaving safepoint region
[17.877s][info ][safepoint    ] Total time for which application threads were stopped: 0.0000695 seconds, Stopping threads took: 0.0000438 seconds
[17.890s][info ][safepoint    ] Application time: 0.0128561 seconds
[17.890s][info ][safepoint    ] Entering safepoint region: CollectForMetadataAllocation
[17.890s][info ][safepoint    ] Leaving safepoint region
[17.890s][info ][safepoint    ] Total time for which application threads were stopped: 0.0001362 seconds, Stopping threads took: 0.0000121 seconds
[17.903s][info ][gc           ] GC(93) Concurrent Sweep 75.864ms
[17.903s][info ][gc,cpu       ] GC(93) User=0.17s Sys=0.00s Real=0.08s
[17.903s][info ][gc           ] GC(93) Concurrent Reset
[17.904s][info ][safepoint    ] Application time: 0.0142474 seconds
[17.904s][info ][safepoint    ] Entering safepoint region: Deoptimize
[17.905s][info ][safepoint    ] Leaving safepoint region
[17.905s][info ][safepoint    ] Total time for which application threads were stopped: 0.0011665 seconds, Stopping threads took: 0.0000131 seconds
[17.908s][info ][safepoint    ] Application time: 0.0025334 seconds
[17.908s][info ][safepoint    ] Entering safepoint region: RevokeBias
[17.908s][info ][safepoint    ] Leaving safepoint region
[17.908s][info ][safepoint    ] Total time for which application threads were stopped: 0.0000738 seconds, Stopping threads took: 0.0000120 seconds
[17.914s][info ][gc           ] GC(93) Concurrent Reset 10.764ms
[17.914s][info ][gc,cpu       ] GC(93) User=0.03s Sys=0.01s Real=0.01s
[17.914s][info ][gc,heap      ] GC(93) Old: 142487K->134298K(600768K)
[17.925s][info ][safepoint    ] Application time: 0.0175398 seconds
[17.925s][info ][safepoint    ] Entering safepoint region: RevokeBias
[17.925s][info ][safepoint    ] Leaving safepoint region
[17.925s][info ][safepoint    ] Total time for which application threads were stopped: 0.0000907 seconds, Stopping threads took: 0.0000131 seconds
[17.927s][info ][safepoint    ] Application time: 0.0019332 seconds
[17.927s][info ][safepoint    ] Entering safepoint region: RevokeBias
[17.927s][info ][safepoint    ] Leaving safepoint region
[17.927s][info ][safepoint    ] Total time for which application threads were stopped: 0.0000698 seconds, Stopping threads took: 0.0000232 seconds
[18.641s][info ][safepoint    ] Application time: 0.7138268 seconds
[18.641s][info ][safepoint    ] Entering safepoint region: RevokeBias
[18.642s][info ][safepoint    ] Leaving safepoint region
[18.642s][info ][safepoint    ] Total time for which application threads were stopped: 0.0001736 seconds, Stopping threads took: 0.0000138 seconds
[18.643s][info ][safepoint    ] Application time: 0.0010365 seconds
[18.643s][info ][safepoint    ] Entering safepoint region: RevokeBias
[18.643s][info ][safepoint    ] Leaving safepoint region
[18.643s][info ][safepoint    ] Total time for which application threads were stopped: 0.0000918 seconds, Stopping threads took: 0.0000072 seconds
[18.661s][info ][safepoint    ] Application time: 0.0179039 seconds
[18.661s][info ][safepoint    ] Entering safepoint region: Deoptimize
[18.662s][info ][safepoint    ] Leaving safepoint region
[18.662s][info ][safepoint    ] Total time for which application threads were stopped: 0.0009355 seconds, Stopping threads took: 0.0000651 seconds
[18.662s][info ][safepoint    ] Application time: 0.0007556 seconds
[18.662s][info ][safepoint    ] Entering safepoint region: RevokeBias
[18.662s][info ][safepoint    ] Leaving safepoint region
[18.662s][info ][safepoint    ] Total time for which application threads were stopped: 0.0000657 seconds, Stopping threads took: 0.0000075 seconds
[18.662s][info ][safepoint    ] Application time: 0.0000472 seconds
[18.662s][info ][safepoint    ] Entering safepoint region: RevokeBias
[18.662s][info ][safepoint    ] Leaving safepoint region
[18.662s][info ][safepoint    ] Total time for which application threads were stopped: 0.0000338 seconds, Stopping threads took: 0.0000159 seconds
[18.662s][info ][safepoint    ] Application time: 0.0000456 seconds
[18.663s][info ][safepoint    ] Entering safepoint region: RevokeBias
[18.663s][info ][safepoint    ] Leaving safepoint region
[18.663s][info ][safepoint    ] Total time for which application threads were stopped: 0.0000215 seconds, Stopping threads took: 0.0000047 seconds
[18.663s][info ][safepoint    ] Application time: 0.0000430 seconds
[18.663s][info ][safepoint    ] Entering safepoint region: RevokeBias
[18.663s][info ][safepoint    ] Leaving safepoint region
[18.663s][info ][safepoint    ] Total time for which application threads were stopped: 0.0000213 seconds, Stopping threads took: 0.0000047 seconds
[18.667s][info ][safepoint    ] Application time: 0.0048666 seconds
[18.668s][info ][safepoint    ] Entering safepoint region: RevokeBias
[18.668s][info ][safepoint    ] Leaving safepoint region
[18.668s][info ][safepoint    ] Total time for which application threads were stopped: 0.0001003 seconds, Stopping threads took: 0.0000508 seconds
[18.673s][info ][safepoint    ] Application time: 0.0055484 seconds
[18.673s][info ][safepoint    ] Entering safepoint region: RevokeBias
[18.673s][info ][safepoint    ] Leaving safepoint region
[18.673s][info ][safepoint    ] Total time for which application threads were stopped: 0.0001280 seconds, Stopping threads took: 0.0000708 seconds
[18.692s][info ][safepoint    ] Application time: 0.0188528 seconds
[18.692s][info ][safepoint    ] Entering safepoint region: RevokeBias
[18.692s][info ][safepoint    ] Leaving safepoint region
[18.692s][info ][safepoint    ] Total time for which application threads were stopped: 0.0000819 seconds, Stopping threads took: 0.0000137 seconds
[18.692s][info ][safepoint    ] Application time: 0.0000848 seconds
[18.692s][info ][safepoint    ] Entering safepoint region: RevokeBias
[18.692s][info ][safepoint    ] Leaving safepoint region
[18.692s][info ][safepoint    ] Total time for which application threads were stopped: 0.0000242 seconds, Stopping threads took: 0.0000051 seconds
[18.730s][info ][safepoint    ] Application time: 0.0380829 seconds
[18.731s][info ][safepoint    ] Entering safepoint region: Deoptimize
[18.731s][info ][safepoint    ] Leaving safepoint region
[18.731s][info ][safepoint    ] Total time for which application threads were stopped: 0.0009622 seconds, Stopping threads took: 0.0000130 seconds
[18.763s][info ][safepoint    ] Application time: 0.0319387 seconds
[18.763s][info ][safepoint    ] Entering safepoint region: Deoptimize
[18.764s][info ][safepoint    ] Leaving safepoint region
[18.764s][info ][safepoint    ] Total time for which application threads were stopped: 0.0010292 seconds, Stopping threads took: 0.0000136 seconds
[18.857s][info ][safepoint    ] Application time: 0.0920701 seconds
[18.857s][info ][safepoint    ] Entering safepoint region: RevokeBias
[18.857s][info ][safepoint    ] Leaving safepoint region
[18.857s][info ][safepoint    ] Total time for which application threads were stopped: 0.0001701 seconds, Stopping threads took: 0.0000495 seconds
[18.940s][info ][safepoint    ] Application time: 0.0834808 seconds
[18.940s][info ][safepoint    ] Entering safepoint region: Deoptimize
[18.941s][info ][safepoint    ] Leaving safepoint region
[18.941s][info ][safepoint    ] Total time for which application threads were stopped: 0.0010446 seconds, Stopping threads took: 0.0000133 seconds
[18.942s][info ][safepoint    ] Application time: 0.0002693 seconds
[18.942s][info ][safepoint    ] Entering safepoint region: Deoptimize
[18.942s][info ][safepoint    ] Leaving safepoint region
[18.942s][info ][safepoint    ] Total time for which application threads were stopped: 0.0007344 seconds, Stopping threads took: 0.0000125 seconds
[18.943s][info ][safepoint    ] Application time: 0.0009708 seconds
[18.943s][info ][safepoint    ] Entering safepoint region: RevokeBias
[18.943s][info ][safepoint    ] Leaving safepoint region
[18.943s][info ][safepoint    ] Total time for which application threads were stopped: 0.0000575 seconds, Stopping threads took: 0.0000174 seconds
[18.944s][info ][safepoint    ] Application time: 0.0003229 seconds
[18.944s][info ][safepoint    ] Entering safepoint region: Deoptimize
[18.944s][info ][safepoint    ] Leaving safepoint region
[18.944s][info ][safepoint    ] Total time for which application threads were stopped: 0.0005699 seconds, Stopping threads took: 0.0000057 seconds
[18.948s][info ][safepoint    ] Application time: 0.0039374 seconds
[18.948s][info ][safepoint    ] Entering safepoint region: RevokeBias
[18.948s][info ][safepoint    ] Leaving safepoint region
[18.948s][info ][safepoint    ] Total time for which application threads were stopped: 0.0000746 seconds, Stopping threads took: 0.0000105 seconds
[18.976s][info ][safepoint    ] Application time: 0.0279612 seconds
[18.976s][info ][safepoint    ] Entering safepoint region: RevokeBias
[18.976s][info ][safepoint    ] Leaving safepoint region
[18.976s][info ][safepoint    ] Total time for which application threads were stopped: 0.0000770 seconds, Stopping threads took: 0.0000127 seconds
[18.979s][info ][safepoint    ] Application time: 0.0030168 seconds
[18.979s][info ][safepoint    ] Entering safepoint region: Deoptimize
[18.980s][info ][safepoint    ] Leaving safepoint region
[18.980s][info ][safepoint    ] Total time for which application threads were stopped: 0.0009623 seconds, Stopping threads took: 0.0000121 seconds
[18.984s][info ][safepoint    ] Application time: 0.0035211 seconds
[18.984s][info ][safepoint    ] Entering safepoint region: Deoptimize
[18.985s][info ][safepoint    ] Leaving safepoint region
[18.985s][info ][safepoint    ] Total time for which application threads were stopped: 0.0008134 seconds, Stopping threads took: 0.0000090 seconds
[19.004s][info ][safepoint    ] Application time: 0.0192444 seconds
[19.004s][info ][safepoint    ] Entering safepoint region: RevokeBias
[19.004s][info ][safepoint    ] Leaving safepoint region
[19.004s][info ][safepoint    ] Total time for which application threads were stopped: 0.0002636 seconds, Stopping threads took: 0.0001054 seconds
[19.006s][info ][safepoint    ] Application time: 0.0017842 seconds
[19.006s][info ][safepoint    ] Entering safepoint region: RevokeBias
[19.006s][info ][safepoint    ] Leaving safepoint region
[19.006s][info ][safepoint    ] Total time for which application threads were stopped: 0.0001026 seconds, Stopping threads took: 0.0000224 seconds
[19.017s][info ][safepoint    ] Application time: 0.0107188 seconds
[19.017s][info ][safepoint    ] Entering safepoint region: GenCollectForAllocation
[19.017s][info ][gc,start     ] GC(94) Pause Young (Allocation Failure)
[19.017s][info ][gc,task      ] GC(94) Using 4 workers of 4 for evacuation
[19.033s][debug][gc,ref       ] GC(94) Skipped phase1 of Reference Processing due to unavailable references
[19.033s][debug][gc,age       ] GC(94) Desired survivor size 15368192 bytes, new threshold 1 (max threshold 6)
[19.033s][info ][gc,heap      ] GC(94) ParNew: 242478K->27130K(270336K)
[19.033s][info ][gc,heap      ] GC(94) CMS: 134298K->134416K(600768K)
[19.033s][info ][gc,metaspace ] GC(94) Metaspace: 51451K->51451K(1095680K)
[19.033s][info ][gc           ] GC(94) Pause Young (Allocation Failure) 367M->157M(850M) 15.777ms
[19.033s][info ][gc,cpu       ] GC(94) User=0.07s Sys=0.00s Real=0.01s
[19.033s][info ][safepoint    ] Leaving safepoint region
[19.033s][info ][safepoint    ] Total time for which application threads were stopped: 0.0159919 seconds, Stopping threads took: 0.0000691 seconds
[19.074s][info ][safepoint    ] Application time: 0.0413561 seconds
[19.074s][info ][safepoint    ] Entering safepoint region: RevokeBias
[19.074s][info ][safepoint    ] Leaving safepoint region
[19.074s][info ][safepoint    ] Total time for which application threads were stopped: 0.0002094 seconds, Stopping threads took: 0.0000514 seconds
[19.209s][info ][safepoint    ] Application time: 0.1347687 seconds
[19.209s][info ][safepoint    ] Entering safepoint region: ICBufferFull
[19.210s][info ][safepoint    ] Leaving safepoint region
[19.210s][info ][safepoint    ] Total time for which application threads were stopped: 0.0001866 seconds, Stopping threads took: 0.0000147 seconds
[19.214s][info ][safepoint    ] Application time: 0.0047709 seconds
[19.214s][info ][safepoint    ] Entering safepoint region: Deoptimize
[19.215s][info ][safepoint    ] Leaving safepoint region
[19.215s][info ][safepoint    ] Total time for which application threads were stopped: 0.0010472 seconds, Stopping threads took: 0.0000116 seconds
[19.772s][info ][safepoint    ] Application time: 0.5568427 seconds
[19.772s][info ][safepoint    ] Entering safepoint region: ICBufferFull
[19.772s][info ][safepoint    ] Leaving safepoint region
[19.772s][info ][safepoint    ] Total time for which application threads were stopped: 0.0001983 seconds, Stopping threads took: 0.0000146 seconds
[20.773s][info ][safepoint    ] Application time: 1.0001749 seconds
[20.773s][info ][safepoint    ] Entering safepoint region: Cleanup
[20.773s][info ][safepoint    ] Leaving safepoint region
[20.773s][info ][safepoint    ] Total time for which application threads were stopped: 0.0002410 seconds, Stopping threads took: 0.0000890 seconds
[21.589s][info ][safepoint    ] Application time: 0.8164558 seconds
[21.589s][info ][safepoint    ] Entering safepoint region: RevokeBias
[21.590s][info ][safepoint    ] Leaving safepoint region
[21.590s][info ][safepoint    ] Total time for which application threads were stopped: 0.0001547 seconds, Stopping threads took: 0.0000546 seconds
[22.590s][info ][safepoint    ] Application time: 1.0001000 seconds
[22.590s][info ][safepoint    ] Entering safepoint region: Cleanup
[22.590s][info ][safepoint    ] Leaving safepoint region
[22.590s][info ][safepoint    ] Total time for which application threads were stopped: 0.0001430 seconds, Stopping threads took: 0.0000271 seconds
[23.590s][info ][safepoint    ] Application time: 1.0001016 seconds
[23.590s][info ][safepoint    ] Entering safepoint region: Cleanup
[23.590s][info ][safepoint    ] Leaving safepoint region
[23.590s][info ][safepoint    ] Total time for which application threads were stopped: 0.0000966 seconds, Stopping threads took: 0.0000168 seconds
[23.944s][info ][safepoint    ] Application time: 0.3536603 seconds
[23.944s][info ][safepoint    ] Entering safepoint region: RevokeBias
[23.944s][info ][safepoint    ] Leaving safepoint region
[23.944s][info ][safepoint    ] Total time for which application threads were stopped: 0.0000855 seconds, Stopping threads took: 0.0000150 seconds
[23.944s][info ][safepoint    ] Application time: 0.0001606 seconds
[23.944s][info ][safepoint    ] Entering safepoint region: RevokeBias
[23.944s][info ][safepoint    ] Leaving safepoint region
[23.944s][info ][safepoint    ] Total time for which application threads were stopped: 0.0000246 seconds, Stopping threads took: 0.0000062 seconds
[24.944s][info ][safepoint    ] Application time: 1.0000871 seconds
[24.944s][info ][safepoint    ] Entering safepoint region: Cleanup
[24.944s][info ][safepoint    ] Leaving safepoint region
[24.944s][info ][safepoint    ] Total time for which application threads were stopped: 0.0001074 seconds, Stopping threads took: 0.0000307 seconds
[25.944s][info ][safepoint    ] Application time: 1.0000921 seconds
[25.944s][info ][safepoint    ] Entering safepoint region: Cleanup
[25.945s][info ][safepoint    ] Leaving safepoint region
[25.945s][info ][safepoint    ] Total time for which application threads were stopped: 0.0000923 seconds, Stopping threads took: 0.0000188 seconds
[26.945s][info ][safepoint    ] Application time: 1.0001706 seconds
[26.945s][info ][safepoint    ] Entering safepoint region: Cleanup
[26.945s][info ][safepoint    ] Leaving safepoint region
[26.945s][info ][safepoint    ] Total time for which application threads were stopped: 0.0001049 seconds, Stopping threads took: 0.0000181 seconds
[27.945s][info ][safepoint    ] Application time: 1.0001552 seconds
[27.945s][info ][safepoint    ] Entering safepoint region: Cleanup
[27.945s][info ][safepoint    ] Leaving safepoint region
[27.945s][info ][safepoint    ] Total time for which application threads were stopped: 0.0000894 seconds, Stopping threads took: 0.0000168 seconds
[28.944s][info ][safepoint    ] Application time: 0.9991782 seconds
[28.944s][info ][safepoint    ] Entering safepoint region: RevokeBias
[28.944s][info ][safepoint    ] Leaving safepoint region
[28.944s][info ][safepoint    ] Total time for which application threads were stopped: 0.0001087 seconds, Stopping threads took: 0.0000156 seconds
[28.945s][info ][safepoint    ] Application time: 0.0008075 seconds
[28.945s][info ][safepoint    ] Entering safepoint region: RevokeBias
[28.945s][info ][safepoint    ] Leaving safepoint region
[28.945s][info ][safepoint    ] Total time for which application threads were stopped: 0.0000294 seconds, Stopping threads took: 0.0000070 seconds
[28.946s][info ][safepoint    ] Application time: 0.0002296 seconds
[28.946s][info ][safepoint    ] Entering safepoint region: RevokeBias
[28.946s][info ][safepoint    ] Leaving safepoint region
[28.946s][info ][safepoint    ] Total time for which application threads were stopped: 0.0000413 seconds, Stopping threads took: 0.0000087 seconds
[28.946s][info ][safepoint    ] Application time: 0.0000697 seconds
[28.946s][info ][safepoint    ] Entering safepoint region: RevokeBias
[28.946s][info ][safepoint    ] Leaving safepoint region
[28.946s][info ][safepoint    ] Total time for which application threads were stopped: 0.0000202 seconds, Stopping threads took: 0.0000047 seconds
[28.946s][info ][safepoint    ] Application time: 0.0000864 seconds
[28.946s][info ][safepoint    ] Entering safepoint region: RevokeBias
[28.946s][info ][safepoint    ] Leaving safepoint region
[28.946s][info ][safepoint    ] Total time for which application threads were stopped: 0.0000201 seconds, Stopping threads took: 0.0000047 seconds
[28.946s][info ][safepoint    ] Application time: 0.0001463 seconds
[28.946s][info ][safepoint    ] Entering safepoint region: RevokeBias
[28.946s][info ][safepoint    ] Leaving safepoint region
[28.946s][info ][safepoint    ] Total time for which application threads were stopped: 0.0000533 seconds, Stopping threads took: 0.0000128 seconds
[29.946s][info ][safepoint    ] Application time: 1.0000797 seconds
[29.946s][info ][safepoint    ] Entering safepoint region: Cleanup
[29.946s][info ][safepoint    ] Leaving safepoint region
[29.946s][info ][safepoint    ] Total time for which application threads were stopped: 0.0000902 seconds, Stopping threads took: 0.0000170 seconds
[30.946s][info ][safepoint    ] Application time: 1.0000923 seconds
[30.946s][info ][safepoint    ] Entering safepoint region: Cleanup
[30.946s][info ][safepoint    ] Leaving safepoint region
[30.946s][info ][safepoint    ] Total time for which application threads were stopped: 0.0001057 seconds, Stopping threads took: 0.0000325 seconds
[31.947s][info ][safepoint    ] Application time: 1.0001621 seconds
[31.947s][info ][safepoint    ] Entering safepoint region: Cleanup
[31.947s][info ][safepoint    ] Leaving safepoint region
[31.947s][info ][safepoint    ] Total time for which application threads were stopped: 0.0001137 seconds, Stopping threads took: 0.0000177 seconds
[32.947s][info ][safepoint    ] Application time: 1.0001042 seconds
[32.947s][info ][safepoint    ] Entering safepoint region: Cleanup
[32.947s][info ][safepoint    ] Leaving safepoint region
[32.947s][info ][safepoint    ] Total time for which application threads were stopped: 0.0000860 seconds, Stopping threads took: 0.0000168 seconds
[33.947s][info ][safepoint    ] Application time: 1.0001169 seconds
[33.947s][info ][safepoint    ] Entering safepoint region: Cleanup
[33.947s][info ][safepoint    ] Leaving safepoint region
[33.947s][info ][safepoint    ] Total time for which application threads were stopped: 0.0000888 seconds, Stopping threads took: 0.0000165 seconds
[34.947s][info ][safepoint    ] Application time: 1.0001039 seconds
[34.947s][info ][safepoint    ] Entering safepoint region: Cleanup
[34.948s][info ][safepoint    ] Leaving safepoint region
[34.948s][info ][safepoint    ] Total time for which application threads were stopped: 0.0000872 seconds, Stopping threads took: 0.0000154 seconds
[35.948s][info ][safepoint    ] Application time: 1.0000970 seconds
[35.948s][info ][safepoint    ] Entering safepoint region: Cleanup
[35.948s][info ][safepoint    ] Leaving safepoint region
[35.948s][info ][safepoint    ] Total time for which application threads were stopped: 0.0000984 seconds, Stopping threads took: 0.0000275 seconds
[36.948s][info ][safepoint    ] Application time: 1.0000704 seconds
[36.948s][info ][safepoint    ] Entering safepoint region: Cleanup
[36.948s][info ][safepoint    ] Leaving safepoint region
[36.948s][info ][safepoint    ] Total time for which application threads were stopped: 0.0000994 seconds, Stopping threads took: 0.0000156 seconds
[37.948s][info ][safepoint    ] Application time: 1.0001576 seconds
[37.948s][info ][safepoint    ] Entering safepoint region: Cleanup
[37.948s][info ][safepoint    ] Leaving safepoint region
[37.948s][info ][safepoint    ] Total time for which application threads were stopped: 0.0001267 seconds, Stopping threads took: 0.0000181 seconds
[38.948s][info ][safepoint    ] Application time: 1.0001634 seconds
[38.949s][info ][safepoint    ] Entering safepoint region: Cleanup
[38.949s][info ][safepoint    ] Leaving safepoint region
[38.949s][info ][safepoint    ] Total time for which application threads were stopped: 0.0001097 seconds, Stopping threads took: 0.0000165 seconds
[39.949s][info ][safepoint    ] Application time: 1.0000967 seconds
[39.949s][info ][safepoint    ] Entering safepoint region: Cleanup
[39.949s][info ][safepoint    ] Leaving safepoint region
[39.949s][info ][safepoint    ] Total time for which application threads were stopped: 0.0001735 seconds, Stopping threads took: 0.0000606 seconds
[40.949s][info ][safepoint    ] Application time: 1.0001054 seconds
[40.949s][info ][safepoint    ] Entering safepoint region: Cleanup
[40.949s][info ][safepoint    ] Leaving safepoint region
[40.949s][info ][safepoint    ] Total time for which application threads were stopped: 0.0001576 seconds, Stopping threads took: 0.0000167 seconds
[41.949s][info ][safepoint    ] Application time: 1.0000948 seconds
[41.949s][info ][safepoint    ] Entering safepoint region: Cleanup
[41.949s][info ][safepoint    ] Leaving safepoint region
[41.949s][info ][safepoint    ] Total time for which application threads were stopped: 0.0001198 seconds, Stopping threads took: 0.0000178 seconds
[42.950s][info ][safepoint    ] Application time: 1.0000784 seconds
[42.950s][info ][safepoint    ] Entering safepoint region: Cleanup
[42.950s][info ][safepoint    ] Leaving safepoint region
[42.950s][info ][safepoint    ] Total time for which application threads were stopped: 0.0000876 seconds, Stopping threads took: 0.0000188 seconds
[43.950s][info ][safepoint    ] Application time: 1.0000807 seconds
[43.950s][info ][safepoint    ] Entering safepoint region: Cleanup
[43.950s][info ][safepoint    ] Leaving safepoint region
[43.950s][info ][safepoint    ] Total time for which application threads were stopped: 0.0001795 seconds, Stopping threads took: 0.0000183 seconds
[44.950s][info ][safepoint    ] Application time: 1.0001176 seconds
[44.950s][info ][safepoint    ] Entering safepoint region: Cleanup
[44.950s][info ][safepoint    ] Leaving safepoint region
[44.950s][info ][safepoint    ] Total time for which application threads were stopped: 0.0001503 seconds, Stopping threads took: 0.0000353 seconds
[45.950s][info ][safepoint    ] Application time: 1.0000983 seconds
[45.950s][info ][safepoint    ] Entering safepoint region: Cleanup
[45.951s][info ][safepoint    ] Leaving safepoint region
[45.951s][info ][safepoint    ] Total time for which application threads were stopped: 0.0000924 seconds, Stopping threads took: 0.0000141 seconds
[46.095s][info ][safepoint    ] Application time: 0.1444815 seconds
[46.095s][info ][safepoint    ] Entering safepoint region: ICBufferFull
[46.095s][info ][safepoint    ] Leaving safepoint region
[46.095s][info ][safepoint    ] Total time for which application threads were stopped: 0.0003607 seconds, Stopping threads took: 0.0001044 seconds
[47.096s][info ][safepoint    ] Application time: 1.0000705 seconds
[47.096s][info ][safepoint    ] Entering safepoint region: Cleanup
[47.096s][info ][safepoint    ] Leaving safepoint region
[47.096s][info ][safepoint    ] Total time for which application threads were stopped: 0.0001305 seconds, Stopping threads took: 0.0000155 seconds
[47.920s][info ][safepoint    ] Application time: 0.8243385 seconds
[47.920s][info ][safepoint    ] Entering safepoint region: Deoptimize
[47.921s][info ][safepoint    ] Leaving safepoint region
[47.921s][info ][safepoint    ] Total time for which application threads were stopped: 0.0012604 seconds, Stopping threads took: 0.0000523 seconds
[47.935s][info ][safepoint    ] Application time: 0.0140700 seconds
[47.936s][info ][safepoint    ] Entering safepoint region: ICBufferFull
[47.936s][info ][safepoint    ] Leaving safepoint region
[47.936s][info ][safepoint    ] Total time for which application threads were stopped: 0.0002692 seconds, Stopping threads took: 0.0000645 seconds
[47.948s][info ][safepoint    ] Application time: 0.0121717 seconds
[47.948s][info ][safepoint    ] Entering safepoint region: GenCollectForAllocation
[47.948s][info ][gc,start     ] GC(95) Pause Young (Allocation Failure)
[47.948s][info ][gc,task      ] GC(95) Using 4 workers of 4 for evacuation
[47.980s][debug][gc,ref       ] GC(95) Skipped phase1 of Reference Processing due to unavailable references
[47.980s][debug][gc,ref       ] GC(95) Skipped phase3 of Reference Processing due to unavailable references
[47.980s][debug][gc,age       ] GC(95) Desired survivor size 15368192 bytes, new threshold 6 (max threshold 6)
[47.980s][info ][gc,heap      ] GC(95) ParNew: 267450K->19791K(270336K)
[47.980s][info ][gc,heap      ] GC(95) CMS: 134416K->176538K(600768K)
[47.980s][info ][gc,metaspace ] GC(95) Metaspace: 52997K->52997K(1097728K)
[47.980s][info ][gc           ] GC(95) Pause Young (Allocation Failure) 392M->191M(850M) 32.300ms
[47.980s][info ][gc,cpu       ] GC(95) User=0.11s Sys=0.01s Real=0.03s
[47.980s][info ][safepoint    ] Leaving safepoint region
[47.980s][info ][safepoint    ] Total time for which application threads were stopped: 0.0325308 seconds, Stopping threads took: 0.0000474 seconds
[48.138s][info ][safepoint    ] Application time: 0.1574263 seconds
[48.138s][info ][safepoint    ] Entering safepoint region: RevokeBias
[48.138s][info ][safepoint    ] Leaving safepoint region
[48.138s][info ][safepoint    ] Total time for which application threads were stopped: 0.0001357 seconds, Stopping threads took: 0.0000128 seconds
[48.138s][info ][safepoint    ] Application time: 0.0002661 seconds
[48.138s][info ][safepoint    ] Entering safepoint region: RevokeBias
[48.138s][info ][safepoint    ] Leaving safepoint region
[48.138s][info ][safepoint    ] Total time for which application threads were stopped: 0.0000577 seconds, Stopping threads took: 0.0000304 seconds
[48.142s][info ][safepoint    ] Application time: 0.0040522 seconds
[48.142s][info ][safepoint    ] Entering safepoint region: RevokeBias
[48.142s][info ][safepoint    ] Leaving safepoint region
[48.142s][info ][safepoint    ] Total time for which application threads were stopped: 0.0000459 seconds, Stopping threads took: 0.0000081 seconds
[48.149s][info ][safepoint    ] Application time: 0.0062934 seconds
[48.149s][info ][safepoint    ] Entering safepoint region: RevokeBias
[48.149s][info ][safepoint    ] Leaving safepoint region
[48.149s][info ][safepoint    ] Total time for which application threads were stopped: 0.0000745 seconds, Stopping threads took: 0.0000128 seconds
[48.150s][info ][safepoint    ] Application time: 0.0006426 seconds
[48.150s][info ][safepoint    ] Entering safepoint region: RevokeBias
[48.150s][info ][safepoint    ] Leaving safepoint region
[48.150s][info ][safepoint    ] Total time for which application threads were stopped: 0.0003387 seconds, Stopping threads took: 0.0002905 seconds
[48.150s][info ][safepoint    ] Application time: 0.0003400 seconds
[48.150s][info ][safepoint    ] Entering safepoint region: RevokeBias
[48.150s][info ][safepoint    ] Leaving safepoint region
[48.150s][info ][safepoint    ] Total time for which application threads were stopped: 0.0000820 seconds, Stopping threads took: 0.0000428 seconds
[48.150s][info ][safepoint    ] Application time: 0.0000661 seconds
[48.150s][info ][safepoint    ] Entering safepoint region: RevokeBias
[48.150s][info ][safepoint    ] Leaving safepoint region
[48.150s][info ][safepoint    ] Total time for which application threads were stopped: 0.0000638 seconds, Stopping threads took: 0.0000471 seconds
[48.151s][info ][safepoint    ] Application time: 0.0000519 seconds
[48.151s][info ][safepoint    ] Entering safepoint region: RevokeBias
[48.151s][info ][safepoint    ] Leaving safepoint region
[48.151s][info ][safepoint    ] Total time for which application threads were stopped: 0.0000472 seconds, Stopping threads took: 0.0000349 seconds
[48.151s][info ][safepoint    ] Application time: 0.0001413 seconds
[48.151s][info ][safepoint    ] Entering safepoint region: RevokeBias
[48.151s][info ][safepoint    ] Leaving safepoint region
[48.151s][info ][safepoint    ] Total time for which application threads were stopped: 0.0001486 seconds, Stopping threads took: 0.0001291 seconds
[48.151s][info ][safepoint    ] Application time: 0.0000654 seconds
[48.151s][info ][safepoint    ] Entering safepoint region: RevokeBias
[48.151s][info ][safepoint    ] Leaving safepoint region
[48.151s][info ][safepoint    ] Total time for which application threads were stopped: 0.0000583 seconds, Stopping threads took: 0.0000438 seconds
[48.154s][info ][safepoint    ] Application time: 0.0032590 seconds
[48.154s][info ][safepoint    ] Entering safepoint region: RevokeBias
[48.154s][info ][safepoint    ] Leaving safepoint region
[48.154s][info ][safepoint    ] Total time for which application threads were stopped: 0.0000385 seconds, Stopping threads took: 0.0000094 seconds
[48.158s][info ][safepoint    ] Application time: 0.0039188 seconds
[48.159s][info ][safepoint    ] Entering safepoint region: RevokeBias
[48.159s][info ][safepoint    ] Leaving safepoint region
[48.159s][info ][safepoint    ] Total time for which application threads were stopped: 0.0003608 seconds, Stopping threads took: 0.0003317 seconds
[48.159s][info ][safepoint    ] Application time: 0.0000839 seconds
[48.159s][info ][safepoint    ] Entering safepoint region: RevokeBias
[48.159s][info ][safepoint    ] Leaving safepoint region
[48.159s][info ][safepoint    ] Total time for which application threads were stopped: 0.0000150 seconds, Stopping threads took: 0.0000048 seconds
[48.160s][info ][safepoint    ] Application time: 0.0010401 seconds
[48.160s][info ][safepoint    ] Entering safepoint region: RevokeBias
[48.160s][info ][safepoint    ] Leaving safepoint region
[48.160s][info ][safepoint    ] Total time for which application threads were stopped: 0.0000463 seconds, Stopping threads took: 0.0000064 seconds
[48.161s][info ][safepoint    ] Application time: 0.0014070 seconds
[48.161s][info ][safepoint    ] Entering safepoint region: RevokeBias
[48.161s][info ][safepoint    ] Leaving safepoint region
[48.161s][info ][safepoint    ] Total time for which application threads were stopped: 0.0000348 seconds, Stopping threads took: 0.0000075 seconds
[48.162s][info ][gc,heap,exit ] Heap
[48.162s][info ][gc,heap,exit ]  par new generation   total 270336K, used 57013K [0x0000000700000000, 0x0000000712550000, 0x0000000714cc0000)
[48.162s][info ][gc,heap,exit ]   eden space 240320K,  15% used [0x0000000700000000, 0x00000007024595d0, 0x000000070eab0000)
[48.162s][info ][gc,heap,exit ]   from space 30016K,  65% used [0x000000070eab0000, 0x000000070fe03f60, 0x0000000710800000)
[48.162s][info ][gc,heap,exit ]   to   space 30016K,   0% used [0x0000000710800000, 0x0000000710800000, 0x0000000712550000)
[48.162s][info ][gc,heap,exit ]  concurrent mark-sweep generation total 600768K, used 176538K [0x0000000714cc0000, 0x0000000739770000, 0x0000000800000000)
[48.162s][info ][gc,heap,exit ]  Metaspace       used 53201K, capacity 56343K, committed 56476K, reserved 1097728K
[48.162s][info ][gc,heap,exit ]   class space    used 7250K, capacity 8694K, committed 8740K, reserved 1048576K
[48.162s][info ][safepoint    ] Application time: 0.0004688 seconds
[48.162s][info ][safepoint    ] Entering safepoint region: Halt
